--------- beginning of /dev/log/kernel
01-02 22:27:04.000     0     0 I KERNEL  : [    0.000000] Initializing cgroup subsys cpuset
01-02 22:27:04.000     0     0 I KERNEL  : [    0.000000] Initializing cgroup subsys cpu
01-02 22:27:04.000     0     0 I KERNEL  : [    0.000000] Linux version 3.4.43-g59c82eb-dirty (alanz@adc-ThinkPad-W530) (gcc version 4.7 (GCC) ) #1 SMP PREEMPT Thu Mar 13 16:42:28 CST 2014
01-02 22:27:04.000     0     0 I KERNEL  : [    0.000000] BIOS-provided physical RAM map:
01-02 22:27:04.000     0     0 I KERNEL  : [    0.000000]  BIOS-e820: 0000000000000000 - 0000000000060000 (usable)
01-02 22:27:04.000     0     0 I KERNEL  : [    0.000000]  BIOS-e820: 0000000000060000 - 0000000000080000 (reserved)
01-02 22:27:04.000     0     0 I KERNEL  : [    0.000000]  BIOS-e820: 0000000000080000 - 0000000000098000 (usable)
01-02 22:27:04.000     0     0 I KERNEL  : [    0.000000]  BIOS-e820: 0000000000098000 - 00000000000a0000 (reserved)
01-02 22:27:04.000     0     0 I KERNEL  : [    0.000000]  BIOS-e820: 00000000000e0000 - 0000000000100000 (reserved)
01-02 22:27:04.000     0     0 I KERNEL  : [    0.000000]  BIOS-e820: 0000000000100000 - 000000001e000000 (usable)
01-02 22:27:04.000     0     0 I KERNEL  : [    0.000000]  BIOS-e820: 000000001e000000 - 0000000020200000 type 8
01-02 22:27:04.000     0     0 I KERNEL  : [    0.000000]  BIOS-e820: 0000000020200000 - 000000003a8d0000 (usable)
01-02 22:27:04.000     0     0 I KERNEL  : [    0.000000]  BIOS-e820: 000000003a8d0000 - 000000003a900000 (ACPI data)
01-02 22:27:04.000     0     0 I KERNEL  : [    0.000000]  BIOS-e820: 000000003a900000 - 0000000040000000 (reserved)
01-02 22:27:04.000     0     0 I KERNEL  : [    0.000000]  BIOS-e820: 000000007a000000 - 000000007b000000 (reserved)
01-02 22:27:04.000     0     0 I KERNEL  : [    0.000000]  BIOS-e820: 00000000e0000000 - 00000000f0000000 (reserved)
01-02 22:27:04.000     0     0 I KERNEL  : [    0.000000]  BIOS-e820: 00000000fec00000 - 00000000fec01000 (reserved)
01-02 22:27:04.000     0     0 I KERNEL  : [    0.000000]  BIOS-e820: 00000000fed1c000 - 00000000fed20000 (reserved)
01-02 22:27:04.000     0     0 I KERNEL  : [    0.000000]  BIOS-e820: 00000000fee00000 - 00000000fee01000 (reserved)
01-02 22:27:04.000     0     0 I KERNEL  : [    0.000000]  BIOS-e820: 00000000ff800000 - 0000000100000000 (unusable)
01-02 22:27:04.000     0     0 I KERNEL  : [    0.000000] kmemleak: Kernel memory leak detector disabled
01-02 22:27:04.000     0     0 I KERNEL  : [    0.000000] Notice: NX (Execute Disable) protection cannot be enabled: non-PAE kernel!
01-02 22:27:04.000     0     0 I KERNEL  : [    0.000000] DMI not present or invalid.
01-02 22:27:04.000     0     0 I KERNEL  : [    0.000000] e820 update range: 0000000000000000 - 0000000000010000 (usable) ==> (reserved)
01-02 22:27:04.000     0     0 I KERNEL  : [    0.000000] e820 remove range: 00000000000a0000 - 0000000000100000 (usable)
01-02 22:27:04.000     0     0 I KERNEL  : [    0.000000] last_pfn = 0x3a8d0 max_arch_pfn = 0x100000
01-02 22:27:04.000     0     0 I KERNEL  : [    0.000000] MTRR default type: uncachable
01-02 22:27:04.000     0     0 I KERNEL  : [    0.000000] MTRR fixed ranges enabled:
01-02 22:27:04.000     0     0 I KERNEL  : [    0.000000]   00000-9FFFF write-back
01-02 22:27:04.000     0     0 I KERNEL  : [    0.000000]   A0000-BFFFF uncachable
01-02 22:27:04.000     0     0 I KERNEL  : [    0.000000]   C0000-FFFFF write-back
01-02 22:27:04.000     0     0 I KERNEL  : [    0.000000] MTRR variable ranges enabled:
01-02 22:27:04.000     0     0 I KERNEL  : [    0.000000]   0 base 0FFF00000 mask FFFF00000 write-protect
01-02 22:27:04.000     0     0 I KERNEL  : [    0.000000]   1 base 000000000 mask FC0000000 write-back
01-02 22:27:04.000     0     0 I KERNEL  : [    0.000000]   2 base 03AD00000 mask FFFF00000 uncachable
01-02 22:27:04.000     0     0 I KERNEL  : [    0.000000]   3 base 03AE00000 mask FFFE00000 uncachable
01-02 22:27:04.000     0     0 I KERNEL  : [    0.000000]   4 base 03B000000 mask FFF000000 uncachable
01-02 22:27:04.000     0     0 I KERNEL  : [    0.000000]   5 base 03C000000 mask FFC000000 uncachable
01-02 22:27:04.000     0     0 I KERNEL  : [    0.000000]   6 disabled
01-02 22:27:04.000     0     0 I KERNEL  : [    0.000000]   7 disabled
01-02 22:27:04.000     0     0 I KERNEL  : [    0.000000] x86 PAT enabled: cpu 0, old 0x7040600070406, new 0x7010600070106
01-02 22:27:04.000     0     0 I KERNEL  : [    0.000000] initial memory mapped : 0 - 02800000
01-02 22:27:04.000     0     0 I KERNEL  : [    0.000000] Base memory trampoline at [c0094000] 94000 size 16384
01-02 22:27:04.000     0     0 I KERNEL  : [    0.000000] Initialized persistent memory from 341fe000-343fdfff
01-02 22:27:04.000     0     0 I KERNEL  : [    0.000000] init_memory_mapping: 0000000000000000-00000000343fe000
01-02 22:27:04.000     0     0 I KERNEL  : [    0.000000]  0000000000 - 0000400000 page 4k
01-02 22:27:04.000     0     0 I KERNEL  : [    0.000000]  0000400000 - 0034000000 page 2M
01-02 22:27:04.000     0     0 I KERNEL  : [    0.000000]  0034000000 - 00343fe000 page 4k
01-02 22:27:04.000     0     0 I KERNEL  : [    0.000000] kernel direct mapping tables up to 0x343fdfff @ [mem 0x027fa000-0x027fffff]
01-02 22:27:04.000     0     0 I KERNEL  : [    0.000000] RAMDISK: 07c49000 - 08000000
01-02 22:27:04.000     0     0 I KERNEL  : [    0.000000] ACPI: RSDP 000e00b0 00024 (v02 INTEL )
01-02 22:27:04.000     0     0 I KERNEL  : [    0.000000] ACPI: XSDT 3a8fff80 00054 (v01 INTEL           00000000      00000000)
01-02 22:27:04.000     0     0 I KERNEL  : [    0.000000] ACPI: FACP 3a8d6950 000F4 (v03 INTEL           00000000      00000000)
01-02 22:27:04.000     0     0 I KERNEL  : [    0.000000] ACPI: DSDT 3a8d6a50 0A432 (v02  INTEL  VLV-SOC 00000000 INTL 20130418)
01-02 22:27:04.000     0     0 I KERNEL  : [    0.000000] ACPI: FACS 3a8fff40 00040
01-02 22:27:04.000     0     0 I KERNEL  : [    0.000000] ACPI: APIC 3a8d4920 0008A (v01 INTEL           00000000      00000000)
01-02 22:27:04.000     0     0 I KERNEL  : [    0.000000] ACPI: MCFG 3a8d48e0 0003C (v01 INTEL      MCFG 00000000      00000000)
01-02 22:27:04.000     0     0 I KERNEL  : [    0.000000] ACPI: HPET 3a8d48a0 00038 (v01 INTEL           00000000      00000000)
01-02 22:27:04.000     0     0 I KERNEL  : [    0.000000] ACPI: PIDV 3a8d47c0 00098 (v01 INTEL           00000000      00000000)
01-02 22:27:04.000     0     0 I KERNEL  : [    0.000000] ACPI: OBAT 3a8d4750 0006E (v01 INTEL  BATTERY  00000000      00000000)
01-02 22:27:04.000     0     0 I KERNEL  : [    0.000000] ACPI: Local APIC address 0xfee00000
01-02 22:27:04.000     0     0 I KERNEL  : [    0.000000] 100MB HIGHMEM available.
01-02 22:27:04.000     0     0 I KERNEL  : [    0.000000] 835MB LOWMEM available.
01-02 22:27:04.000     0     0 I KERNEL  : [    0.000000]   mapped low ram: 0 - 343fe000
01-02 22:27:04.000     0     0 I KERNEL  : [    0.000000]   low ram: 0 - 343fe000
01-02 22:27:04.000     0     0 I KERNEL  : [    0.000000] Zone PFN ranges:
01-02 22:27:04.000     0     0 I KERNEL  : [    0.000000]   DMA      0x00000010 -> 0x00001000
01-02 22:27:04.000     0     0 I KERNEL  : [    0.000000]   Normal   0x00001000 -> 0x000343fe
01-02 22:27:04.000     0     0 I KERNEL  : [    0.000000]   HighMem  0x000343fe -> 0x0003a8d0
01-02 22:27:04.000     0     0 I KERNEL  : [    0.000000] Movable zone start PFN for each node
01-02 22:27:04.000     0     0 I KERNEL  : [    0.000000] Early memory PFN ranges
01-02 22:27:04.000     0     0 I KERNEL  : [    0.000000]     0: 0x00000010 -> 0x00000060
01-02 22:27:04.000     0     0 I KERNEL  : [    0.000000]     0: 0x00000080 -> 0x00000098
01-02 22:27:04.000     0     0 I KERNEL  : [    0.000000]     0: 0x00000100 -> 0x0001e000
01-02 22:27:04.000     0     0 I KERNEL  : [    0.000000]     0: 0x00020200 -> 0x0003a8d0
01-02 22:27:04.000     0     0 I KERNEL  : [    0.000000] On node 0 totalpages: 230968
01-02 22:27:04.000     0     0 I KERNEL  : [    0.000000] free_area_init_node: node 0, pgdat c1f12dc0, node_mem_map f3aa5200
01-02 22:27:04.000     0     0 I KERNEL  : [    0.000000]   DMA zone: 32 pages used for memmap
01-02 22:27:04.000     0     0 I KERNEL  : [    0.000000]   DMA zone: 0 pages reserved
01-02 22:27:04.000     0     0 I KERNEL  : [    0.000000]   DMA zone: 3912 pages, LIFO batch:0
01-02 22:27:04.000     0     0 I KERNEL  : [    0.000000]   Normal zone: 1640 pages used for memmap
01-02 22:27:04.000     0     0 I KERNEL  : [    0.000000]   Normal zone: 199574 pages, LIFO batch:31
01-02 22:27:04.000     0     0 I KERNEL  : [    0.000000]   HighMem zone: 202 pages used for memmap
01-02 22:27:04.000     0     0 I KERNEL  : [    0.000000]   HighMem zone: 25608 pages, LIFO batch:7
01-02 22:27:04.000     0     0 I KERNEL  : [    0.000000] Using APIC driver default
01-02 22:27:04.000     0     0 I KERNEL  : [    0.000000] ACPI: PM-Timer IO Port: 0x408
01-02 22:27:04.000     0     0 I KERNEL  : [    0.000000] ACPI: Local APIC address 0xfee00000
01-02 22:27:04.000     0     0 I KERNEL  : [    0.000000] ACPI: LAPIC (acpi_id[0x01] lapic_id[0x00] enabled)
01-02 22:27:04.000     0     0 I KERNEL  : [    0.000000] ACPI: LAPIC (acpi_id[0x02] lapic_id[0x02] enabled)
01-02 22:27:04.000     0     0 I KERNEL  : [    0.000000] ACPI: LAPIC (acpi_id[0x03] lapic_id[0x04] enabled)
01-02 22:27:04.000     0     0 I KERNEL  : [    0.000000] ACPI: LAPIC (acpi_id[0x04] lapic_id[0x06] enabled)
01-02 22:27:04.000     0     0 I KERNEL  : [    0.000000] ACPI: IOAPIC (id[0x00] address[0xfec00000] gsi_base[0])
01-02 22:27:04.000     0     0 I KERNEL  : [    0.000000] IOAPIC[0]: apic_id 0, version 32, address 0xfec00000, GSI 0-86
01-02 22:27:04.000     0     0 I KERNEL  : [    0.000000] ACPI: INT_SRC_OVR (bus 0 bus_irq 0 global_irq 2 dfl dfl)
01-02 22:27:04.000     0     0 I KERNEL  : [    0.000000] ACPI: INT_SRC_OVR (bus 0 bus_irq 9 global_irq 9 high level)
01-02 22:27:04.000     0     0 I KERNEL  : [    0.000000] ACPI: INT_SRC_OVR (bus 0 bus_irq 6 global_irq 6 high level)
01-02 22:27:04.000     0     0 I KERNEL  : [    0.000000] ACPI: INT_SRC_OVR (bus 0 bus_irq 7 global_irq 7 high level)
01-02 22:27:04.000     0     0 I KERNEL  : [    0.000000] ACPI: INT_SRC_OVR (bus 0 bus_irq 13 global_irq 13 high level)
01-02 22:27:04.000     0     0 I KERNEL  : [    0.000000] ACPI: IRQ0 used by override.
01-02 22:27:04.000     0     0 I KERNEL  : [    0.000000] ACPI: IRQ2 used by override.
01-02 22:27:04.000     0     0 I KERNEL  : [    0.000000] ACPI: IRQ6 used by override.
01-02 22:27:04.000     0     0 I KERNEL  : [    0.000000] ACPI: IRQ7 used by override.
01-02 22:27:04.000     0     0 I KERNEL  : [    0.000000] ACPI: IRQ9 used by override.
01-02 22:27:04.000     0     0 I KERNEL  : [    0.000000] ACPI: IRQ13 used by override.
01-02 22:27:04.000     0     0 I KERNEL  : [    0.000000] Using ACPI (MADT) for SMP configuration information
01-02 22:27:04.000     0     0 I KERNEL  : [    0.000000] SMP: Allowing 4 CPUs, 0 hotplug CPUs
01-02 22:27:04.000     0     0 I KERNEL  : [    0.000000] nr_irqs_gsi: 103
01-02 22:27:04.000     0     0 I KERNEL  : [    0.000000] Allocating PCI resources starting at 7b000000 (gap: 7b000000:65000000)
01-02 22:27:04.000     0     0 I KERNEL  : [    0.000000] setup_percpu: NR_CPUS:4 nr_cpumask_bits:4 nr_cpu_ids:4 nr_node_ids:1
01-02 22:27:04.000     0     0 I KERNEL  : [    0.000000] PERCPU: Embedded 13 pages/cpu @f3a67000 s31616 r0 d21632 u53248
01-02 22:27:04.000     0     0 I KERNEL  : [    0.000000] pcpu-alloc: s31616 r0 d21632 u53248 alloc=13*4096
01-02 22:27:04.000     0     0 I KERNEL  : [    0.000000] pcpu-alloc: [0] 0 [0] 1 [0] 2 [0] 3 
01-02 22:27:04.000     0     0 I KERNEL  : [    0.000000] Built 1 zonelists in Zone order, mobility grouping on.  Total pages: 229094
01-02 22:27:04.000     0     0 I KERNEL  : [    0.000000] Kernel command line: console=ttyS0,115200 console=logk0 earlyprintk=nologger loglevel=8 drm.debug=0x0 kmemleak=off ptrace.ptrace_can_access=1 emmc_ipanic.ipanic_part_number=3 androidboot.bootmedia=sdcard androidboot.hardware=byt_t_ffrd10 androidboot.spid=xxxx:xxxx:xxxx:xxxx:xxxx:xxxx androidboot.serialno=01234567890123456789012345678901 oops=panic panic=40 nmi_watchdog=panic softlockup_panic=1 vmalloc=172M vga=current i915.modeset=1 drm.vblankoffdelay=1 acpi_backlight=vendor i915.psr_support=0 i915.mipi_panel_id=10 g_android.fastboot=1 droidboot.minbatt=0 droidboot.scratch=100 droidboot.use_installer=1 droidboot.installer_usb=/dev/block/sda1 droidboot.installer_file=installer.cmd androidboot.boardid=04.03 androidboot.wakesrc=05 androidboot.mode=fastboot
01-02 22:27:04.000     0     0 I KERNEL  : [    0.000000] PID hash table entries: 4096 (order: 2, 16384 bytes)
01-02 22:27:04.000     0     0 I KERNEL  : [    0.000000] Dentry cache hash table entries: 131072 (order: 7, 524288 bytes)
01-02 22:27:04.000     0     0 I KERNEL  : [    0.000000] Inode-cache hash table entries: 65536 (order: 6, 262144 bytes)
01-02 22:27:04.000     0     0 I KERNEL  : [    0.000000] Initializing CPU#0
01-02 22:27:04.000     0     0 I KERNEL  : [    0.000000] allocated 1918464 bytes of page_cgroup
01-02 22:27:04.000     0     0 I KERNEL  : [    0.000000] please try 'cgroup_disable=memory' option if you don't want memory cgroups
01-02 22:27:04.000     0     0 I KERNEL  : [    0.000000] Initializing HighMem for node 0 (000343fe:0003a8d0)
01-02 22:27:04.000     0     0 I KERNEL  : [    0.000000] Memory: 889336k/959296k available (8930k kernel code, 34536k reserved, 4625k data, 636k init, 103240k highmem)
01-02 22:27:04.000     0     0 I KERNEL  : [    0.000000] virtual kernel memory layout:
01-02 22:27:04.000     0     0 I KERNEL  : [    0.000000]     fixmap  : 0xfff64000 - 0xfffff000   ( 620 kB)
01-02 22:27:04.000     0     0 I KERNEL  : [    0.000000]     pkmap   : 0xff800000 - 0xffc00000   (4096 kB)
01-02 22:27:04.000     0     0 I KERNEL  : [    0.000000]     vmalloc : 0xf4bfe000 - 0xff7fe000   ( 172 MB)
01-02 22:27:04.000     0     0 I KERNEL  : [    0.000000]     lowmem  : 0xc0000000 - 0xf43fe000   ( 835 MB)
01-02 22:27:04.000     0     0 I KERNEL  : [    0.000000]       .init : 0xc1f3d000 - 0xc1fdc000   ( 636 kB)
01-02 22:27:04.000     0     0 I KERNEL  : [    0.000000]       .data : 0xc1ab8928 - 0xc1f3cf00   (4625 kB)
01-02 22:27:04.000     0     0 I KERNEL  : [    0.000000]       .text : 0xc1200000 - 0xc1ab8928   (8930 kB)
01-02 22:27:04.000     0     0 I KERNEL  : [    0.000000] Checking if this processor honours the WP bit even in supervisor mode...Ok.
01-02 22:27:04.000     0     0 I KERNEL  : [    0.000000] SLUB: Genslabs=15, HWalign=64, Order=0-3, MinObjects=0, CPUs=4, Nodes=1
01-02 22:27:04.000     0     0 I KERNEL  : [    0.000000] Preemptible hierarchical RCU implementation.
01-02 22:27:04.000     0     0 I KERNEL  : [    0.000000] 	Additional per-CPU info printed with stalls.
01-02 22:27:04.000     0     0 I KERNEL  : [    0.000000] NR_IRQS:2304 nr_irqs:1024 16
01-02 22:27:04.000     0     0 I KERNEL  : [    0.000000] CPU 0 irqstacks, hard=f300a000 soft=f3010000
01-02 22:27:04.000     0     0 I KERNEL  : [    0.000000] Extended CMOS year: 2000
01-02 22:27:04.000     0     0 I KERNEL  : [    0.000000] Console: colour dummy device 80x25
01-02 22:27:04.000     0     0 I KERNEL  : [    0.000000] console [ttyS0] enabled
01-02 22:27:04.000     0     0 I KERNEL  : [    0.000000] register logcat console
01-02 22:27:04.000     0     0 I KERNEL  : [    0.000000] console [logk0] enabled
01-02 22:27:04.000     0     0 I KERNEL  : [    0.000000] Fast TSC calibration using PIT
01-02 22:27:04.000     0     0 I KERNEL  : [    0.000000] Detected 1333.387 MHz processor.
01-02 22:27:04.000     0     0 I KERNEL  : [    0.000003] Calibrating delay loop (skipped), value calculated using timer frequency.. 
01-02 22:27:04.000     0     0 I KERNEL  : 2666.77 BogoMIPS (lpj=13333870)
01-02 22:27:04.000     0     0 I KERNEL  : [    0.011951] pid_max: default: 32768 minimum: 301
01-02 22:27:04.000     0     0 I KERNEL  : [    0.017143] Security Framework initialized
01-02 22:27:04.000     0     0 I KERNEL  : [    0.021749] Mount-cache hash table entries: 512
01-02 22:27:04.000     0     0 I KERNEL  : [    0.027192] Initializing cgroup subsys cpuacct
01-02 22:27:04.000     0     0 I KERNEL  : [    0.032150] Initializing cgroup subsys memory
01-02 22:27:04.000     0     0 I KERNEL  : [    0.037020] Initializing cgroup subsys devices
01-02 22:27:04.000     0     0 I KERNEL  : [    0.041976] Initializing cgroup subsys freezer
01-02 22:27:04.000     0     0 I KERNEL  : [    0.046932] Initializing cgroup subsys blkio
01-02 22:27:04.000     0     0 I KERNEL  : [    0.051701] Initializing cgroup subsys perf_event
01-02 22:27:04.000     0     0 I KERNEL  : [    0.056985] CPU: Physical Processor ID: 0
01-02 22:27:04.000     0     0 I KERNEL  : [    0.061456] CPU: Processor Core ID: 0
01-02 22:27:04.000     0     0 I KERNEL  : [    0.065541] ENERGY_PERF_BIAS: Set to 'normal', was 'performance'
01-02 22:27:04.000     0     0 I KERNEL  : [    0.065543] ENERGY_PERF_BIAS: View and update with x86_energy_perf_policy(8)
01-02 22:27:04.000     0     0 I KERNEL  : [    0.089753] mce: CPU supports 6 MCE banks
01-02 22:27:04.000     0     0 I KERNEL  : [    0.094231] CPU0: Thermal monitoring enabled (TM1)
01-02 22:27:04.000     0     0 I KERNEL  : [    0.099576] using mwait in idle threads.
01-02 22:27:04.000     0     0 I KERNEL  : [    0.104142] ACPI: Core revision 20120320
01-02 22:27:04.000     0     0 I KERNEL  : [    0.122425] ftrace: allocating 33749 entries in 66 pages
01-02 22:27:04.000     1     1 I KERNEL  : [    0.160971] Enabling APIC mode:  Flat.  Using 1 I/O APICs
01-02 22:27:04.000     1     1 I KERNEL  : [    0.167889] CPU0: 
01-02 22:27:04.000     1     1 I KERNEL  : Intel(R) Atom(TM) CPU  Z3735E @ 1.33GHz
01-02 22:27:04.000     1     1 I KERNEL  :  stepping 08
01-02 22:27:04.000     1     1 I KERNEL  : [    0.175118] TSC deadline timer enabled
01-02 22:27:04.000     1     1 I KERNEL  : [    0.179301] Performance Events: 
01-02 22:27:04.000     1     1 I KERNEL  : no PEBS fmt2+, 
01-02 22:27:04.000     1     1 I KERNEL  : generic architected perfmon, 
01-02 22:27:04.000     1     1 I KERNEL  : Intel PMU driver.
01-02 22:27:04.000     1     1 I KERNEL  : [    0.188844] ... version:                3
01-02 22:27:04.010     1     1 I KERNEL  : [    0.193332] ... bit width:              40
01-02 22:27:04.010     1     1 I KERNEL  : [    0.197901] ... generic registers:      2
01-02 22:27:04.010     1     1 I KERNEL  : [    0.202371] ... value mask:             000000ffffffffff
01-02 22:27:04.020     1     1 I KERNEL  : [    0.208306] ... max period:             000000007fffffff
01-02 22:27:04.020     1     1 I KERNEL  : [    0.214232] ... fixed-purpose events:   3
01-02 22:27:04.030     1     1 I KERNEL  : [    0.218711] ... event mask:             0000000700000003
01-02 22:27:04.090     1     1 I KERNEL  : [    0.279083] NMI watchdog: enabled, takes one hw-pmu counter.
01-02 22:27:04.130     1     1 I KERNEL  : [    0.319034] CPU 1 irqstacks, hard=f30ce000 soft=f3118000
01-02 22:27:04.130     1     1 I KERNEL  : [    0.324956] Booting Node   0, Processors 
01-02 22:27:04.140     1     1 I KERNEL  :  #1
01-02 22:27:04.160     1     1 I KERNEL  : [    0.355124] NMI watchdog: enabled, takes one hw-pmu counter.
01-02 22:27:04.210     1     1 I KERNEL  : [    0.401676] CPU 2 irqstacks, hard=f3142000 soft=f3144000
01-02 22:27:04.210     1     1 I KERNEL  : [    0.407608]  #2
01-02 22:27:04.240     1     1 I KERNEL  : [    0.436515] NMI watchdog: enabled, takes one hw-pmu counter.
01-02 22:27:04.290     1     1 I KERNEL  : [    0.483059] CPU 3 irqstacks, hard=f3150000 soft=f3152000
01-02 22:27:04.290     1     1 I KERNEL  : [    0.488991]  #3 Ok.
01-02 22:27:04.320     1     1 I KERNEL  : [    0.518279] NMI watchdog: enabled, takes one hw-pmu counter.
01-02 22:27:04.330     1     1 I KERNEL  : [    0.524696] Brought up 4 CPUs
01-02 22:27:04.330     1     1 I KERNEL  : [    0.528010] Total of 4 processors activated (10667.09 BogoMIPS).
01-02 22:27:04.350     1     1 I KERNEL  : [    0.549578] pinctrl core: initialized pinctrl subsystem
01-02 22:27:04.360     1     1 I KERNEL  : [    0.556012] dummy: 
01-02 22:27:04.360     1     1 I KERNEL  : [    0.558765] NET: Registered protocol family 16
01-02 22:27:04.370     1     1 I KERNEL  : [    0.570491] Failed to parse OEMB SFI table
01-02 22:27:04.380     1     1 I KERNEL  : [    0.575085] get_oem_b_table: console=ttyS0,115200 console=logk0 earlyprintk=nologger loglevel=8 drm.debug=0x0 kmemleak=off ptrace.ptrace_can_access=1 emmc_ipanic.ipanic_part_number=3 androidboot.bootmedia=sdcard androidboot.hardware=byt_t_ffrd10 androidboot.spid=xxxx:xxxx:xxxx:xxxx:xxxx:xxxx androidboot.serialno=01234567890123456789012345678901 oops=panic panic=40 nmi_watchdog=panic softlockup_panic=1 vmalloc=172M vga=current i915.modeset=1 drm.vblankoffdelay=1 acpi_backlight=vendor i915.psr_support=0 i915.mipi_panel_id=10 g_android.fastboot=1 droidboot.minbatt=0 droidboot.scratch=100 droidboot.use_installer=1 droidboot.installer_usb=/dev/block/sda1 droidboot.installer_file=installer.cmd androidboot.boardid=04.03 androidboot.wakesrc=05 androidboot.mode=fastboot
01-02 22:27:04.450     1     1 I KERNEL  : [    0.650612] SFI OEMB does not contains SSN
01-02 22:27:04.460     1     1 I KERNEL  : [    0.655212] MFLD Validation SFI OEMB Layout
01-02 22:27:04.460     1     1 I KERNEL  : [    0.659924] 	OEMB signature               : 
01-02 22:27:04.470     1     1 I KERNEL  : [    0.659930] 	OEMB length                  : 0
01-02 22:27:04.470     1     1 I KERNEL  : [    0.659936] 	OEMB revision                : 0
01-02 22:27:04.470     1     1 I KERNEL  : [    0.659941] 	OEMB checksum                : 0x0
01-02 22:27:04.480     1     1 I KERNEL  : [    0.659946] 	OEMB oem_id                  : 
01-02 22:27:04.480     1     1 I KERNEL  : [    0.659952] 	OEMB oem_table_id            : 
01-02 22:27:04.490     1     1 I KERNEL  : [    0.659957] 	OEMB board_id                : 0x00
01-02 22:27:04.490     1     1 I KERNEL  : [    0.659962] 	OEMB iafw version            : 000.000
01-02 22:27:04.500     1     1 I KERNEL  : [    0.659968] 	OEMB val_hooks version       : 000.000
01-02 22:27:04.510     1     1 I KERNEL  : [    0.659973] 	OEMB ia suppfw version       : 000.000
01-02 22:27:04.510     1     1 I KERNEL  : [    0.659979] 	OEMB scu runtime version     : 000.000
01-02 22:27:04.520     1     1 I KERNEL  : [    0.659984] 	OEMB ifwi version            : 000.000
01-02 22:27:04.520     1     1 I KERNEL  : [    0.659990] 	OEMB spid customer id        : 0000
01-02 22:27:04.530     1     1 I KERNEL  : [    0.659995] 	OEMB spid vendor id          : 0000
01-02 22:27:04.530     1     1 I KERNEL  : [    0.660001] 	OEMB spid manufacturer id    : 0000
01-02 22:27:04.540     1     1 I KERNEL  : [    0.660006] 	OEMB spid platform family id : 0007
01-02 22:27:04.540     1     1 I KERNEL  : [    0.660011] 	OEMB spid product line id    : 8000
01-02 22:27:04.550     1     1 I KERNEL  : [    0.660017] 	OEMB spid hardware id        : 0003
01-02 22:27:04.550     1     1 I KERNEL  : [    0.660022] 	OEMB spid fru[4..0]          : 00 00 00 00 00
01-02 22:27:04.560     1     1 I KERNEL  : [    0.660028] 	OEMB spid fru[9..5]          : 00 00 00 00 00
01-02 22:27:04.560     1     1 I KERNEL  : [    0.660034] 	OEMB ssn                     : 
01-02 22:27:04.570     1     1 I KERNEL  : [    0.769448] SPID updated according to ACPI Table:
01-02 22:27:04.570     1     1 I KERNEL  : [    0.774742] 	spid customer id        : 0000
01-02 22:27:04.580     1     1 I KERNEL  : [    0.774748] 	spid vendor id          : 0000
01-02 22:27:04.580     1     1 I KERNEL  : [    0.774753] 	spid manufacturer id    : 0000
01-02 22:27:04.590     1     1 I KERNEL  : [    0.774758] 	spid platform family id : 0007
01-02 22:27:04.590     1     1 I KERNEL  : [    0.774763] 	spid product line id    : 0000
01-02 22:27:04.600     1     1 I KERNEL  : [    0.774768] 	spid hardware id        : 0003
01-02 22:27:04.600     1     1 I KERNEL  : [    0.774774] 	spid fru[4..0]          : 30 30 30 30 30
01-02 22:27:04.610     1     1 I KERNEL  : [    0.774779] 	spid fru[9..5]          : 30 30 30 30 30
01-02 22:27:04.610     1     1 I KERNEL  : [    0.774785] 	ssn                     : BaytrailTeMMCb2b7a20343
01-02 22:27:04.620     1     1 I KERNEL  : [    0.820605] Failed to parse OEM0 SFI table
01-02 22:27:04.630     1     1 I KERNEL  : [    0.825193] Failed to parse GPIO SFI table
01-02 22:27:04.630     1     1 I KERNEL  : [    0.829775] GPIO pin info:
01-02 22:27:04.630     1     1 I KERNEL  : [    0.832834] Failed to parse DEVS SFI table
01-02 22:27:04.640     1     1 I KERNEL  : [    0.837450] IPC bus, name =    vlv2_plat_clk, irq = 0x 0
01-02 22:27:04.640     1     1 I KERNEL  : [    0.843561] camera pdata: I2C bus = 4, name =           gc2235, irq = 0x 0, addr = 0x3c
01-02 22:27:04.650     1     1 I KERNEL  : [    0.852517] camera pdata: I2C bus = 3, name =           ov5648, irq = 0x 0, addr = 0x36
01-02 22:27:04.660     1     1 I KERNEL  : [    0.861516] SDIO bus = 0, name =     bcm43xx_vmmc, ref_clock = 0, addr =0x0
01-02 22:27:04.670     1     1 I KERNEL  : [    0.869302] Using WiFi platform data
01-02 22:27:04.680     1     1 I KERNEL  : [    0.875299] mid_pci_init is called
01-02 22:27:04.680     1     1 I KERNEL  : [    0.879112] ACPI: bus type pci registered
01-02 22:27:04.680     1     1 I KERNEL  : [    0.883835] vlv2_plat_clk vlv2_plat_clk: vlv2_plat_clk_probe(197)
01-02 22:27:04.690     1     1 I KERNEL  : [    0.890781] PCI: MMCONFIG for domain 0000 [bus 00-ff] at [mem 0xe0000000-0xefffffff] (base 0xe0000000)
01-02 22:27:04.700     1     1 I KERNEL  : [    0.901263] PCI: MMCONFIG at [mem 0xe0000000-0xefffffff] reserved in E820
01-02 22:27:04.710     1     1 I KERNEL  : [    0.908859] PCI: Using MMCONFIG for extended config space
01-02 22:27:04.720     1     1 I KERNEL  : [    0.914949] PCI: Using configuration type 1 for base access
01-02 22:27:04.730     1     1 I KERNEL  : [    0.924972] mtrr: your CPUs had inconsistent MTRRdefType settings
01-02 22:27:04.730     1     1 I KERNEL  : [    0.931805] mtrr: probably your BIOS does not setup all CPUs.
01-02 22:27:04.740     1     1 I KERNEL  : [    0.938282] mtrr: corrected configuration.
01-02 22:27:04.760     1     1 I KERNEL  : [    0.961266] bio: create slab <bio-0> at 0
01-02 22:27:04.770     1     1 I KERNEL  : [    0.966151] ACPI: Added _OSI(Module Device)
01-02 22:27:04.770     1     1 I KERNEL  : [    0.970908] ACPI: Added _OSI(Processor Device)
01-02 22:27:04.780     1     1 I KERNEL  : [    0.975899] ACPI: Added _OSI(3.0 _SCP Extensions)
01-02 22:27:04.780     1     1 I KERNEL  : [    0.981220] ACPI: Added _OSI(Processor Aggregator Device)
01-02 22:27:04.810     1     1 I KERNEL  : [    1.008797] ACPI: EC: Look up EC in DSDT
01-02 22:27:04.900     1     1 I KERNEL  : [    1.097678] ACPI: Interpreter enabled
01-02 22:27:04.900     1     1 I KERNEL  : [    1.101805] ACPI: (supports S0
01-02 22:27:04.910     1     1 I KERNEL  :  S5
01-02 22:27:04.910     1     1 I KERNEL  : )
01-02 22:27:04.910     1     1 I KERNEL  : [    1.105821] ACPI: Using IOAPIC for interrupt routing
01-02 22:27:04.940     1     1 I KERNEL  : [    1.136530] ACPI: Power Resource [USBC] (on)
01-02 22:27:04.960     1     1 I KERNEL  : [    1.162301] ACPI: Power Resource [P28X] (off)
01-02 22:27:04.970     1     1 I KERNEL  : [    1.167620] ACPI: Power Resource [P18X] (off)
01-02 22:27:04.980     1     1 I KERNEL  : [    1.181451] ACPI: Power Resource [FN00] (off)
01-02 22:27:04.990     1     1 I KERNEL  : [    1.189887] PCI: Using host bridge windows from ACPI; if necessary, use "pci=nocrs" and report a bug
01-02 22:27:05.000     1     1 I KERNEL  : [    1.201905] \_SB_.PCI0:_OSC invalid UUID
01-02 22:27:05.010     1     1 I KERNEL  : [    1.206315] _OSC request data:
01-02 22:27:05.010     1     1 I KERNEL  : 1 
01-02 22:27:05.010     1     1 I KERNEL  : 8 
01-02 22:27:05.010     1     1 I KERNEL  : 1f 
01-02 22:27:05.010     1     1 I KERNEL  : 
01-02 22:27:05.010     1     1 I KERNEL  : [    1.210576] ACPI: PCI Root Bridge [PCI0] (domain 0000 [bus 00-ff])
01-02 22:27:05.020     1     1 I KERNEL  : [    1.220121] pci_root PNP0A08:00: host bridge window [io  0x0000-0x006f]
01-02 22:27:05.030     1     1 I KERNEL  : [    1.227608] pci_root PNP0A08:00: host bridge window [io  0x0078-0x0cf7]
01-02 22:27:05.030     1     1 I KERNEL  : [    1.235027] pci_root PNP0A08:00: host bridge window [io  0x0d00-0xffff]
01-02 22:27:05.040     1     1 I KERNEL  : [    1.242485] pci_root PNP0A08:00: host bridge window [mem 0x000a0000-0x000bffff]
01-02 22:27:05.050     1     1 I KERNEL  : [    1.250680] pci_root PNP0A08:00: host bridge window [mem 0x000c0000-0x000dffff]
01-02 22:27:05.060     1     1 I KERNEL  : [    1.258928] pci_root PNP0A08:00: host bridge window [mem 0x000e0000-0x000fffff]
01-02 22:27:05.070     1     1 I KERNEL  : [    1.267143] pci_root PNP0A08:00: host bridge window [mem 0x3b000001-0xffffffff]
01-02 22:27:05.070     1     1 I KERNEL  : [    1.275308] pci_root PNP0A08:00: host bridge window [mem 0x00000000-0xffffffff]
01-02 22:27:05.080     1     1 I KERNEL  : [    1.283486] pci_root PNP0A08:00: host bridge window [mem 0xfed40000-0xfed40fff]
01-02 22:27:05.080     1     1 I KERNEL  : [    1.291660] pci_root PNP0A08:00: host bridge window expanded to [mem 0x00000000-0xffffffff]; [mem 0x00000000-0xffffffff] ignored
01-02 22:27:05.090     1     1 I KERNEL  : [    1.304595] pci_root PNP0A08:00: host bridge window expanded to [mem 0x00000000-0xffffffff]; [mem 0xfed40000-0xfed40fff] ignored
01-02 22:27:05.100     1     1 I KERNEL  : [    1.317635] PCI host bridge to bus 0000:00
01-02 22:27:05.100     1     1 I KERNEL  : [    1.322211] pci_bus 0000:00: root bus resource [io  0x0000-0x006f]
01-02 22:27:05.110     1     1 I KERNEL  : [    1.329131] pci_bus 0000:00: root bus resource [io  0x0078-0x0cf7]
01-02 22:27:05.110     1     1 I KERNEL  : [    1.336040] pci_bus 0000:00: root bus resource [io  0x0d00-0xffff]
01-02 22:27:05.120     1     1 I KERNEL  : [    1.342954] pci_bus 0000:00: root bus resource [mem 0x00000000-0xffffffff]
01-02 22:27:05.120     1     1 I KERNEL  : [    1.350629] pci_bus 0000:00: root bus resource [mem 0x000c0000-0x000dffff]
01-02 22:27:05.130     1     1 I KERNEL  : [    1.358322] pci_bus 0000:00: root bus resource [mem 0x000e0000-0x000fffff]
01-02 22:27:05.130     1     1 I KERNEL  : [    1.366007] pci_bus 0000:00: root bus resource [mem 0x3b000001-0xffffffff]
01-02 22:27:05.140     1     1 I KERNEL  : [    1.373715] pci 0000:00:00.0: [8086:0f00] type 00 class 0x060000
01-02 22:27:05.140     1     1 I KERNEL  : [    1.380494] pci 0000:00:02.0: [8086:0f31] type 00 class 0x030000
01-02 22:27:05.150     1     1 I KERNEL  : [    1.387239] pci 0000:00:02.0: reg 10: [mem 0xdfc00000-0xdfffffff]
01-02 22:27:05.150     1     1 I KERNEL  : [    1.394065] pci 0000:00:02.0: reg 18: [mem 0xc0000000-0xcfffffff pref]
01-02 22:27:05.160     1     1 I KERNEL  : [    1.401386] pci 0000:00:02.0: reg 20: [io  0x8000-0x8007]
01-02 22:27:05.160     1     1 I KERNEL  : [    1.407490] pci 0000:00:03.0: [8086:0f38] type 00 class 0x048000
01-02 22:27:05.170     1     1 I KERNEL  : [    1.414231] pci 0000:00:03.0: reg 10: [mem 0xdf800000-0xdfbfffff]
01-02 22:27:05.170     1     1 I KERNEL  : [    1.421140] pci 0000:00:11.0: [8086:0f15] type 00 class 0x080501
01-02 22:27:05.180     1     1 I KERNEL  : [    1.427869] setting quirks/embedded controls on SDIO
01-02 22:27:05.180     1     1 I KERNEL  : 
01-02 22:27:05.180     1     1 I KERNEL  : [    1.433242] pci 0000:00:11.0: reg 10: [mem 0xdf7ff000-0xdf7fffff]
01-02 22:27:05.190     1     1 I KERNEL  : [    1.440280] pci 0000:00:11.0: reg 14: [mem 0xdf7fe000-0xdf7fefff]
01-02 22:27:05.190     1     1 I KERNEL  : [    1.447170] pci 0000:00:11.0: PME# supported from D0 D3hot
01-02 22:27:05.200     1     1 I KERNEL  : [    1.453338] pci 0000:00:12.0: [8086:0f16] type 00 class 0x080501
01-02 22:27:05.200     1     1 I KERNEL  : [    1.460076] pci 0000:00:12.0: reg 10: [mem 0xdf7fd000-0xdf7fdfff]
01-02 22:27:05.210     1     1 I KERNEL  : [    1.466910] pci 0000:00:12.0: reg 14: [mem 0xdf7fc000-0xdf7fcfff]
01-02 22:27:05.210     1     1 I KERNEL  : [    1.473843] pci 0000:00:12.0: PME# supported from D0 D3hot
01-02 22:27:05.220     1     1 I KERNEL  : [    1.480103] pci 0000:00:14.0: [8086:0f35] type 00 class 0x0c0330
01-02 22:27:05.230     1     1 I KERNEL  : [    1.486887] pci 0000:00:14.0: reg 10: [mem 0xdf7e0000-0xdf7effff 64bit]
01-02 22:27:05.230     1     1 I KERNEL  : [    1.494518] pci 0000:00:14.0: PME# supported from D3hot D3cold
01-02 22:27:05.240     1     1 I KERNEL  : [    1.501154] pci 0000:00:16.0: [8086:0f37] type 00 class 0x0c0380
01-02 22:27:05.250     1     1 I KERNEL  : [    1.507950] This is BYT FFRD10 PRx
01-02 22:27:05.250     1     1 I KERNEL  : [    1.511827] pci 0000:00:16.0: reg 10: [mem 0xdf000000-0xdf1fffff]
01-02 22:27:05.260     1     1 I KERNEL  : [    1.518722] pci 0000:00:16.0: reg 14: [mem 0xdefff000-0xdeffffff]
01-02 22:27:05.260     1     1 I KERNEL  : [    1.525706] pci 0000:00:16.0: PME# supported from D0 D3hot
01-02 22:27:05.270     1     1 I KERNEL  : [    1.531960] pci 0000:00:17.0: [8086:0f50] type 00 class 0x080501
01-02 22:27:05.280     1     1 I KERNEL  : [    1.538799] pci 0000:00:17.0: reg 10: [mem 0xdeffe000-0xdeffefff]
01-02 22:27:05.280     1     1 I KERNEL  : [    1.545737] pci 0000:00:17.0: reg 14: [mem 0xdeffd000-0xdeffdfff]
01-02 22:27:05.290     1     1 I KERNEL  : [    1.552837] pci 0000:00:17.0: PME# supported from D0 D3hot
01-02 22:27:05.300     1     1 I KERNEL  : [    1.559118] pci 0000:00:18.0: [8086:0f40] type 00 class 0x080102
01-02 22:27:05.300     1     1 I KERNEL  : [    1.565930] pci 0000:00:18.0: reg 10: [mem 0xdeff8000-0xdeffbfff]
01-02 22:27:05.310     1     1 I KERNEL  : [    1.572776] pci 0000:00:18.0: reg 14: [mem 0xdeff7000-0xdeff7fff]
01-02 22:27:05.320     1     1 I KERNEL  : [    1.579871] pci 0000:00:18.1: [8086:0f41] type 00 class 0x0c8000
01-02 22:27:05.320     1     1 I KERNEL  : [    1.586677] pci 0000:00:18.1: reg 10: [mem 0xdeff6000-0xdeff6fff]
01-02 22:27:05.330     1     1 I KERNEL  : [    1.593585] pci 0000:00:18.1: reg 14: [mem 0xdeff5000-0xdeff5fff]
01-02 22:27:05.340     1     1 I KERNEL  : [    1.600656] pci 0000:00:18.2: [8086:0f42] type 00 class 0x0c8000
01-02 22:27:05.350     1     1 I KERNEL  : [    1.607507] pci 0000:00:18.2: reg 10: [mem 0xdeff4000-0xdeff4fff]
01-02 22:27:05.350     1     1 I KERNEL  : [    1.614356] pci 0000:00:18.2: reg 14: [mem 0xdeff3000-0xdeff3fff]
01-02 22:27:05.360     1     1 I KERNEL  : [    1.621291] pci 0000:00:18.3: [8086:0f43] type 00 class 0x0c8000
01-02 22:27:05.360     1     1 I KERNEL  : [    1.628028] pci 0000:00:18.3: reg 10: [mem 0xdeff2000-0xdeff2fff]
01-02 22:27:05.370     1     1 I KERNEL  : [    1.634862] pci 0000:00:18.3: reg 14: [mem 0xdeff1000-0xdeff1fff]
01-02 22:27:05.370     1     1 I KERNEL  : [    1.641782] pci 0000:00:18.4: [8086:0f44] type 00 class 0x0c8000
01-02 22:27:05.380     1     1 I KERNEL  : [    1.648530] pci 0000:00:18.4: reg 10: [mem 0xdeff0000-0xdeff0fff]
01-02 22:27:05.380     1     1 I KERNEL  : [    1.655355] pci 0000:00:18.4: reg 14: [mem 0xdefef000-0xdefeffff]
01-02 22:27:05.390     1     1 I KERNEL  : [    1.662284] pci 0000:00:18.5: [8086:0f45] type 00 class 0x0c8000
01-02 22:27:05.390     1     1 I KERNEL  : [    1.669021] pci 0000:00:18.5: reg 10: [mem 0xdefee000-0xdefeefff]
01-02 22:27:05.400     1     1 I KERNEL  : [    1.675854] pci 0000:00:18.5: reg 14: [mem 0xdefed000-0xdefedfff]
01-02 22:27:05.400     1     1 I KERNEL  : [    1.682839] pci 0000:00:18.6: [8086:0f46] type 00 class 0x0c8000
01-02 22:27:05.410     1     1 I KERNEL  : [    1.689649] pci 0000:00:18.6: reg 10: [mem 0xdefec000-0xdefecfff]
01-02 22:27:05.420     1     1 I KERNEL  : [    1.696562] pci 0000:00:18.6: reg 14: [mem 0xdefeb000-0xdefebfff]
01-02 22:27:05.420     1     1 I KERNEL  : [    1.703636] pci 0000:00:18.7: [8086:0f47] type 00 class 0x0c8000
01-02 22:27:05.430     1     1 I KERNEL  : [    1.710471] pci 0000:00:18.7: reg 10: [mem 0xdefea000-0xdefeafff]
01-02 22:27:05.440     1     1 I KERNEL  : [    1.717349] pci 0000:00:18.7: reg 14: [mem 0xdefe9000-0xdefe9fff]
01-02 22:27:05.440     1     1 I KERNEL  : [    1.724461] pci 0000:00:1a.0: [8086:0f18] type 00 class 0x108000
01-02 22:27:05.450     1     1 I KERNEL  : [    1.731260] pci 0000:00:1a.0: txe: set run wake flag
01-02 22:27:05.460     1     1 I KERNEL  : [    1.736873] pci 0000:00:1a.0: reg 10: [mem 0xdee00000-0xdeefffff]
01-02 22:27:05.460     1     1 I KERNEL  : [    1.743778] pci 0000:00:1a.0: reg 14: [mem 0xded00000-0xdedfffff]
01-02 22:27:05.470     1     1 I KERNEL  : [    1.750748] pci 0000:00:1a.0: Disabling D3
01-02 22:27:05.470     1     1 I KERNEL  : 
01-02 22:27:05.470     1     1 I KERNEL  : [    1.755282] pci 0000:00:1a.0: PME# supported from D0 D3hot
01-02 22:27:05.480     1     1 I KERNEL  : [    1.761709] pci 0000:00:1e.0: [8086:0f06] type 00 class 0x080102
01-02 22:27:05.490     1     1 I KERNEL  : [    1.768547] pci 0000:00:1e.0: reg 10: [mem 0xdecf8000-0xdecfbfff]
01-02 22:27:05.490     1     1 I KERNEL  : [    1.775475] pci 0000:00:1e.0: reg 14: [mem 0xdecf7000-0xdecf7fff]
01-02 22:27:05.500     1     1 I KERNEL  : [    1.782653] pci 0000:00:1e.3: [8086:0f0a] type 00 class 0x078000
01-02 22:27:05.510     1     1 I KERNEL  : [    1.789472] pci 0000:00:1e.3: reg 10: [mem 0xdecf2000-0xdecf2fff]
01-02 22:27:05.520     1     1 I KERNEL  : [    1.796359] pci 0000:00:1e.3: reg 14: [mem 0xdecf1000-0xdecf1fff]
01-02 22:27:05.520     1     1 I KERNEL  : [    1.803401] pci 0000:00:1e.4: [8086:0f0c] type 00 class 0x078000
01-02 22:27:05.530     1     1 I KERNEL  : [    1.810223] pci 0000:00:1e.4: reg 10: [mem 0xdecf0000-0xdecf0fff]
01-02 22:27:05.540     1     1 I KERNEL  : [    1.817126] pci 0000:00:1e.4: reg 14: [mem 0xdecef000-0xdeceffff]
01-02 22:27:05.540     1     1 I KERNEL  : [    1.824074] pci 0000:00:1f.0: [8086:0f1c] type 00 class 0x060100
01-02 22:27:05.550     1     1 I KERNEL  : [    1.830911] pci_bus 0000:00: on NUMA node 0
01-02 22:27:05.550     1     1 I KERNEL  : [    1.835594] ACPI: PCI Interrupt Routing Table [\_SB_.PCI0._PRT]
01-02 22:27:05.560     1     1 I KERNEL  : [    1.842750] \_SB_.PCI0:_OSC invalid UUID
01-02 22:27:05.560     1     1 I KERNEL  : [    1.847131] _OSC request data:
01-02 22:27:05.560     1     1 I KERNEL  : 1 
01-02 22:27:05.560     1     1 I KERNEL  : 1f 
01-02 22:27:05.560     1     1 I KERNEL  : 1f 
01-02 22:27:05.560     1     1 I KERNEL  : 
01-02 22:27:05.560     1     1 I KERNEL  : [    1.851322]  pci0000:00: Requesting ACPI _OSC control (0x1d)
01-02 22:27:05.570     1     1 I KERNEL  : [    1.857772] \_SB_.PCI0:_OSC invalid UUID
01-02 22:27:05.570     1     1 I KERNEL  : [    1.862160] _OSC request data:
01-02 22:27:05.570     1     1 I KERNEL  : 1 
01-02 22:27:05.570     1     1 I KERNEL  : 0 
01-02 22:27:05.570     1     1 I KERNEL  : 1d 
01-02 22:27:05.570     1     1 I KERNEL  : 
01-02 22:27:05.570     1     1 I KERNEL  : [    1.866277]  pci0000:00: ACPI _OSC request failed (AE_ERROR), returned control mask: 0x1d
01-02 22:27:05.580     1     1 I KERNEL  : [    1.875431] ACPI _OSC control for PCIe not granted, disabling ASPM
01-02 22:27:05.630     1     1 I KERNEL  : [    1.933508] ACPI: PCI Interrupt Link [LNKA] (IRQs
01-02 22:27:05.640     1     1 I KERNEL  :  3
01-02 22:27:05.640     1     1 I KERNEL  :  4
01-02 22:27:05.640     1     1 I KERNEL  :  5
01-02 22:27:05.640     1     1 I KERNEL  :  6
01-02 22:27:05.640     1     1 I KERNEL  :  10
01-02 22:27:05.640     1     1 I KERNEL  :  11
01-02 22:27:05.640     1     1 I KERNEL  :  12
01-02 22:27:05.640     1     1 I KERNEL  :  14
01-02 22:27:05.640     1     1 I KERNEL  :  15
01-02 22:27:05.640     1     1 I KERNEL  : )
01-02 22:27:05.640     1     1 I KERNEL  :  *0
01-02 22:27:05.640     1     1 I KERNEL  : , disabled.
01-02 22:27:05.640     1     1 I KERNEL  : 
01-02 22:27:05.640     1     1 I KERNEL  : [    1.943242] ACPI: PCI Interrupt Link [LNKB] (IRQs
01-02 22:27:05.650     1     1 I KERNEL  :  3
01-02 22:27:05.650     1     1 I KERNEL  :  4
01-02 22:27:05.650     1     1 I KERNEL  :  5
01-02 22:27:05.650     1     1 I KERNEL  :  6
01-02 22:27:05.650     1     1 I KERNEL  :  10
01-02 22:27:05.650     1     1 I KERNEL  :  11
01-02 22:27:05.650     1     1 I KERNEL  :  12
01-02 22:27:05.650     1     1 I KERNEL  :  14
01-02 22:27:05.650     1     1 I KERNEL  :  15
01-02 22:27:05.650     1     1 I KERNEL  : )
01-02 22:27:05.650     1     1 I KERNEL  :  *1
01-02 22:27:05.650     1     1 I KERNEL  : , disabled.
01-02 22:27:05.650     1     1 I KERNEL  : 
01-02 22:27:05.650     1     1 I KERNEL  : [    1.952899] ACPI: PCI Interrupt Link [LNKC] (IRQs
01-02 22:27:05.660     1     1 I KERNEL  :  3
01-02 22:27:05.660     1     1 I KERNEL  :  4
01-02 22:27:05.660     1     1 I KERNEL  :  5
01-02 22:27:05.660     1     1 I KERNEL  :  6
01-02 22:27:05.660     1     1 I KERNEL  :  10
01-02 22:27:05.660     1     1 I KERNEL  :  11
01-02 22:27:05.660     1     1 I KERNEL  :  12
01-02 22:27:05.660     1     1 I KERNEL  :  14
01-02 22:27:05.660     1     1 I KERNEL  :  15
01-02 22:27:05.660     1     1 I KERNEL  : )
01-02 22:27:05.660     1     1 I KERNEL  :  *2
01-02 22:27:05.660     1     1 I KERNEL  : , disabled.
01-02 22:27:05.660     1     1 I KERNEL  : 
01-02 22:27:05.660     1     1 I KERNEL  : [    1.962593] ACPI: PCI Interrupt Link [LNKD] (IRQs
01-02 22:27:05.670     1     1 I KERNEL  :  *3
01-02 22:27:05.670     1     1 I KERNEL  :  4
01-02 22:27:05.670     1     1 I KERNEL  :  5
01-02 22:27:05.670     1     1 I KERNEL  :  6
01-02 22:27:05.670     1     1 I KERNEL  :  10
01-02 22:27:05.670     1     1 I KERNEL  :  11
01-02 22:27:05.670     1     1 I KERNEL  :  12
01-02 22:27:05.670     1     1 I KERNEL  :  14
01-02 22:27:05.670     1     1 I KERNEL  :  15
01-02 22:27:05.670     1     1 I KERNEL  : )
01-02 22:27:05.670     1     1 I KERNEL  : , disabled.
01-02 22:27:05.670     1     1 I KERNEL  : 
01-02 22:27:05.670     1     1 I KERNEL  : [    1.972209] ACPI: PCI Interrupt Link [LNKE] (IRQs
01-02 22:27:05.680     1     1 I KERNEL  :  3
01-02 22:27:05.680     1     1 I KERNEL  :  *4
01-02 22:27:05.680     1     1 I KERNEL  :  5
01-02 22:27:05.680     1     1 I KERNEL  :  6
01-02 22:27:05.680     1     1 I KERNEL  :  10
01-02 22:27:05.680     1     1 I KERNEL  :  11
01-02 22:27:05.680     1     1 I KERNEL  :  12
01-02 22:27:05.680     1     1 I KERNEL  :  14
01-02 22:27:05.680     1     1 I KERNEL  :  15
01-02 22:27:05.680     1     1 I KERNEL  : )
01-02 22:27:05.680     1     1 I KERNEL  : , disabled.
01-02 22:27:05.680     1     1 I KERNEL  : 
01-02 22:27:05.680     1     1 I KERNEL  : [    1.981714] ACPI: PCI Interrupt Link [LNKF] (IRQs
01-02 22:27:05.690     1     1 I KERNEL  :  3
01-02 22:27:05.690     1     1 I KERNEL  :  4
01-02 22:27:05.690     1     1 I KERNEL  :  *5
01-02 22:27:05.690     1     1 I KERNEL  :  6
01-02 22:27:05.690     1     1 I KERNEL  :  10
01-02 22:27:05.690     1     1 I KERNEL  :  11
01-02 22:27:05.690     1     1 I KERNEL  :  12
01-02 22:27:05.690     1     1 I KERNEL  :  14
01-02 22:27:05.690     1     1 I KERNEL  :  15
01-02 22:27:05.690     1     1 I KERNEL  : )
01-02 22:27:05.690     1     1 I KERNEL  : , disabled.
01-02 22:27:05.690     1     1 I KERNEL  : 
01-02 22:27:05.690     1     1 I KERNEL  : [    1.991188] ACPI: PCI Interrupt Link [LNKG] (IRQs
01-02 22:27:05.700     1     1 I KERNEL  :  3
01-02 22:27:05.700     1     1 I KERNEL  :  4
01-02 22:27:05.700     1     1 I KERNEL  :  5
01-02 22:27:05.700     1     1 I KERNEL  :  *6
01-02 22:27:05.700     1     1 I KERNEL  :  10
01-02 22:27:05.700     1     1 I KERNEL  :  11
01-02 22:27:05.700     1     1 I KERNEL  :  12
01-02 22:27:05.700     1     1 I KERNEL  :  14
01-02 22:27:05.700     1     1 I KERNEL  :  15
01-02 22:27:05.700     1     1 I KERNEL  : )
01-02 22:27:05.700     1     1 I KERNEL  : , disabled.
01-02 22:27:05.700     1     1 I KERNEL  : 
01-02 22:27:05.700     1     1 I KERNEL  : [    2.000798] ACPI: PCI Interrupt Link [LNKH] (IRQs
01-02 22:27:05.710     1     1 I KERNEL  :  3
01-02 22:27:05.710     1     1 I KERNEL  :  4
01-02 22:27:05.710     1     1 I KERNEL  :  5
01-02 22:27:05.710     1     1 I KERNEL  :  6
01-02 22:27:05.710     1     1 I KERNEL  :  10
01-02 22:27:05.710     1     1 I KERNEL  :  11
01-02 22:27:05.710     1     1 I KERNEL  :  12
01-02 22:27:05.710     1     1 I KERNEL  :  14
01-02 22:27:05.710     1     1 I KERNEL  :  15
01-02 22:27:05.710     1     1 I KERNEL  : )
01-02 22:27:05.710     1     1 I KERNEL  :  *7
01-02 22:27:05.710     1     1 I KERNEL  : , disabled.
01-02 22:27:05.710     1     1 I KERNEL  : 
01-02 22:27:05.710     1     1 I KERNEL  : [    2.010559] vgaarb: device added: PCI:0000:00:02.0,decodes=io+mem,owns=io+mem,locks=none
01-02 22:27:05.720     1     1 I KERNEL  : [    2.019698] vgaarb: loaded
01-02 22:27:05.720     1     1 I KERNEL  : [    2.022787] vgaarb: bridge control possible 0000:00:02.0
01-02 22:27:05.730     1     1 I KERNEL  : [    2.029724] SCSI subsystem initialized
01-02 22:27:05.730     1     1 I KERNEL  : [    2.034206] libata version 3.00 loaded.
01-02 22:27:05.740     1     1 I KERNEL  : [    2.038952] usbcore: registered new interface driver usbfs
01-02 22:27:05.740     1     1 I KERNEL  : [    2.045233] usbcore: registered new interface driver hub
01-02 22:27:05.750     1     1 I KERNEL  : [    2.051420] usbcore: registered new device driver usb
01-02 22:27:05.760     1     1 I KERNEL  : [    2.057283] Linux media interface: v0.10
01-02 22:27:05.760     1     1 I KERNEL  : [    2.061824] Linux video capture interface: v2.00
01-02 22:27:05.770     1     1 I KERNEL  : [    2.067676] intel_rproc_scu intel_rproc_scu: intel_rproc_scu is available
01-02 22:27:05.770     1     1 I KERNEL  : [    2.075345] intel_rproc_scu intel_rproc_scu: Note: remoteproc is still under development and considered experimental.
01-02 22:27:05.790     1     1 I KERNEL  : [    2.087274] intel_rproc_scu intel_rproc_scu: THE BINARY FORMAT IS NOT YET FINALIZED, and backward compatibility isn't yet guaranteed.
01-02 22:27:05.800    28    28 I KERNEL  : [    2.101018] intel_rproc_scu intel_rproc_scu: registered virtio0 (type 7)
01-02 22:27:05.810     1     1 I KERNEL  : [    2.108752] intel_rproc_scu intel_rproc_scu: powering up intel_rproc_scu
01-02 22:27:05.820     1     1 I KERNEL  : [    2.116334] intel_rproc_scu intel_rproc_scu: Booting fw image intel_mid/intel_mid_remoteproc.fw, size 4456
01-02 22:27:05.830     1     1 I KERNEL  : [    2.127203] intel_rproc_scu intel_rproc_scu: remote processor intel_rproc_scu is now up
01-02 22:27:05.840     1     1 I KERNEL  : [    2.136482] NS announcement: 72 70 6d 73 67 5f 69 70 63 5f 63 6f 6d 6d 61 6e  rpmsg_ipc_comman
01-02 22:27:05.850     1     1 I KERNEL  : [    2.146185] NS announcement: 64 00 00 00 00 00 00 00 00 00 00 00 00 00 00 00  d...............
01-02 22:27:05.860     1     1 I KERNEL  : [    2.155876] NS announcement: a0 00 00 00 00 00 00 00                          ........
01-02 22:27:05.860     1     1 I KERNEL  : [    2.164737] virtio_rpmsg_bus virtio0: creating channel rpmsg_ipc_command addr 0xa0
01-02 22:27:05.870     1     1 I KERNEL  : [    2.173270] NS announcement: 72 70 6d 73 67 5f 69 70 63 5f 73 69 6d 70 6c 65  rpmsg_ipc_simple
01-02 22:27:05.870     1     1 I KERNEL  : [    2.182890] NS announcement: 5f 63 6f 6d 6d 61 6e 64 00 00 00 00 00 00 00 00  _command........
01-02 22:27:05.880     1     1 I KERNEL  : [    2.192523] NS announcement: a1 00 00 00 00 00 00 00                          ........
01-02 22:27:05.880     1     1 I KERNEL  : [    2.201366] virtio_rpmsg_bus virtio0: creating channel rpmsg_ipc_simple_command addr 0xa1
01-02 22:27:05.890     1     1 I KERNEL  : [    2.210568] NS announcement: 72 70 6d 73 67 5f 69 70 63 5f 72 61 77 5f 63 6f  rpmsg_ipc_raw_co
01-02 22:27:05.890     1     1 I KERNEL  : [    2.220188] NS announcement: 6d 6d 61 6e 64 00 00 00 00 00 00 00 00 00 00 00  mmand...........
01-02 22:27:05.900     1     1 I KERNEL  : [    2.229825] NS announcement: a2 00 00 00 00 00 00 00                          ........
01-02 22:27:05.900     1     1 I KERNEL  : [    2.238682] virtio_rpmsg_bus virtio0: creating channel rpmsg_ipc_raw_command addr 0xa2
01-02 22:27:05.910     1     1 I KERNEL  : [    2.247742] NS announcement: 72 70 6d 73 67 5f 70 6d 69 63 00 00 00 00 00 00  rpmsg_pmic......
01-02 22:27:05.920     1     1 I KERNEL  : [    2.257424] NS announcement: 00 00 00 00 00 00 00 00 00 00 00 00 00 00 00 00  ................
01-02 22:27:05.930     1     1 I KERNEL  : [    2.267050] NS announcement: ff 00 00 00 00 00 00 00                          ........
01-02 22:27:05.940     1     1 I KERNEL  : [    2.275959] virtio_rpmsg_bus virtio0: creating channel rpmsg_pmic addr 0xff
01-02 22:27:05.950     1     1 I KERNEL  : [    2.283944] NS announcement: 72 70 6d 73 67 5f 6d 69 70 00 00 00 00 00 00 00  rpmsg_mip.......
01-02 22:27:05.960     1     1 I KERNEL  : [    2.293664] NS announcement: 00 00 00 00 00 00 00 00 00 00 00 00 00 00 00 00  ................
01-02 22:27:05.970     1     1 I KERNEL  : [    2.303370] NS announcement: ec 00 00 00 00 00 00 00                          ........
01-02 22:27:05.980     1     1 I KERNEL  : [    2.312243] virtio_rpmsg_bus virtio0: creating channel rpmsg_mip addr 0xec
01-02 22:27:05.990     1     1 I KERNEL  : [    2.320164] NS announcement: 72 70 6d 73 67 5f 66 77 5f 75 70 64 61 74 65 00  rpmsg_fw_update.
01-02 22:27:05.990     1     1 I KERNEL  : [    2.329815] NS announcement: 00 00 00 00 00 00 00 00 00 00 00 00 00 00 00 00  ................
01-02 22:27:06.000     1     1 I KERNEL  : [    2.339498] NS announcement: 13 00 00 00 00 00 00 00                          ........
01-02 22:27:06.010     1     1 I KERNEL  : [    2.348428] virtio_rpmsg_bus virtio0: creating channel rpmsg_fw_update addr 0x13
01-02 22:27:06.020     1     1 I KERNEL  : [    2.356896] NS announcement: 72 70 6d 73 67 5f 69 70 63 5f 75 74 69 6c 00 00  rpmsg_ipc_util..
01-02 22:27:06.030     1     1 I KERNEL  : [    2.366589] NS announcement: 00 00 00 00 00 00 00 00 00 00 00 00 00 00 00 00  ................
01-02 22:27:06.040     1     1 I KERNEL  : [    2.376229] NS announcement: 12 00 00 00 00 00 00 00                          ........
01-02 22:27:06.050     1     1 I KERNEL  : [    2.385152] virtio_rpmsg_bus virtio0: creating channel rpmsg_ipc_util addr 0x12
01-02 22:27:06.060     1     1 I KERNEL  : [    2.393421] NS announcement: 72 70 6d 73 67 5f 77 61 74 63 68 64 6f 67 00 00  rpmsg_watchdog..
01-02 22:27:06.060     1     1 I KERNEL  : [    2.403040] NS announcement: 00 00 00 00 00 00 00 00 00 00 00 00 00 00 00 00  ................
01-02 22:27:06.070     1     1 I KERNEL  : [    2.412673] NS announcement: f8 00 00 00 00 00 00 00                          ........
01-02 22:27:06.070     1     1 I KERNEL  : [    2.421517] virtio_rpmsg_bus virtio0: creating channel rpmsg_watchdog addr 0xf8
01-02 22:27:06.080     1     1 I KERNEL  : [    2.429745] NS announcement: 72 70 6d 73 67 5f 75 6d 69 70 00 00 00 00 00 00  rpmsg_umip......
01-02 22:27:06.080     1     1 I KERNEL  : [    2.439363] NS announcement: 00 00 00 00 00 00 00 00 00 00 00 00 00 00 00 00  ................
01-02 22:27:06.090     1     1 I KERNEL  : [    2.448996] NS announcement: 14 00 00 00 00 00 00 00                          ........
01-02 22:27:06.090     1     1 I KERNEL  : [    2.457838] virtio_rpmsg_bus virtio0: creating channel rpmsg_umip addr 0x14
01-02 22:27:06.100     1     1 I KERNEL  : [    2.465685] NS announcement: 72 70 6d 73 67 5f 6f 73 69 70 00 00 00 00 00 00  rpmsg_osip......
01-02 22:27:06.100     1     1 I KERNEL  : [    2.475312] NS announcement: 00 00 00 00 00 00 00 00 00 00 00 00 00 00 00 00  ................
01-02 22:27:06.110     1     1 I KERNEL  : [    2.485003] NS announcement: 15 00 00 00 00 00 00 00                          ........
01-02 22:27:06.120     1     1 I KERNEL  : [    2.493869] virtio_rpmsg_bus virtio0: creating channel rpmsg_osip addr 0x15
01-02 22:27:06.130     1     1 I KERNEL  : [    2.501872] NS announcement: 72 70 6d 73 67 5f 76 72 74 63 00 00 00 00 00 00  rpmsg_vrtc......
01-02 22:27:06.140     1     1 I KERNEL  : [    2.511519] NS announcement: 00 00 00 00 00 00 00 00 00 00 00 00 00 00 00 00  ................
01-02 22:27:06.150     1     1 I KERNEL  : [    2.521219] NS announcement: fa 00 00 00 00 00 00 00                          ........
01-02 22:27:06.160     1     1 I KERNEL  : [    2.530151] virtio_rpmsg_bus virtio0: creating channel rpmsg_vrtc addr 0xfa
01-02 22:27:06.170     1     1 I KERNEL  : [    2.538125] NS announcement: 72 70 6d 73 67 5f 66 77 5f 6c 6f 67 67 69 6e 67  rpmsg_fw_logging
01-02 22:27:06.180     1     1 I KERNEL  : [    2.547817] NS announcement: 00 00 00 00 00 00 00 00 00 00 00 00 00 00 00 00  ................
01-02 22:27:06.190     1     1 I KERNEL  : [    2.557466] NS announcement: 27 00 00 00 00 00 00 00                          '.......
01-02 22:27:06.200     1     1 I KERNEL  : [    2.566375] virtio_rpmsg_bus virtio0: creating channel rpmsg_fw_logging addr 0x27
01-02 22:27:06.200     1     1 I KERNEL  : [    2.574957] NS announcement: 72 70 6d 73 67 5f 6b 70 64 5f 6c 65 64 00 00 00  rpmsg_kpd_led...
01-02 22:27:06.210     1     1 I KERNEL  : [    2.584663] NS announcement: 00 00 00 00 00 00 00 00 00 00 00 00 00 00 00 00  ................
01-02 22:27:06.220     1     1 I KERNEL  : [    2.594310] NS announcement: 23 00 00 00 00 00 00 00                          #.......
01-02 22:27:06.230     1     1 I KERNEL  : [    2.603221] virtio_rpmsg_bus virtio0: creating channel rpmsg_kpd_led addr 0x23
01-02 22:27:06.240     1     1 I KERNEL  : [    2.611477] NS announcement: 72 70 6d 73 67 5f 6d 6f 64 65 6d 5f 6e 76 72 61  rpmsg_modem_nvra
01-02 22:27:06.250     1     1 I KERNEL  : [    2.621183] NS announcement: 6d 00 00 00 00 00 00 00 00 00 00 00 00 00 00 00  m...............
01-02 22:27:06.260     1     1 I KERNEL  : [    2.630847] NS announcement: a1 00 00 00 00 00 00 00                          ........
01-02 22:27:06.260     1     1 I KERNEL  : [    2.639690] virtio_rpmsg_bus virtio0: creating channel rpmsg_modem_nvram addr 0xa1
01-02 22:27:06.270     1     1 I KERNEL  : [    2.648218] virtio_rpmsg_bus virtio0: rpmsg host is online
01-02 22:27:06.270     1     1 I KERNEL  : [    2.654387] intel_mid_rpmsg rpmsg0: Probed rpmsg_ipc device rpmsg_ipc_command
01-02 22:27:06.280     1     1 I KERNEL  : [    2.662375] intel_mid_rpmsg rpmsg0: Allocating rpmsg_instance
01-02 22:27:06.280     1     1 I KERNEL  : [    2.668819] intel_mid_rpmsg rpmsg1: Probed rpmsg_ipc device rpmsg_ipc_simple_command
01-02 22:27:06.290     1     1 I KERNEL  : [    2.677487] intel_mid_rpmsg rpmsg1: Allocating rpmsg_instance
01-02 22:27:06.290     1     1 I KERNEL  : [    2.683924] intel_mid_rpmsg rpmsg2: Probed rpmsg_ipc device rpmsg_ipc_raw_command
01-02 22:27:06.300     1     1 I KERNEL  : [    2.692300] intel_mid_rpmsg rpmsg2: Allocating rpmsg_instance
01-02 22:27:06.300     1     1 I KERNEL  : [    2.698782] Advanced Linux Sound Architecture Driver Version 1.0.25.
01-02 22:27:06.310     1     1 I KERNEL  : [    2.705913] PCI: Using ACPI for IRQ routing
01-02 22:27:06.320     1     1 I KERNEL  : [    2.718057] PCI: pci_cache_line_size set to 64 bytes
01-02 22:27:06.320     1     1 I KERNEL  : [    2.723615] pci 0000:00:02.0: address space collision: [mem 0xdfc00000-0xdfffffff] conflicts with PCI Bus 0000:00 [mem 0x3b000001-0xffffffff]
01-02 22:27:06.330     1     1 I KERNEL  : [    2.737816] pci 0000:00:02.0: address space collision: [mem 0xc0000000-0xcfffffff pref] conflicts with PCI Bus 0000:00 [mem 0x3b000001-0xffffffff]
01-02 22:27:06.340     1     1 I KERNEL  : [    2.752504] pci 0000:00:03.0: address space collision: [mem 0xdf800000-0xdfbfffff] conflicts with PCI Bus 0000:00 [mem 0x3b000001-0xffffffff]
01-02 22:27:06.350     1     1 I KERNEL  : [    2.766710] pci 0000:00:11.0: address space collision: [mem 0xdf7ff000-0xdf7fffff] conflicts with PCI Bus 0000:00 [mem 0x3b000001-0xffffffff]
01-02 22:27:06.360     1     1 I KERNEL  : [    2.780910] pci 0000:00:11.0: address space collision: [mem 0xdf7fe000-0xdf7fefff] conflicts with PCI Bus 0000:00 [mem 0x3b000001-0xffffffff]
01-02 22:27:06.370     1     1 I KERNEL  : [    2.795120] pci 0000:00:12.0: address space collision: [mem 0xdf7fd000-0xdf7fdfff] conflicts with PCI Bus 0000:00 [mem 0x3b000001-0xffffffff]
01-02 22:27:06.380     1     1 I KERNEL  : [    2.809322] pci 0000:00:12.0: address space collision: [mem 0xdf7fc000-0xdf7fcfff] conflicts with PCI Bus 0000:00 [mem 0x3b000001-0xffffffff]
01-02 22:27:06.390     1     1 I KERNEL  : [    2.823592] pci 0000:00:14.0: address space collision: [mem 0xdf7e0000-0xdf7effff 64bit] conflicts with PCI Bus 0000:00 [mem 0x3b000001-0xffffffff]
01-02 22:27:06.410     1     1 I KERNEL  : [    2.838467] pci 0000:00:16.0: address space collision: [mem 0xdf000000-0xdf1fffff] conflicts with PCI Bus 0000:00 [mem 0x3b000001-0xffffffff]
01-02 22:27:06.420     1     1 I KERNEL  : [    2.852695] pci 0000:00:16.0: address space collision: [mem 0xdefff000-0xdeffffff] conflicts with PCI Bus 0000:00 [mem 0x3b000001-0xffffffff]
01-02 22:27:06.430     1     1 I KERNEL  : [    2.866891] pci 0000:00:17.0: address space collision: [mem 0xdeffe000-0xdeffefff] conflicts with PCI Bus 0000:00 [mem 0x3b000001-0xffffffff]
01-02 22:27:06.440     1     1 I KERNEL  : [    2.881091] pci 0000:00:17.0: address space collision: [mem 0xdeffd000-0xdeffdfff] conflicts with PCI Bus 0000:00 [mem 0x3b000001-0xffffffff]
01-02 22:27:06.450     1     1 I KERNEL  : [    2.895340] pci 0000:00:18.0: address space collision: [mem 0xdeff8000-0xdeffbfff] conflicts with PCI Bus 0000:00 [mem 0x3b000001-0xffffffff]
01-02 22:27:06.460     1     1 I KERNEL  : [    2.909627] pci 0000:00:18.0: address space collision: [mem 0xdeff7000-0xdeff7fff] conflicts with PCI Bus 0000:00 [mem 0x3b000001-0xffffffff]
01-02 22:27:06.470     1     1 I KERNEL  : [    2.923907] pci 0000:00:18.1: address space collision: [mem 0xdeff6000-0xdeff6fff] conflicts with PCI Bus 0000:00 [mem 0x3b000001-0xffffffff]
01-02 22:27:06.490     1     1 I KERNEL  : [    2.938189] pci 0000:00:18.1: address space collision: [mem 0xdeff5000-0xdeff5fff] conflicts with PCI Bus 0000:00 [mem 0x3b000001-0xffffffff]
01-02 22:27:06.500     1     1 I KERNEL  : [    2.952487] pci 0000:00:18.2: address space collision: [mem 0xdeff4000-0xdeff4fff] conflicts with PCI Bus 0000:00 [mem 0x3b000001-0xffffffff]
01-02 22:27:06.520     1     1 I KERNEL  : [    2.966770] pci 0000:00:18.2: address space collision: [mem 0xdeff3000-0xdeff3fff] conflicts with PCI Bus 0000:00 [mem 0x3b000001-0xffffffff]
01-02 22:27:06.530     1     1 I KERNEL  : [    2.981053] pci 0000:00:18.3: address space collision: [mem 0xdeff2000-0xdeff2fff] conflicts with PCI Bus 0000:00 [mem 0x3b000001-0xffffffff]
01-02 22:27:06.550     1     1 I KERNEL  : [    2.995324] pci 0000:00:18.3: address space collision: [mem 0xdeff1000-0xdeff1fff] conflicts with PCI Bus 0000:00 [mem 0x3b000001-0xffffffff]
01-02 22:27:06.560     1     1 I KERNEL  : [    3.009606] pci 0000:00:18.4: address space collision: [mem 0xdeff0000-0xdeff0fff] conflicts with PCI Bus 0000:00 [mem 0x3b000001-0xffffffff]
01-02 22:27:06.570     1     1 I KERNEL  : [    3.023887] pci 0000:00:18.4: address space collision: [mem 0xdefef000-0xdefeffff] conflicts with PCI Bus 0000:00 [mem 0x3b000001-0xffffffff]
01-02 22:27:06.590     1     1 I KERNEL  : [    3.038185] pci 0000:00:18.5: address space collision: [mem 0xdefee000-0xdefeefff] conflicts with PCI Bus 0000:00 [mem 0x3b000001-0xffffffff]
01-02 22:27:06.600     1     1 I KERNEL  : [    3.052414] pci 0000:00:18.5: address space collision: [mem 0xdefed000-0xdefedfff] conflicts with PCI Bus 0000:00 [mem 0x3b000001-0xffffffff]
01-02 22:27:06.610     1     1 I KERNEL  : [    3.066618] pci 0000:00:18.6: address space collision: [mem 0xdefec000-0xdefecfff] conflicts with PCI Bus 0000:00 [mem 0x3b000001-0xffffffff]
01-02 22:27:06.620     1     1 I KERNEL  : [    3.080818] pci 0000:00:18.6: address space collision: [mem 0xdefeb000-0xdefebfff] conflicts with PCI Bus 0000:00 [mem 0x3b000001-0xffffffff]
01-02 22:27:06.630     1     1 I KERNEL  : [    3.095022] pci 0000:00:18.7: address space collision: [mem 0xdefea000-0xdefeafff] conflicts with PCI Bus 0000:00 [mem 0x3b000001-0xffffffff]
01-02 22:27:06.640     1     1 I KERNEL  : [    3.109221] pci 0000:00:18.7: address space collision: [mem 0xdefe9000-0xdefe9fff] conflicts with PCI Bus 0000:00 [mem 0x3b000001-0xffffffff]
01-02 22:27:06.650     1     1 I KERNEL  : [    3.123425] pci 0000:00:1a.0: address space collision: [mem 0xdee00000-0xdeefffff] conflicts with PCI Bus 0000:00 [mem 0x3b000001-0xffffffff]
01-02 22:27:06.660     1     1 I KERNEL  : [    3.137632] pci 0000:00:1a.0: address space collision: [mem 0xded00000-0xdedfffff] conflicts with PCI Bus 0000:00 [mem 0x3b000001-0xffffffff]
01-02 22:27:06.670     1     1 I KERNEL  : [    3.151899] pci 0000:00:1e.0: address space collision: [mem 0xdecf8000-0xdecfbfff] conflicts with PCI Bus 0000:00 [mem 0x3b000001-0xffffffff]
01-02 22:27:06.680     1     1 I KERNEL  : [    3.166163] pci 0000:00:1e.0: address space collision: [mem 0xdecf7000-0xdecf7fff] conflicts with PCI Bus 0000:00 [mem 0x3b000001-0xffffffff]
01-02 22:27:06.700     1     1 I KERNEL  : [    3.180442] pci 0000:00:1e.3: address space collision: [mem 0xdecf2000-0xdecf2fff] conflicts with PCI Bus 0000:00 [mem 0x3b000001-0xffffffff]
01-02 22:27:06.710     1     1 I KERNEL  : [    3.194729] pci 0000:00:1e.3: address space collision: [mem 0xdecf1000-0xdecf1fff] conflicts with PCI Bus 0000:00 [mem 0x3b000001-0xffffffff]
01-02 22:27:06.730     1     1 I KERNEL  : [    3.209021] pci 0000:00:1e.4: address space collision: [mem 0xdecf0000-0xdecf0fff] conflicts with PCI Bus 0000:00 [mem 0x3b000001-0xffffffff]
01-02 22:27:06.740     1     1 I KERNEL  : [    3.223286] pci 0000:00:1e.4: address space collision: [mem 0xdecef000-0xdeceffff] conflicts with PCI Bus 0000:00 [mem 0x3b000001-0xffffffff]
01-02 22:27:06.760     1     1 I KERNEL  : [    3.237714] Expanded resource reserved due to conflict with PCI Bus 0000:00
01-02 22:27:06.760     1     1 I KERNEL  : [    3.245587] reserve RAM buffer: 0000000000098000 - 000000000009ffff 
01-02 22:27:06.770     1     1 I KERNEL  : 
01-02 22:27:06.770     1     1 I KERNEL  : [    3.252522] reserve RAM buffer: 000000001e000000 - 000000001fffffff 
01-02 22:27:06.780     1     1 I KERNEL  : 
01-02 22:27:06.780     1     1 I KERNEL  : [    3.259697] reserve RAM buffer: 000000003a8d0000 - 000000003bffffff 
01-02 22:27:06.790    29    29 I KERNEL  : 
01-02 22:27:06.790    29    29 I KERNEL  : [    3.268021] cfg80211: Calling CRDA to update world regulatory domain
01-02 22:27:06.790     1     1 I KERNEL  : [    3.275753] nfc: nfc_init: NFC Core ver 0.1
01-02 22:27:06.800     1     1 I KERNEL  : [    3.280593] NET: Registered protocol family 39
01-02 22:27:06.810     1     1 I KERNEL  : [    3.288643] hsu core clock 100 M
01-02 22:27:06.810     1     1 I KERNEL  : [    3.292305] VLV2: fix up PCI interrupt routing
01-02 22:27:06.890     1     1 I KERNEL  : [    3.371131] pnp: PnP ACPI init
01-02 22:27:06.890     1     1 I KERNEL  : [    3.374742] ACPI: bus type pnp registered
01-02 22:27:06.900     1     1 I KERNEL  : [    3.379583] pnp 00:00: Plug and Play ACPI device, IDs PNP0b00 (active)
01-02 22:27:06.900     1     1 I KERNEL  : [    3.387177] ACPI: IRQ 8 override to level, high
01-02 22:27:06.910     1     1 I KERNEL  : [    3.392455] pnp 00:01: Plug and Play ACPI device, IDs PNP0103 (active)
01-02 22:27:06.920     1     1 I KERNEL  : [    3.400105] pnp 00:02: Plug and Play ACPI device, IDs INT0800 (active)
01-02 22:27:06.930     1     1 I KERNEL  : [    3.407891] system 00:03: [io  0x0680-0x069f] has been reserved
01-02 22:27:06.930     1     1 I KERNEL  : [    3.414571] system 00:03: [io  0x0400-0x047f] has been reserved
01-02 22:27:06.940     1     1 I KERNEL  : [    3.421240] system 00:03: [io  0x0500-0x05fe] has been reserved
01-02 22:27:06.950     1     1 I KERNEL  : [    3.427873] system 00:03: [io  0x0600-0x061f] has been reserved
01-02 22:27:06.950     1     1 I KERNEL  : [    3.434557] system 00:03: [io  0x164e-0x164f] has been reserved
01-02 22:27:06.960     1     1 I KERNEL  : [    3.441224] system 00:03: Plug and Play ACPI device, IDs PNP0c02 (active)
01-02 22:27:06.970     1     1 I KERNEL  : [    3.450858] pnp 00:04: unknown resource type 17 in _CRS
01-02 22:27:06.970     1     1 I KERNEL  : [    3.456753] pnp 00:04: can't evaluate _CRS: 1
01-02 22:27:06.980     1     1 I KERNEL  : 
01-02 22:27:06.980     1     1 I KERNEL  : [    3.461711] pnp 00:04: Plug and Play ACPI device, IDs BCM4321 (active)
01-02 22:27:06.990     1     1 I KERNEL  : [    3.469681] pnp 00:05: Plug and Play ACPI device, IDs INT0002 (active)
01-02 22:27:06.990     1     1 I KERNEL  : [    3.477219] pnp 00:06: Plug and Play ACPI device, IDs HAD0f28 (active)
01-02 22:27:07.000     1     1 I KERNEL  : [    3.484758] gpiochip_add: registered GPIOs 0 to 101 on device: 00:07
01-02 22:27:07.000     1     1 I KERNEL  : [    3.492479] vlv_gpio 00:07: \_SB.GPO0: gpio base 0
01-02 22:27:07.010     1     1 I KERNEL  : [    3.497847] vlv_gpio 00:07: Plug and Play ACPI device, IDs INT33b2 (active)
01-02 22:27:07.010     1     1 I KERNEL  : [    3.505829] gpiochip_add: registered GPIOs 102 to 129 on device: 00:08
01-02 22:27:07.020     1     1 I KERNEL  : [    3.513335] vlv_gpio 00:08: \_SB.GPO1: gpio base 102
01-02 22:27:07.020     1     1 I KERNEL  : [    3.518892] vlv_gpio 00:08: Plug and Play ACPI device, IDs INT33b2 (active)
01-02 22:27:07.030     1     1 I KERNEL  : [    3.526902] gpiochip_add: registered GPIOs 130 to 173 on device: 00:09
01-02 22:27:07.030     1     1 I KERNEL  : [    3.534519] vlv_gpio 00:09: \_SB.GPO2: gpio base 130
01-02 22:27:07.040     1     1 I KERNEL  : [    3.540084] vlv_gpio 00:09: Plug and Play ACPI device, IDs INT33b2 (active)
01-02 22:27:07.040     1     1 I KERNEL  : [    3.548494] pnp 00:0a: unknown resource type 19 in _CRS
01-02 22:27:07.050     1     1 I KERNEL  : [    3.554344] pnp 00:0a: can't evaluate _CRS: 1
01-02 22:27:07.050     1     1 I KERNEL  : 
01-02 22:27:07.050     1     1 I KERNEL  : [    3.559083] pnp 00:0a: Plug and Play ACPI device, IDs SMB0349 (active)
01-02 22:27:07.060     1     1 I KERNEL  : [    3.566894] pnp 00:0b: unknown resource type 17 in _CRS
01-02 22:27:07.060     1     1 I KERNEL  : [    3.572741] pnp 00:0b: can't evaluate _CRS: 1
01-02 22:27:07.070     1     1 I KERNEL  : 
01-02 22:27:07.070     1     1 I KERNEL  : [    3.577508] pnp 00:0b: Plug and Play ACPI device, IDs INTcf0b (active)
01-02 22:27:07.070     1     1 I KERNEL  : [    3.585122] pnp 00:0c: unknown resource type 17 in _CRS
01-02 22:27:07.080     1     1 I KERNEL  : [    3.591017] pnp 00:0c: can't evaluate _CRS: 1
01-02 22:27:07.080     1     1 I KERNEL  : 
01-02 22:27:07.080     1     1 I KERNEL  : [    3.595997] pnp 00:0c: Plug and Play ACPI device, IDs INTcf1a (active)
01-02 22:27:07.090     1     1 I KERNEL  : [    3.603792] pnp 00:0d: unknown resource type 17 in _CRS
01-02 22:27:07.100     1     1 I KERNEL  : [    3.609707] pnp 00:0d: can't evaluate _CRS: 1
01-02 22:27:07.100     1     1 I KERNEL  : 
01-02 22:27:07.100     1     1 I KERNEL  : [    3.614659] pnp 00:0d: Plug and Play ACPI device, IDs INTcf1c (active)
01-02 22:27:07.110     1     1 I KERNEL  : [    3.622658] pnp 00:0e: unknown resource type 19 in _CRS
01-02 22:27:07.120     1     1 I KERNEL  : [    3.628525] pnp 00:0e: can't evaluate _CRS: 1
01-02 22:27:07.120     1     1 I KERNEL  : 
01-02 22:27:07.120     1     1 I KERNEL  : [    3.633558] pnp 00:0e: Plug and Play ACPI device, IDs SMO91d0 PNP0c50 (active)
01-02 22:27:07.130     1     1 I KERNEL  : [    3.642237] pnp 00:0f: unknown resource type 19 in _CRS
01-02 22:27:07.140     1     1 I KERNEL  : [    3.648105] pnp 00:0f: can't evaluate _CRS: 1
01-02 22:27:07.140     1     1 I KERNEL  : 
01-02 22:27:07.140     1     1 I KERNEL  : [    3.653082] pnp 00:0f: Plug and Play ACPI device, IDs BMA2220 (active)
01-02 22:27:07.150     1     1 I KERNEL  : [    3.660796] pnp 00:10: unknown resource type 19 in _CRS
01-02 22:27:07.150     1     1 I KERNEL  : [    3.666693] pnp 00:10: can't evaluate _CRS: 1
01-02 22:27:07.160     1     1 I KERNEL  : 
01-02 22:27:07.160     1     1 I KERNEL  : [    3.671669] pnp 00:10: Plug and Play ACPI device, IDs LTR3010 (active)
01-02 22:27:07.170     1     1 I KERNEL  : [    3.680203] pnp 00:11: unknown resource type 17 in _CRS
01-02 22:27:07.170     1     1 I KERNEL  : [    3.686106] pnp 00:11: can't evaluate _CRS: 1
01-02 22:27:07.180     1     1 I KERNEL  : 
01-02 22:27:07.180     1     1 I KERNEL  : [    3.691049] pnp 00:11: Plug and Play ACPI device, IDs INTcfd9 PNP0c40 (active)
01-02 22:27:07.190     1     1 I KERNEL  : [    3.699795] pnp 00:12: Plug and Play ACPI device, IDs INT33bd (active)
01-02 22:27:07.190     1     1 I KERNEL  : [    3.707236] pnp: PnP ACPI: found 19 devices
01-02 22:27:07.200     1     1 I KERNEL  : [    3.711962] ACPI: ACPI bus type pnp unregistered
01-02 22:27:07.240     1     1 I KERNEL  : [    3.755443] Switching to clocksource acpi_pm
01-02 22:27:07.250     1     1 I KERNEL  : [    3.760420] pci 0000:00:02.0: BAR 2: assigned [mem 0x40000000-0x4fffffff pref]
01-02 22:27:07.250     1     1 I KERNEL  : [    3.768495] pci 0000:00:02.0: BAR 0: assigned [mem 0x50000000-0x503fffff]
01-02 22:27:07.259     1     1 I KERNEL  : [    3.776113] pci 0000:00:03.0: BAR 0: assigned [mem 0x50400000-0x507fffff]
01-02 22:27:07.269     1     1 I KERNEL  : [    3.783757] pci 0000:00:16.0: BAR 0: assigned [mem 0x50800000-0x509fffff]
01-02 22:27:07.279     1     1 I KERNEL  : [    3.791458] pci 0000:00:1a.0: BAR 0: assigned [mem 0x50a00000-0x50afffff]
01-02 22:27:07.279     1     1 I KERNEL  : [    3.799080] pci 0000:00:1a.0: BAR 1: assigned [mem 0x50b00000-0x50bfffff]
01-02 22:27:07.289     1     1 I KERNEL  : [    3.806783] pci 0000:00:14.0: BAR 0: assigned [mem 0x50c00000-0x50c0ffff 64bit]
01-02 22:27:07.299     1     1 I KERNEL  : [    3.815128] pci 0000:00:18.0: BAR 0: assigned [mem 0x50c10000-0x50c13fff]
01-02 22:27:07.309     1     1 I KERNEL  : [    3.822768] pci 0000:00:1e.0: BAR 0: assigned [mem 0x50c14000-0x50c17fff]
01-02 22:27:07.319     1     1 I KERNEL  : [    3.830388] pci 0000:00:11.0: BAR 0: assigned [mem 0x50c18000-0x50c18fff]
01-02 22:27:07.319     1     1 I KERNEL  : [    3.837985] pci 0000:00:11.0: BAR 1: assigned [mem 0x50c19000-0x50c19fff]
01-02 22:27:07.329     1     1 I KERNEL  : [    3.845628] pci 0000:00:12.0: BAR 0: assigned [mem 0x50c1a000-0x50c1afff]
01-02 22:27:07.339     1     1 I KERNEL  : [    3.853327] pci 0000:00:12.0: BAR 1: assigned [mem 0x50c1b000-0x50c1bfff]
01-02 22:27:07.349     1     1 I KERNEL  : [    3.861013] pci 0000:00:16.0: BAR 1: assigned [mem 0x50c1c000-0x50c1cfff]
01-02 22:27:07.349     1     1 I KERNEL  : [    3.868631] pci 0000:00:17.0: BAR 0: assigned [mem 0x50c1d000-0x50c1dfff]
01-02 22:27:07.359     1     1 I KERNEL  : [    3.876374] pci 0000:00:17.0: BAR 1: assigned [mem 0x50c1e000-0x50c1efff]
01-02 22:27:07.369     1     1 I KERNEL  : [    3.884022] pci 0000:00:18.0: BAR 1: assigned [mem 0x50c1f000-0x50c1ffff]
01-02 22:27:07.379     1     1 I KERNEL  : [    3.891645] pci 0000:00:18.1: BAR 0: assigned [mem 0x50c20000-0x50c20fff]
01-02 22:27:07.379     1     1 I KERNEL  : [    3.899241] pci 0000:00:18.1: BAR 1: assigned [mem 0x50c21000-0x50c21fff]
01-02 22:27:07.389     1     1 I KERNEL  : [    3.906885] pci 0000:00:18.2: BAR 0: assigned [mem 0x50c22000-0x50c22fff]
01-02 22:27:07.399     1     1 I KERNEL  : [    3.914581] pci 0000:00:18.2: BAR 1: assigned [mem 0x50c23000-0x50c23fff]
01-02 22:27:07.409     1     1 I KERNEL  : [    3.922268] pci 0000:00:18.3: BAR 0: assigned [mem 0x50c24000-0x50c24fff]
01-02 22:27:07.409     1     1 I KERNEL  : [    3.929887] pci 0000:00:18.3: BAR 1: assigned [mem 0x50c25000-0x50c25fff]
01-02 22:27:07.419     1     1 I KERNEL  : [    3.937618] pci 0000:00:18.4: BAR 0: assigned [mem 0x50c26000-0x50c26fff]
01-02 22:27:07.429     1     1 I KERNEL  : [    3.945267] pci 0000:00:18.4: BAR 1: assigned [mem 0x50c27000-0x50c27fff]
01-02 22:27:07.439     1     1 I KERNEL  : [    3.952891] pci 0000:00:18.5: BAR 0: assigned [mem 0x50c28000-0x50c28fff]
01-02 22:27:07.449     1     1 I KERNEL  : [    3.960527] pci 0000:00:18.5: BAR 1: assigned [mem 0x50c29000-0x50c29fff]
01-02 22:27:07.449     1     1 I KERNEL  : [    3.968139] pci 0000:00:18.6: BAR 0: assigned [mem 0x50c2a000-0x50c2afff]
01-02 22:27:07.459     1     1 I KERNEL  : [    3.975843] pci 0000:00:18.6: BAR 1: assigned [mem 0x50c2b000-0x50c2bfff]
01-02 22:27:07.469     1     1 I KERNEL  : [    3.983555] pci 0000:00:18.7: BAR 0: assigned [mem 0x50c2c000-0x50c2cfff]
01-02 22:27:07.479     1     1 I KERNEL  : [    3.991310] pci 0000:00:18.7: BAR 1: assigned [mem 0x50c2d000-0x50c2dfff]
01-02 22:27:07.479     1     1 I KERNEL  : [    3.998930] pci 0000:00:1e.0: BAR 1: assigned [mem 0x50c2e000-0x50c2efff]
01-02 22:27:07.489     1     1 I KERNEL  : [    4.006555] pci 0000:00:1e.3: BAR 0: assigned [mem 0x50c2f000-0x50c2ffff]
01-02 22:27:07.499     1     1 I KERNEL  : [    4.014179] pci 0000:00:1e.3: BAR 1: assigned [mem 0x50c30000-0x50c30fff]
01-02 22:27:07.509     1     1 I KERNEL  : [    4.021823] pci 0000:00:1e.4: BAR 0: assigned [mem 0x50c31000-0x50c31fff]
01-02 22:27:07.509     1     1 I KERNEL  : [    4.029462] pci 0000:00:1e.4: BAR 1: assigned [mem 0x50c32000-0x50c32fff]
01-02 22:27:07.519     1     1 I KERNEL  : [    4.037190] pci_bus 0000:00: resource 4 [io  0x0000-0x006f]
01-02 22:27:07.529     1     1 I KERNEL  : [    4.043521] pci_bus 0000:00: resource 5 [io  0x0078-0x0cf7]
01-02 22:27:07.529     1     1 I KERNEL  : [    4.049774] pci_bus 0000:00: resource 6 [io  0x0d00-0xffff]
01-02 22:27:07.539     1     1 I KERNEL  : [    4.056131] pci_bus 0000:00: resource 7 [mem 0x00000000-0xffffffff]
01-02 22:27:07.549     1     1 I KERNEL  : [    4.063190] pci_bus 0000:00: resource 8 [mem 0x000c0000-0x000dffff]
01-02 22:27:07.559     1     1 I KERNEL  : [    4.070223] pci_bus 0000:00: resource 9 [mem 0x000e0000-0x000fffff]
01-02 22:27:07.559     1     1 I KERNEL  : [    4.077214] pci_bus 0000:00: resource 10 [mem 0x3b000001-0xffffffff]
01-02 22:27:07.569     1     1 I KERNEL  : [    4.084554] NET: Registered protocol family 2
01-02 22:27:07.569     1     1 I KERNEL  : [    4.089810] IP route cache hash table entries: 32768 (order: 5, 131072 bytes)
01-02 22:27:07.579     1     1 I KERNEL  : [    4.098491] TCP established hash table entries: 131072 (order: 8, 1048576 bytes)
01-02 22:27:07.589     1     1 I KERNEL  : [    4.109336] TCP bind hash table entries: 65536 (order: 8, 1310720 bytes)
01-02 22:27:07.599     1     1 I KERNEL  : [    4.119028] TCP: Hash tables configured (established 131072 bind 65536)
01-02 22:27:07.609     1     1 I KERNEL  : [    4.126612] TCP: reno registered
01-02 22:27:07.619     1     1 I KERNEL  : [    4.130279] UDP hash table entries: 512 (order: 2, 24576 bytes)
01-02 22:27:07.619     1     1 I KERNEL  : [    4.136905] UDP-Lite hash table entries: 512 (order: 2, 24576 bytes)
01-02 22:27:07.629     1     1 I KERNEL  : [    4.144215] NET: Registered protocol family 1
01-02 22:27:07.629     1     1 I KERNEL  : [    4.149540] RPC: Registered named UNIX socket transport module.
01-02 22:27:07.639     1     1 I KERNEL  : [    4.156177] RPC: Registered udp transport module.
01-02 22:27:07.649     1     1 I KERNEL  : [    4.161455] RPC: Registered tcp transport module.
01-02 22:27:07.649     1     1 I KERNEL  : [    4.166703] RPC: Registered tcp NFSv4.1 backchannel transport module.
01-02 22:27:07.659     1     1 I KERNEL  : [    4.173960] pci 0000:00:02.0: Boot video device
01-02 22:27:07.659     1     1 I KERNEL  : [    4.179467] PCI: CLS 0 bytes, default 64
01-02 22:27:07.669     1     1 I KERNEL  : [    4.184240] Trying to unpack rootfs image as initramfs...
01-02 22:27:08.129     1     1 I KERNEL  : [    4.643237] Freeing initrd memory: 3804k freed
01-02 22:27:08.139     1     1 I KERNEL  : [    4.651684] intel_scu_ipcutil rpmsg6: Probed ipcutil rpmsg device
01-02 22:27:08.139     1     1 I KERNEL  : [    4.658541] intel_scu_ipcutil rpmsg6: Allocating rpmsg_instance
01-02 22:27:08.149     1     1 I KERNEL  : [    4.665374] ipc_read_oshob cmd failed!!
01-02 22:27:08.159     1     1 I KERNEL  : [    4.669782] Cannot init ipc module: oshob info not read
01-02 22:27:08.159     1     1 I KERNEL  : [    4.675648] intel_scu_ipcutil rpmsg6: Freeing rpmsg device
01-02 22:27:08.169     1     1 I KERNEL  : [    4.681916] intel_scu_ipcutil rpmsg6: rpmsg_dev_probe: failed: -19
01-02 22:27:08.179    37    37 I KERNEL  : [    4.695384] cryptomgr_test used greatest stack depth: 7444 bytes left
01-02 22:27:08.189    37    37 I KERNEL  : [    4.696220] accel i2c init begin...
01-02 22:27:08.189    37    37 I KERNEL  : [    4.696232] vlv_gpio_to_irq:414. 0x00000182, offset = 0x00000003.
01-02 22:27:08.199    37    37 I KERNEL  : [    4.696241] <tao>als isl29023 i2c init begin...
01-02 22:27:08.199    37    37 I KERNEL  : [    4.696252] vlv_gpio_to_irq:414. 0x00000100, offset = 0x00000003.
01-02 22:27:08.209    37    37 I KERNEL  : [    4.696287] Initializing PMC module
01-02 22:27:08.219    37    37 I KERNEL  : [    4.696553] persistent_ram: uncorrectable error in header
01-02 22:27:08.219    37    37 I KERNEL  : [    4.696560] persistent_ram: no valid data in buffer (sig = 0x01c7c6e4)
01-02 22:27:08.289     1     1 I KERNEL  : [    4.805417] console [ram-1] enabled
01-02 22:27:08.299     1     1 I KERNEL  : [    4.809624] Initialise module verification
01-02 22:27:08.349     1     1 I KERNEL  : [    4.865984] highmem bounce pool size: 64 pages
01-02 22:27:08.359     1     1 I KERNEL  : [    4.871162] HugeTLB registered 4 MB page size, pre-allocated 0 pages
01-02 22:27:08.369     1     1 I KERNEL  : [    4.884234] NFS: Registering the id_resolver key type
01-02 22:27:08.379     1     1 I KERNEL  : [    4.890543] fuse init (API version 7.18)
01-02 22:27:08.379     1     1 I KERNEL  : [    4.895574] Btrfs loaded
01-02 22:27:08.379     1     1 I KERNEL  : [    4.898494] msgmni has been set to 1542
01-02 22:27:08.389     1     1 I KERNEL  : [    4.904787] Asymmetric key parser 'x509' registered
01-02 22:27:08.399     1     1 I KERNEL  : [    4.910876] Block layer SCSI generic (bsg) driver version 0.4 loaded (major 251)
01-02 22:27:08.409     1     1 I KERNEL  : [    4.919597] io scheduler noop registered
01-02 22:27:08.409     1     1 I KERNEL  : [    4.924183] io scheduler deadline registered
01-02 22:27:08.419     1     1 I KERNEL  : [    4.929254] io scheduler cfq registered (default)
01-02 22:27:08.419     1     1 I KERNEL  : [    4.935414] intel_idle: MWAIT substates: 0x33000020
01-02 22:27:08.429     1     1 I KERNEL  : [    4.941126] intel_idle: v0.4 model 0x37
01-02 22:27:08.429     1     1 I KERNEL  : [    4.945559] intel_idle: lapic_timer_reliable_states 0xffffffff
01-02 22:27:08.439     1     1 I KERNEL  : [    4.952487] intel_idle: cpuidle: target_residency[1]= 4
01-02 22:27:08.439     1     1 I KERNEL  : [    4.958532] intel_idle: cpuidle: target_residency[6]= 560
01-02 22:27:08.449     1     1 I KERNEL  : [    4.964951] intel_idle: cpuidle: target_residency[7]= 4000
01-02 22:27:08.459     1     1 I KERNEL  : [    4.971332] intel_idle: cpuidle: target_residency[8]= 8000
01-02 22:27:08.459     1     1 I KERNEL  : [    4.977763] intel_idle: cpuidle: target_residency[9]= 20000
01-02 22:27:08.469     1     1 I KERNEL  : [    4.984814] input: Power Button as /devices/LNXSYSTM:00/LNXSYBUS:00/PNP0C0C:00/input/input0
01-02 22:27:08.479     1     1 I KERNEL  : [    4.994540] ACPI: Power Button [PWRB]
01-02 22:27:08.489     1     1 I KERNEL  : [    4.999122] input: Sleep Button as /devices/LNXSYSTM:00/LNXSYBUS:00/PNP0C0E:00/input/input1
01-02 22:27:08.499     1     1 I KERNEL  : [    5.008713] ACPI: Sleep Button [SLPB]
01-02 22:27:08.499     1     1 I KERNEL  : [    5.013054] ACPI: Requesting acpi_cpufreq
01-02 22:27:08.509    58    58 I KERNEL  : [    5.019482] modprobe used greatest stack depth: 6968 bytes left
01-02 22:27:08.519     1     1 I KERNEL  : [    5.034486] intel_mid_dma 0000:00:18.0: setting latency timer to 64
01-02 22:27:08.529     1     1 I KERNEL  : [    5.045251] intel_mid_dma 0000:00:1e.0: setting latency timer to 64
01-02 22:27:08.539     1     1 I KERNEL  : [    5.056000] intel_mid_dma: dma_acpi_probe for DMA0F28
01-02 22:27:08.609     1     1 I KERNEL  : 
01-02 22:27:08.609     1     1 I KERNEL  : [    5.125675] Serial: 8250/16550 driver, 4 ports, IRQ sharing disabled
01-02 22:27:08.639     1     1 I KERNEL  : [    5.153938] serial8250: ttyS0 at I/O 0x3f8 (irq = 4) is a 16550A
01-02 22:27:08.649     1     1 I KERNEL  : [    5.163485] HSU serial 0000:00:1e.3: FUNC: 3 driver: 0 addr:50c2f000 len:1000
01-02 22:27:08.659     1     1 I KERNEL  : [    5.171811] Found a Designware HSU
01-02 22:27:08.659     1     1 I KERNEL  : [    5.176174] 0000:00:1e.3: ttyMFD0 at MMIO 0x50c2f000 (irq = 20) is a hsu_bt_port_p
01-02 22:27:08.669     1     1 I KERNEL  : [    5.185088] HSU serial 0000:00:1e.4: FUNC: 4 driver: 1 addr:50c31000 len:1000
01-02 22:27:08.679     1     1 I KERNEL  : [    5.193489] Found a Designware HSU
01-02 22:27:08.679     1     1 I KERNEL  : [    5.197689] 0000:00:1e.4: ttyMFD1 at MMIO 0x50c31000 (irq = 20) is a hsu_gps_port_p
01-02 22:27:08.689     1     1 I KERNEL  : [    5.207558] Non-volatile memory driver v1.3
01-02 22:27:08.699     1     1 I KERNEL  : [    5.213076] Linux agpgart interface v0.103
01-02 22:27:08.699     1     1 I KERNEL  : [    5.218321] [drm] Initialized drm 1.1.0 20060810
01-02 22:27:08.709    24    24 I KERNEL  : [    5.223777] vlv_gpio_to_irq:414. 0x00000100, offset = 0x0000004a.
01-02 22:27:08.719    24    24 I KERNEL  : [    5.230896] vlv_update_irq_type:254. Checkpoint. reg = 0xf4c18060, value = 0x2603cc80, offset = 74.
01-02 22:27:08.729    24    24 I KERNEL  : [    5.232122] brd: module loaded
01-02 22:27:08.729    24    24 I KERNEL  : [    5.234015] loop: module loaded
01-02 22:27:08.729    24    24 I KERNEL  : [    5.234022] pti_init(966): Mip read failed (retval = -19)
01-02 22:27:08.739    24    24 I KERNEL  : [    5.234136] Android kernel panic handler initialized on partition mmcblk0p3!
01-02 22:27:08.749    24    24 I KERNEL  : [    5.234218] mei_txe 0000:00:1a.0: setting latency timer to 64
01-02 22:27:08.759    24    24 I KERNEL  : [    5.268775] vlv_update_irq_type:254. Checkpoint. reg = 0xf4c18060, value = 0x2603cc80, offset = 74.
01-02 22:27:08.769     1     1 I KERNEL  : [    5.285105] mei_txe 0000:00:1a.0: irq 103 for MSI/MSI-X
01-02 22:27:08.819     1     1 I KERNEL  : [    5.332154] Loading pn544 driver
01-02 22:27:08.819     1     1 I KERNEL  : [    5.337329] tun: Universal TUN/TAP device driver, 1.6
01-02 22:27:08.829     1     1 I KERNEL  : [    5.343354] tun: (C) 1999-2004 Max Krasnyansky <maxk@qualcomm.com>
01-02 22:27:08.839     1     1 I KERNEL  : [    5.350999] e100: Intel(R) PRO/100 Network Driver, 3.5.24-k2-NAPI
01-02 22:27:08.839     1     1 I KERNEL  : [    5.358110] e100: Copyright(c) 1999-2006 Intel Corporation
01-02 22:27:08.849     1     1 I KERNEL  : [    5.364654] e1000: Intel(R) PRO/1000 Network Driver - version 7.3.21-k8-NAPI
01-02 22:27:08.859     1     1 I KERNEL  : [    5.372924] e1000: Copyright (c) 1999-2006 Intel Corporation.
01-02 22:27:08.869     1     1 I KERNEL  : [    5.379710] e1000e: Intel(R) PRO/1000 Network Driver - 1.9.5-k
01-02 22:27:08.869     1     1 I KERNEL  : [    5.386506] e1000e: Copyright(c) 1999 - 2012 Intel Corporation.
01-02 22:27:08.879     1     1 I KERNEL  : [    5.393529] igb: Intel(R) Gigabit Ethernet Network Driver - version 3.2.10-k
01-02 22:27:08.889     1     1 I KERNEL  : [    5.401855] igb: Copyright (c) 2007-2012 Intel Corporation.
01-02 22:27:08.899     1     1 I KERNEL  : [    5.408328] igbvf: Intel(R) Gigabit Virtual Function Network Driver - version 2.0.1-k
01-02 22:27:08.899     1     1 I KERNEL  : [    5.417151] igbvf: Copyright (c) 2009 - 2012 Intel Corporation.
01-02 22:27:08.909     1     1 I KERNEL  : [    5.423947] ixgbe: Intel(R) 10 Gigabit PCI Express Network Driver - version 3.8.21-k
01-02 22:27:08.919     1     1 I KERNEL  : [    5.432732] ixgbe: Copyright (c) 1999-2012 Intel Corporation.
01-02 22:27:08.929     1     1 I KERNEL  : [    5.439638] ixgb: Intel(R) PRO/10GbE Network Driver - version 1.0.135-k2-NAPI
01-02 22:27:08.929     1     1 I KERNEL  : [    5.447838] ixgb: Copyright (c) 1999-2008 Intel Corporation.
01-02 22:27:08.939     1     1 I KERNEL  : [    5.454701] PPP generic driver version 2.4.2
01-02 22:27:08.949     1     1 I KERNEL  : [    5.459911] PPP BSD Compression module registered
01-02 22:27:08.949     1     1 I KERNEL  : [    5.465284] PPP Deflate Compression module registered
01-02 22:27:08.959     1     1 I KERNEL  : [    5.474944] PPP MPPE Compression module registered
01-02 22:27:08.969     1     1 I KERNEL  : [    5.480543] NET: Registered protocol family 24
01-02 22:27:08.969     1     1 I KERNEL  : [    5.485632] usbcore: registered new interface driver catc
01-02 22:27:08.979     1     1 I KERNEL  : [    5.491829] usbcore: registered new interface driver kaweth
01-02 22:27:08.989     1     1 I KERNEL  : [    5.498157] pegasus: v0.6.14 (2006/09/27), Pegasus/Pegasus II USB Ethernet driver
01-02 22:27:08.989     1     1 I KERNEL  : [    5.506671] usbcore: registered new interface driver pegasus
01-02 22:27:08.999     1     1 I KERNEL  : [    5.513140] usbcore: registered new interface driver rtl8150
01-02 22:27:09.009     1     1 I KERNEL  : [    5.519870] hso: /home/alanz/worksp4android/malata_d8012/linux/kernel/drivers/net/usb/hso.c: Option Wireless
01-02 22:27:09.019     1     1 I KERNEL  : [    5.531415] usbcore: registered new interface driver hso
01-02 22:27:09.019     1     1 I KERNEL  : [    5.537654] usbcore: registered new interface driver asix
01-02 22:27:09.029     1     1 I KERNEL  : [    5.544150] usbcore: registered new interface driver cdc_ether
01-02 22:27:09.039     1     1 I KERNEL  : [    5.551025] usbcore: registered new interface driver cdc_eem
01-02 22:27:09.039     1     1 I KERNEL  : [    5.557526] usbcore: registered new interface driver dm9601
01-02 22:27:09.049     1     1 I KERNEL  : [    5.563887] usbcore: registered new interface driver smsc75xx
01-02 22:27:09.059     1     1 I KERNEL  : [    5.570495] usbcore: registered new interface driver smsc95xx
01-02 22:27:09.059     1     1 I KERNEL  : [    5.577010] usbcore: registered new interface driver gl620a
01-02 22:27:09.069     1     1 I KERNEL  : [    5.583403] usbcore: registered new interface driver net1080
01-02 22:27:09.079     1     1 I KERNEL  : [    5.589850] usbcore: registered new interface driver plusb
01-02 22:27:09.079     1     1 I KERNEL  : [    5.596118] usbcore: registered new interface driver cdc_subset
01-02 22:27:09.089     1     1 I KERNEL  : [    5.602885] usbcore: registered new interface driver zaurus
01-02 22:27:09.099     1     1 I KERNEL  : [    5.609541] usbcore: registered new interface driver MOSCHIP usb-ethernet driver
01-02 22:27:09.109     1     1 I KERNEL  : [    5.618115] usbcore: registered new interface driver int51x1
01-02 22:27:09.109     1     1 I KERNEL  : [    5.624782] usbcore: registered new interface driver ipheth
01-02 22:27:09.119     1     1 I KERNEL  : [    5.631358] usbcore: registered new interface driver sierra_net
01-02 22:27:09.129     1     1 I KERNEL  : [    5.638335] usbcore: registered new interface driver cdc_ncm
01-02 22:27:09.129     1     1 I KERNEL  : [    5.644887] usbcore: registered new interface driver pnwotg_test
01-02 22:27:09.139     1     1 I KERNEL  : [    5.652204] dwc_otg3 0000:00:16.0: setting latency timer to 64
01-02 22:27:09.179    24    24 I KERNEL  : [    5.687891] Refined TSC clocksource calibration: 1333.332 MHz.
01-02 22:27:09.179    24    24 I KERNEL  : [    5.691241] ehci_hcd: USB 2.0 'Enhanced' Host Controller (EHCI) Driver
01-02 22:27:09.189    24    24 I KERNEL  : [    5.691268] ehci_hcd: block sizes: qh 64 qtd 96 itd 160 sitd 96
01-02 22:27:09.199    24    24 I KERNEL  : [    5.691639] xhci_hcd 0000:00:14.0: setting latency timer to 64
01-02 22:27:09.199    24    24 I KERNEL  : [    5.691663] xhci_hcd 0000:00:14.0: xHCI Host Controller
01-02 22:27:09.209    24    24 I KERNEL  : [    5.691712] xhci_hcd 0000:00:14.0: new USB bus registered, assigned bus number 1
01-02 22:27:09.219    24    24 I KERNEL  : [    5.692249] xhci_hcd 0000:00:14.0: cache line size of 64 is not supported
01-02 22:27:09.229    24    24 I KERNEL  : [    5.692270] xhci_hcd 0000:00:14.0: supports USB remote wakeup
01-02 22:27:09.229    24    24 I KERNEL  : [    5.692433] xhci_hcd 0000:00:14.0: irq 104 for MSI/MSI-X
01-02 22:27:09.239    24    24 I KERNEL  : [    5.692701] usb usb1: default language 0x0409
01-02 22:27:09.239    24    24 I KERNEL  : [    5.692759] usb usb1: udev 1, busnum 1, minor = 0
01-02 22:27:09.249    24    24 I KERNEL  : [    5.692778] usb usb1: New USB device found, idVendor=1d6b, idProduct=0002
01-02 22:27:09.259    24    24 I KERNEL  : [    5.692799] usb usb1: New USB device strings: Mfr=3, Product=2, SerialNumber=1
01-02 22:27:09.259    24    24 I KERNEL  : [    5.692819] usb usb1: Product: xHCI Host Controller
01-02 22:27:09.269    24    24 I KERNEL  : [    5.692836] usb usb1: Manufacturer: Linux 3.4.43-g59c82eb-dirty xhci_hcd
01-02 22:27:09.279    24    24 I KERNEL  : [    5.692854] usb usb1: SerialNumber: 0000:00:14.0
01-02 22:27:09.279    24    24 I KERNEL  : [    5.693280] usb usb1: usb_probe_device
01-02 22:27:09.289    24    24 I KERNEL  : [    5.693302] usb usb1: configuration #1 chosen from 1 choice
01-02 22:27:09.289    24    24 I KERNEL  : [    5.693326] xHCI xhci_add_endpoint called for root hub
01-02 22:27:09.299    24    24 I KERNEL  : [    5.693343] xHCI xhci_check_bandwidth called for root hub
01-02 22:27:09.309    24    24 I KERNEL  : [    5.693391] usb usb1: adding 1-0:1.0 (config #1, interface 0)
01-02 22:27:09.309    24    24 I KERNEL  : [    5.693586] hub 1-0:1.0: usb_probe_interface
01-02 22:27:09.319    24    24 I KERNEL  : [    5.693605] hub 1-0:1.0: usb_probe_interface - got id
01-02 22:27:09.319    24    24 I KERNEL  : [    5.693626] hub 1-0:1.0: USB hub found
01-02 22:27:09.329    24    24 I KERNEL  : [    5.693663] hub 1-0:1.0: 6 ports detected
01-02 22:27:09.329    24    24 I KERNEL  : [    5.693683] hub 1-0:1.0: standalone hub
01-02 22:27:09.339    24    24 I KERNEL  : [    5.693697] hub 1-0:1.0: no power switching (usb 1.0)
01-02 22:27:09.339    24    24 I KERNEL  : [    5.693713] hub 1-0:1.0: individual port over-current protection
01-02 22:27:09.349    24    24 I KERNEL  : [    5.693731] hub 1-0:1.0: Single TT
01-02 22:27:09.349    24    24 I KERNEL  : [    5.693746] hub 1-0:1.0: TT requires at most 8 FS bit times (666 ns)
01-02 22:27:09.359    24    24 I KERNEL  : [    5.693765] hub 1-0:1.0: power on to power good time: 20ms
01-02 22:27:09.369    24    24 I KERNEL  : [    5.693804] hub 1-0:1.0: local power source is good
01-02 22:27:09.369    24    24 I KERNEL  : [    5.693823] hub 1-0:1.0: trying to enable port power on non-switchable hub
01-02 22:27:09.379    24    24 I KERNEL  : [    5.787848] hub 1-0:1.0: state 7 ports 6 chg 0000 evt 0000
01-02 22:27:09.389    24    24 I KERNEL  : [    5.900348] Switching to clocksource tsc
01-02 22:27:09.437     1     1 I KERNEL  : [    5.947590] xhci_hcd 0000:00:14.0: xHCI Host Controller
01-02 22:27:09.437     1     1 I KERNEL  : [    5.953678] xhci_hcd 0000:00:14.0: new USB bus registered, assigned bus number 2
01-02 22:27:09.447     1     1 I KERNEL  : [    5.962331] xhci_hcd 0000:00:14.0: supports USB remote wakeup
01-02 22:27:09.457     1     1 I KERNEL  : [    5.969164] usb usb2: skipped 1 descriptor after endpoint
01-02 22:27:09.457     1     1 I KERNEL  : [    5.975397] usb usb2: default language 0x0409
01-02 22:27:09.467     1     1 I KERNEL  : [    5.980610] usb usb2: udev 1, busnum 2, minor = 128
01-02 22:27:09.467     1     1 I KERNEL  : [    5.986203] usb usb2: New USB device found, idVendor=1d6b, idProduct=0003
01-02 22:27:09.477     1     1 I KERNEL  : [    5.993883] usb usb2: New USB device strings: Mfr=3, Product=2, SerialNumber=1
01-02 22:27:09.487     1     1 I KERNEL  : [    6.002085] usb usb2: Product: xHCI Host Controller
01-02 22:27:09.497     1     1 I KERNEL  : [    6.007640] usb usb2: Manufacturer: Linux 3.4.43-g59c82eb-dirty xhci_hcd
01-02 22:27:09.497     1     1 I KERNEL  : [    6.015399] usb usb2: SerialNumber: 0000:00:14.0
01-02 22:27:09.507     1     1 I KERNEL  : [    6.021107] usb usb2: usb_probe_device
01-02 22:27:09.507     1     1 I KERNEL  : [    6.025600] usb usb2: configuration #1 chosen from 1 choice
01-02 22:27:09.517     1     1 I KERNEL  : [    6.032072] xHCI xhci_add_endpoint called for root hub
01-02 22:27:09.527     1     1 I KERNEL  : [    6.038112] xHCI xhci_check_bandwidth called for root hub
01-02 22:27:09.527     1     1 I KERNEL  : [    6.044283] usb usb2: adding 2-0:1.0 (config #1, interface 0)
01-02 22:27:09.537     1     1 I KERNEL  : [    6.050911] hub 2-0:1.0: usb_probe_interface
01-02 22:27:09.537     1     1 I KERNEL  : [    6.055757] hub 2-0:1.0: usb_probe_interface - got id
01-02 22:27:09.547     1     1 I KERNEL  : [    6.061538] hub 2-0:1.0: USB hub found
01-02 22:27:09.547     1     1 I KERNEL  : [    6.065809] hub 2-0:1.0: 1 port detected
01-02 22:27:09.557     1     1 I KERNEL  : [    6.070273] hub 2-0:1.0: standalone hub
01-02 22:27:09.557     1     1 I KERNEL  : [    6.074671] hub 2-0:1.0: no power switching (usb 1.0)
01-02 22:27:09.567     1     1 I KERNEL  : [    6.080415] hub 2-0:1.0: individual port over-current protection
01-02 22:27:09.577     1     1 I KERNEL  : [    6.087427] hub 2-0:1.0: TT requires at most 8 FS bit times (666 ns)
01-02 22:27:09.577     1     1 I KERNEL  : [    6.094708] hub 2-0:1.0: power on to power good time: 20ms
01-02 22:27:09.587     1     1 I KERNEL  : [    6.101216] hub 2-0:1.0: local power source is good
01-02 22:27:09.587     1     1 I KERNEL  : [    6.106818] hub 2-0:1.0: trying to enable port power on non-switchable hub
01-02 22:27:09.647     1     1 I KERNEL  : [    6.157429] usbcore: registered new interface driver cdc_acm
01-02 22:27:09.647     1     1 I KERNEL  : [    6.163826] cdc_acm: USB Abstract Control Model driver for USB modems and ISDN adapters
01-02 22:27:09.657     1     1 I KERNEL  : [    6.172902] Initializing USB Mass Storage driver...
01-02 22:27:09.667     1     1 I KERNEL  : [    6.178491] usbcore: registered new interface driver usb-storage
01-02 22:27:09.667     1     1 I KERNEL  : [    6.185319] USB Mass Storage support registered.
01-02 22:27:09.677     1     1 I KERNEL  : [    6.190639] usbcore: registered new interface driver libusual
01-02 22:27:09.687     1     1 I KERNEL  : [    6.197486] usbcore: registered new interface driver ums-sddr09
01-02 22:27:09.687     1     1 I KERNEL  : [    6.204280] usbcore: registered new interface driver ums-sddr55
01-02 22:27:09.697     1     1 I KERNEL  : [    6.207278] hub 2-0:1.0: state 7 ports 1 chg 0000 evt 0000
01-02 22:27:09.707     1     1 I KERNEL  : [    6.217706] usbcore: registered new interface driver usbserial
01-02 22:27:09.707     1     1 I KERNEL  : [    6.224341] usbserial: USB Serial Driver core
01-02 22:27:09.717     1     1 I KERNEL  : [    6.229328] usbcore: registered new interface driver option
01-02 22:27:09.717     1     1 I KERNEL  : [    6.235691] USB Serial support registered for GSM modem (1-port)
01-02 22:27:09.727     1     1 I KERNEL  : [    6.242526] /home/alanz/worksp4android/malata_d8012/linux/kernel/drivers/usb/serial/usi_modem_ctrl.c: usi_modem_ioctrl_init, entry
01-02 22:27:09.727     1     1 I KERNEL  : [    6.242530] 
01-02 22:27:09.747     1     1 I KERNEL  : [    6.257652] /home/alanz/worksp4android/malata_d8012/linux/kernel/drivers/usb/serial/usi_modem_ctrl.c: usi_modem_ioctrl_probe, entry
01-02 22:27:09.747     1     1 I KERNEL  : [    6.257665] 
01-02 22:27:09.757     1     1 I KERNEL  : [    6.273333] vlv_gpio_to_irq:414. 0x00000182, offset = 0x00000016.
01-02 22:27:09.767     1     1 I KERNEL  : [    6.280406] /home/alanz/worksp4android/malata_d8012/linux/kernel/drivers/usb/serial/usi_modem_ctrl.c: No such Modem device: /dev/ttyUSB1 /dev/ttyACM1
01-02 22:27:09.767     1     1 I KERNEL  : [    6.280420] 
01-02 22:27:09.787     1     1 I KERNEL  : [    6.297484] /home/alanz/worksp4android/malata_d8012/linux/kernel/drivers/usb/serial/usi_modem_ctrl.c: init_chrdev, entry
01-02 22:27:09.787     1     1 I KERNEL  : [    6.297496] 
01-02 22:27:09.797     1     1 I KERNEL  : [    6.311993] mousedev: PS/2 mouse device common for all mice
01-02 22:27:09.807     1     1 I KERNEL  : [    6.318743] kionix accel driver init...
01-02 22:27:09.807     1     1 I KERNEL  : [    6.323361] rtc_cmos 00:00: RTC can wake from S4
01-02 22:27:09.817     1     1 I KERNEL  : [    6.328864] using rtc device, rtc_cmos, for alarms
01-02 22:27:09.817     1     1 I KERNEL  : 
01-02 22:27:09.817     1     1 I KERNEL  : [    6.334104] rtc_cmos 00:00: rtc core: registered rtc_cmos as rtc0
01-02 22:27:09.827     1     1 I KERNEL  : [    6.341353] rtc0: alarms up to one month, y3k, 242 bytes nvram
01-02 22:27:09.837     1     1 I KERNEL  : [    6.348028] rtc_mrst rpmsg10: Probed vrtc_mrst rpmsg device
01-02 22:27:09.837     1     1 I KERNEL  : [    6.354565] rtc_mrst rpmsg10: Allocating rpmsg_instance
01-02 22:27:09.847     1     1 I KERNEL  : [    6.360777] i2c /dev entries driver
01-02 22:27:09.847     1     1 I KERNEL  : [    6.365954] i2c i2c-1: Scan devices on i2c-1
01-02 22:27:09.857     1     1 I KERNEL  : [    6.371125] i2c i2c-1: 	Check next device ...
01-02 22:27:09.857     1     1 I KERNEL  : 
01-02 22:27:09.857     1     1 I KERNEL  : [    6.375940] i2c i2c-1: 	MAX17047:00
01-02 22:27:09.867     1     1 I KERNEL  : [    6.380900] i2c i2c-1: I2C speed get from acpi is 100KHz
01-02 22:27:09.877     1     1 I KERNEL  : [    6.387003] i2c i2c-1: 		slave_addr 0x55, irq -1
01-02 22:27:09.877     1     1 I KERNEL  : [    6.392237] i2c i2c-1: Failed to register i2c client MAX17047:00 at 0x55 (-16)
01-02 22:27:09.887     1     1 I KERNEL  : [    6.400447] i2c i2c-1: failed to add MAX17047:00
01-02 22:27:09.887     1     1 I KERNEL  : [    6.405688] i2c i2c-1: 	Check next device ...
01-02 22:27:09.897     1     1 I KERNEL  : 
01-02 22:27:09.897     1     1 I KERNEL  : [    6.410498] i2c i2c-1: 	SMB0349:00
01-02 22:27:09.897     1     1 I KERNEL  : [    6.414984] i2c i2c-1: I2C speed get from acpi is 100KHz
01-02 22:27:09.907     1     1 I KERNEL  : [    6.421118] i2c i2c-1: 		slave_addr 0x6b, irq -1
01-02 22:27:09.907     1     1 I KERNEL  : [    6.426353] i2c i2c-1: Failed to register i2c client SMB0349:00 at 0x6b (-16)
01-02 22:27:09.927     1     1 I KERNEL  : [    6.434475] i2c i2c-1: failed to add SMB0349:00
01-02 22:27:09.927     1     1 I KERNEL  : [    6.439763] i2c i2c-1: 	Check next device ...
01-02 22:27:09.927     1     1 I KERNEL  : 
01-02 22:27:09.927     1     1 I KERNEL  : [    6.444600] i2c i2c-1: 	 err -19
01-02 22:27:09.937     1     1 I KERNEL  : [    6.452860] i2c i2c-2: Scan devices on i2c-2
01-02 22:27:09.947     1     1 I KERNEL  : [    6.457943] i2c i2c-2: 	Check next device ...
01-02 22:27:09.947     1     1 I KERNEL  : 
01-02 22:27:09.947     1     1 I KERNEL  : [    6.462746] i2c i2c-2: 	10EC5640:00
