--------- beginning of /dev/log/kernel
01-01 00:00:00.000     0     0 I KERNEL  : [    0.000000] Initializing cgroup subsys cpuset
01-01 00:00:00.000     0     0 I KERNEL  : [    0.000000] Initializing cgroup subsys cpu
01-01 00:00:00.000     0     0 I KERNEL  : [    0.000000] Linux version 3.4.43-g59c82eb-dirty (alanz@adc-ThinkPad-W530) (gcc version 4.7 (GCC) ) #1 SMP PREEMPT Thu Mar 13 10:51:26 CST 2014
01-01 00:00:00.000     0     0 I KERNEL  : [    0.000000] BIOS-provided physical RAM map:
01-01 00:00:00.000     0     0 I KERNEL  : [    0.000000]  BIOS-e820: 0000000000000000 - 0000000000060000 (usable)
01-01 00:00:00.000     0     0 I KERNEL  : [    0.000000]  BIOS-e820: 0000000000060000 - 0000000000080000 (reserved)
01-01 00:00:00.000     0     0 I KERNEL  : [    0.000000]  BIOS-e820: 0000000000080000 - 0000000000098000 (usable)
01-01 00:00:00.000     0     0 I KERNEL  : [    0.000000]  BIOS-e820: 0000000000098000 - 00000000000a0000 (reserved)
01-01 00:00:00.000     0     0 I KERNEL  : [    0.000000]  BIOS-e820: 00000000000e0000 - 0000000000100000 (reserved)
01-01 00:00:00.000     0     0 I KERNEL  : [    0.000000]  BIOS-e820: 0000000000100000 - 000000001e000000 (usable)
01-01 00:00:00.000     0     0 I KERNEL  : [    0.000000]  BIOS-e820: 000000001e000000 - 0000000020200000 type 8
01-01 00:00:00.000     0     0 I KERNEL  : [    0.000000]  BIOS-e820: 0000000020200000 - 000000003a8d0000 (usable)
01-01 00:00:00.000     0     0 I KERNEL  : [    0.000000]  BIOS-e820: 000000003a8d0000 - 000000003a900000 (ACPI data)
01-01 00:00:00.000     0     0 I KERNEL  : [    0.000000]  BIOS-e820: 000000003a900000 - 0000000040000000 (reserved)
01-01 00:00:00.000     0     0 I KERNEL  : [    0.000000]  BIOS-e820: 000000007a000000 - 000000007b000000 (reserved)
01-01 00:00:00.000     0     0 I KERNEL  : [    0.000000]  BIOS-e820: 00000000e0000000 - 00000000f0000000 (reserved)
01-01 00:00:00.000     0     0 I KERNEL  : [    0.000000]  BIOS-e820: 00000000fec00000 - 00000000fec01000 (reserved)
01-01 00:00:00.000     0     0 I KERNEL  : [    0.000000]  BIOS-e820: 00000000fed1c000 - 00000000fed20000 (reserved)
01-01 00:00:00.000     0     0 I KERNEL  : [    0.000000]  BIOS-e820: 00000000fee00000 - 00000000fee01000 (reserved)
01-01 00:00:00.000     0     0 I KERNEL  : [    0.000000]  BIOS-e820: 00000000ff800000 - 0000000100000000 (unusable)
01-01 00:00:00.000     0     0 I KERNEL  : [    0.000000] kmemleak: Kernel memory leak detector disabled
01-01 00:00:00.000     0     0 I KERNEL  : [    0.000000] Notice: NX (Execute Disable) protection cannot be enabled: non-PAE kernel!
01-01 00:00:00.000     0     0 I KERNEL  : [    0.000000] DMI not present or invalid.
01-01 00:00:00.000     0     0 I KERNEL  : [    0.000000] e820 update range: 0000000000000000 - 0000000000010000 (usable) ==> (reserved)
01-01 00:00:00.000     0     0 I KERNEL  : [    0.000000] e820 remove range: 00000000000a0000 - 0000000000100000 (usable)
01-01 00:00:00.000     0     0 I KERNEL  : [    0.000000] last_pfn = 0x3a8d0 max_arch_pfn = 0x100000
01-01 00:00:00.000     0     0 I KERNEL  : [    0.000000] MTRR default type: uncachable
01-01 00:00:00.000     0     0 I KERNEL  : [    0.000000] MTRR fixed ranges enabled:
01-01 00:00:00.000     0     0 I KERNEL  : [    0.000000]   00000-9FFFF write-back
01-01 00:00:00.000     0     0 I KERNEL  : [    0.000000]   A0000-BFFFF uncachable
01-01 00:00:00.000     0     0 I KERNEL  : [    0.000000]   C0000-FFFFF write-back
01-01 00:00:00.000     0     0 I KERNEL  : [    0.000000] MTRR variable ranges enabled:
01-01 00:00:00.000     0     0 I KERNEL  : [    0.000000]   0 base 0FFF00000 mask FFFF00000 write-protect
01-01 00:00:00.000     0     0 I KERNEL  : [    0.000000]   1 base 000000000 mask FC0000000 write-back
01-01 00:00:00.000     0     0 I KERNEL  : [    0.000000]   2 base 03AD00000 mask FFFF00000 uncachable
01-01 00:00:00.000     0     0 I KERNEL  : [    0.000000]   3 base 03AE00000 mask FFFE00000 uncachable
01-01 00:00:00.000     0     0 I KERNEL  : [    0.000000]   4 base 03B000000 mask FFF000000 uncachable
01-01 00:00:00.000     0     0 I KERNEL  : [    0.000000]   5 base 03C000000 mask FFC000000 uncachable
01-01 00:00:00.000     0     0 I KERNEL  : [    0.000000]   6 disabled
01-01 00:00:00.000     0     0 I KERNEL  : [    0.000000]   7 disabled
01-01 00:00:00.000     0     0 I KERNEL  : [    0.000000] x86 PAT enabled: cpu 0, old 0x7040600070406, new 0x7010600070106
01-01 00:00:00.000     0     0 I KERNEL  : [    0.000000] initial memory mapped : 0 - 02800000
01-01 00:00:00.000     0     0 I KERNEL  : [    0.000000] Base memory trampoline at [c0094000] 94000 size 16384
01-01 00:00:00.000     0     0 I KERNEL  : [    0.000000] Initialized persistent memory from 341fe000-343fdfff
01-01 00:00:00.000     0     0 I KERNEL  : [    0.000000] init_memory_mapping: 0000000000000000-00000000343fe000
01-01 00:00:00.000     0     0 I KERNEL  : [    0.000000]  0000000000 - 0000400000 page 4k
01-01 00:00:00.000     0     0 I KERNEL  : [    0.000000]  0000400000 - 0034000000 page 2M
01-01 00:00:00.000     0     0 I KERNEL  : [    0.000000]  0034000000 - 00343fe000 page 4k
01-01 00:00:00.000     0     0 I KERNEL  : [    0.000000] kernel direct mapping tables up to 0x343fdfff @ [mem 0x027fa000-0x027fffff]
01-01 00:00:00.000     0     0 I KERNEL  : [    0.000000] RAMDISK: 07dbc000 - 08000000
01-01 00:00:00.000     0     0 I KERNEL  : [    0.000000] ACPI: RSDP 000e00b0 00024 (v02 INTEL )
01-01 00:00:00.000     0     0 I KERNEL  : [    0.000000] ACPI: XSDT 3a8fff80 00054 (v01 INTEL           00000000      00000000)
01-01 00:00:00.000     0     0 I KERNEL  : [    0.000000] ACPI: FACP 3a8d6950 000F4 (v03 INTEL           00000000      00000000)
01-01 00:00:00.000     0     0 I KERNEL  : [    0.000000] ACPI: DSDT 3a8d6a50 0A432 (v02  INTEL  VLV-SOC 00000000 INTL 20130418)
01-01 00:00:00.000     0     0 I KERNEL  : [    0.000000] ACPI: FACS 3a8fff40 00040
01-01 00:00:00.000     0     0 I KERNEL  : [    0.000000] ACPI: APIC 3a8d4920 0008A (v01 INTEL           00000000      00000000)
01-01 00:00:00.000     0     0 I KERNEL  : [    0.000000] ACPI: MCFG 3a8d48e0 0003C (v01 INTEL      MCFG 00000000      00000000)
01-01 00:00:00.000     0     0 I KERNEL  : [    0.000000] ACPI: HPET 3a8d48a0 00038 (v01 INTEL           00000000      00000000)
01-01 00:00:00.000     0     0 I KERNEL  : [    0.000000] ACPI: PIDV 3a8d47c0 00098 (v01 INTEL           00000000      00000000)
01-01 00:00:00.000     0     0 I KERNEL  : [    0.000000] ACPI: OBAT 3a8d4750 0006E (v01 INTEL  BATTERY  00000000      00000000)
01-01 00:00:00.000     0     0 I KERNEL  : [    0.000000] ACPI: Local APIC address 0xfee00000
01-01 00:00:00.000     0     0 I KERNEL  : [    0.000000] 100MB HIGHMEM available.
01-01 00:00:00.000     0     0 I KERNEL  : [    0.000000] 835MB LOWMEM available.
01-01 00:00:00.000     0     0 I KERNEL  : [    0.000000]   mapped low ram: 0 - 343fe000
01-01 00:00:00.000     0     0 I KERNEL  : [    0.000000]   low ram: 0 - 343fe000
01-01 00:00:00.000     0     0 I KERNEL  : [    0.000000] Zone PFN ranges:
01-01 00:00:00.000     0     0 I KERNEL  : [    0.000000]   DMA      0x00000010 -> 0x00001000
01-01 00:00:00.000     0     0 I KERNEL  : [    0.000000]   Normal   0x00001000 -> 0x000343fe
01-01 00:00:00.000     0     0 I KERNEL  : [    0.000000]   HighMem  0x000343fe -> 0x0003a8d0
01-01 00:00:00.000     0     0 I KERNEL  : [    0.000000] Movable zone start PFN for each node
01-01 00:00:00.000     0     0 I KERNEL  : [    0.000000] Early memory PFN ranges
01-01 00:00:00.000     0     0 I KERNEL  : [    0.000000]     0: 0x00000010 -> 0x00000060
01-01 00:00:00.000     0     0 I KERNEL  : [    0.000000]     0: 0x00000080 -> 0x00000098
01-01 00:00:00.000     0     0 I KERNEL  : [    0.000000]     0: 0x00000100 -> 0x0001e000
01-01 00:00:00.000     0     0 I KERNEL  : [    0.000000]     0: 0x00020200 -> 0x0003a8d0
01-01 00:00:00.000     0     0 I KERNEL  : [    0.000000] On node 0 totalpages: 230968
01-01 00:00:00.000     0     0 I KERNEL  : [    0.000000] free_area_init_node: node 0, pgdat c1f12dc0, node_mem_map f3aa5200
01-01 00:00:00.000     0     0 I KERNEL  : [    0.000000]   DMA zone: 32 pages used for memmap
01-01 00:00:00.000     0     0 I KERNEL  : [    0.000000]   DMA zone: 0 pages reserved
01-01 00:00:00.000     0     0 I KERNEL  : [    0.000000]   DMA zone: 3912 pages, LIFO batch:0
01-01 00:00:00.000     0     0 I KERNEL  : [    0.000000]   Normal zone: 1640 pages used for memmap
01-01 00:00:00.000     0     0 I KERNEL  : [    0.000000]   Normal zone: 199574 pages, LIFO batch:31
01-01 00:00:00.000     0     0 I KERNEL  : [    0.000000]   HighMem zone: 202 pages used for memmap
01-01 00:00:00.000     0     0 I KERNEL  : [    0.000000]   HighMem zone: 25608 pages, LIFO batch:7
01-01 00:00:00.000     0     0 I KERNEL  : [    0.000000] Using APIC driver default
01-01 00:00:00.000     0     0 I KERNEL  : [    0.000000] ACPI: PM-Timer IO Port: 0x408
01-01 00:00:00.000     0     0 I KERNEL  : [    0.000000] ACPI: Local APIC address 0xfee00000
01-01 00:00:00.000     0     0 I KERNEL  : [    0.000000] ACPI: LAPIC (acpi_id[0x01] lapic_id[0x00] enabled)
01-01 00:00:00.000     0     0 I KERNEL  : [    0.000000] ACPI: LAPIC (acpi_id[0x02] lapic_id[0x02] enabled)
01-01 00:00:00.000     0     0 I KERNEL  : [    0.000000] ACPI: LAPIC (acpi_id[0x03] lapic_id[0x04] enabled)
01-01 00:00:00.000     0     0 I KERNEL  : [    0.000000] ACPI: LAPIC (acpi_id[0x04] lapic_id[0x06] enabled)
01-01 00:00:00.000     0     0 I KERNEL  : [    0.000000] ACPI: IOAPIC (id[0x00] address[0xfec00000] gsi_base[0])
01-01 00:00:00.000     0     0 I KERNEL  : [    0.000000] IOAPIC[0]: apic_id 0, version 32, address 0xfec00000, GSI 0-86
01-01 00:00:00.000     0     0 I KERNEL  : [    0.000000] ACPI: INT_SRC_OVR (bus 0 bus_irq 0 global_irq 2 dfl dfl)
01-01 00:00:00.000     0     0 I KERNEL  : [    0.000000] ACPI: INT_SRC_OVR (bus 0 bus_irq 9 global_irq 9 high level)
01-01 00:00:00.000     0     0 I KERNEL  : [    0.000000] ACPI: INT_SRC_OVR (bus 0 bus_irq 6 global_irq 6 high level)
01-01 00:00:00.000     0     0 I KERNEL  : [    0.000000] ACPI: INT_SRC_OVR (bus 0 bus_irq 7 global_irq 7 high level)
01-01 00:00:00.000     0     0 I KERNEL  : [    0.000000] ACPI: INT_SRC_OVR (bus 0 bus_irq 13 global_irq 13 high level)
01-01 00:00:00.000     0     0 I KERNEL  : [    0.000000] ACPI: IRQ0 used by override.
01-01 00:00:00.000     0     0 I KERNEL  : [    0.000000] ACPI: IRQ2 used by override.
01-01 00:00:00.000     0     0 I KERNEL  : [    0.000000] ACPI: IRQ6 used by override.
01-01 00:00:00.000     0     0 I KERNEL  : [    0.000000] ACPI: IRQ7 used by override.
01-01 00:00:00.000     0     0 I KERNEL  : [    0.000000] ACPI: IRQ9 used by override.
01-01 00:00:00.000     0     0 I KERNEL  : [    0.000000] ACPI: IRQ13 used by override.
01-01 00:00:00.000     0     0 I KERNEL  : [    0.000000] Using ACPI (MADT) for SMP configuration information
01-01 00:00:00.000     0     0 I KERNEL  : [    0.000000] SMP: Allowing 4 CPUs, 0 hotplug CPUs
01-01 00:00:00.000     0     0 I KERNEL  : [    0.000000] nr_irqs_gsi: 103
01-01 00:00:00.000     0     0 I KERNEL  : [    0.000000] Allocating PCI resources starting at 7b000000 (gap: 7b000000:65000000)
01-01 00:00:00.000     0     0 I KERNEL  : [    0.000000] setup_percpu: NR_CPUS:4 nr_cpumask_bits:4 nr_cpu_ids:4 nr_node_ids:1
01-01 00:00:00.000     0     0 I KERNEL  : [    0.000000] PERCPU: Embedded 13 pages/cpu @f3a67000 s31616 r0 d21632 u53248
01-01 00:00:00.000     0     0 I KERNEL  : [    0.000000] pcpu-alloc: s31616 r0 d21632 u53248 alloc=13*4096
01-01 00:00:00.000     0     0 I KERNEL  : [    0.000000] pcpu-alloc: [0] 0 [0] 1 [0] 2 [0] 3 
01-01 00:00:00.000     0     0 I KERNEL  : [    0.000000] Built 1 zonelists in Zone order, mobility grouping on.  Total pages: 229094
01-01 00:00:00.000     0     0 I KERNEL  : [    0.000000] Kernel command line: console=ttyS0,115200 console=logk0 earlyprintk=nologger loglevel=8 drm.debug=0x0 kmemleak=off ptrace.ptrace_can_access=1 emmc_ipanic.ipanic_part_number=3 androidboot.bootmedia=sdcard androidboot.hardware=byt_t_ffrd10 androidboot.spid=xxxx:xxxx:xxxx:xxxx:xxxx:xxxx androidboot.serialno=01234567890123456789012345678901 oops=panic panic=40 nmi_watchdog=panic softlockup_panic=1 vmalloc=172M vga=current i915.modeset=1 drm.vblankoffdelay=1 acpi_backlight=vendor i915.psr_support=0 i915.mipi_panel_id=10 androidboot.boardid=04.03 androidboot.wakesrc=05 androidboot.mode=main
01-01 00:00:00.000     0     0 I KERNEL  : [    0.000000] PID hash table entries: 4096 (order: 2, 16384 bytes)
01-01 00:00:00.000     0     0 I KERNEL  : [    0.000000] Dentry cache hash table entries: 131072 (order: 7, 524288 bytes)
01-01 00:00:00.000     0     0 I KERNEL  : [    0.000000] Inode-cache hash table entries: 65536 (order: 6, 262144 bytes)
01-01 00:00:00.000     0     0 I KERNEL  : [    0.000000] Initializing CPU#0
01-01 00:00:00.000     0     0 I KERNEL  : [    0.000000] allocated 1918464 bytes of page_cgroup
01-01 00:00:00.000     0     0 I KERNEL  : [    0.000000] please try 'cgroup_disable=memory' option if you don't want memory cgroups
01-01 00:00:00.000     0     0 I KERNEL  : [    0.000000] Initializing HighMem for node 0 (000343fe:0003a8d0)
01-01 00:00:00.000     0     0 I KERNEL  : [    0.000000] Memory: 890820k/959296k available (8930k kernel code, 33052k reserved, 4625k data, 636k init, 103240k highmem)
01-01 00:00:00.000     0     0 I KERNEL  : [    0.000000] virtual kernel memory layout:
01-01 00:00:00.000     0     0 I KERNEL  : [    0.000000]     fixmap  : 0xfff64000 - 0xfffff000   ( 620 kB)
01-01 00:00:00.000     0     0 I KERNEL  : [    0.000000]     pkmap   : 0xff800000 - 0xffc00000   (4096 kB)
01-01 00:00:00.000     0     0 I KERNEL  : [    0.000000]     vmalloc : 0xf4bfe000 - 0xff7fe000   ( 172 MB)
01-01 00:00:00.000     0     0 I KERNEL  : [    0.000000]     lowmem  : 0xc0000000 - 0xf43fe000   ( 835 MB)
01-01 00:00:00.000     0     0 I KERNEL  : [    0.000000]       .init : 0xc1f3d000 - 0xc1fdc000   ( 636 kB)
01-01 00:00:00.000     0     0 I KERNEL  : [    0.000000]       .data : 0xc1ab8928 - 0xc1f3cf00   (4625 kB)
01-01 00:00:00.000     0     0 I KERNEL  : [    0.000000]       .text : 0xc1200000 - 0xc1ab8928   (8930 kB)
01-01 00:00:00.000     0     0 I KERNEL  : [    0.000000] Checking if this processor honours the WP bit even in supervisor mode...Ok.
01-01 00:00:00.000     0     0 I KERNEL  : [    0.000000] SLUB: Genslabs=15, HWalign=64, Order=0-3, MinObjects=0, CPUs=4, Nodes=1
01-01 00:00:00.000     0     0 I KERNEL  : [    0.000000] Preemptible hierarchical RCU implementation.
01-01 00:00:00.000     0     0 I KERNEL  : [    0.000000] 	Additional per-CPU info printed with stalls.
01-01 00:00:00.000     0     0 I KERNEL  : [    0.000000] NR_IRQS:2304 nr_irqs:1024 16
01-01 00:00:00.000     0     0 I KERNEL  : [    0.000000] CPU 0 irqstacks, hard=f300a000 soft=f3010000
01-01 00:00:00.000     0     0 I KERNEL  : [    0.000000] Extended CMOS year: 12100
01-01 00:00:00.000     0     0 I KERNEL  : [    0.000000] WARNING: Persistent clock returned invalid value!
01-01 00:00:00.000     0     0 I KERNEL  : [    0.000000]          Check your CMOS/BIOS settings.
01-01 00:00:00.000     0     0 I KERNEL  : [    0.000000] Console: colour dummy device 80x25
01-01 00:00:00.000     0     0 I KERNEL  : [    0.000000] console [ttyS0] enabled
01-01 00:00:00.000     0     0 I KERNEL  : [    0.000000] register logcat console
01-01 00:00:00.000     0     0 I KERNEL  : [    0.000000] console [logk0] enabled
01-01 00:00:00.000     0     0 I KERNEL  : [    0.000000] Fast TSC calibration using PIT
01-01 00:00:00.000     0     0 I KERNEL  : [    0.000000] Detected 1333.387 MHz processor.
01-01 00:00:00.000     0     0 I KERNEL  : [    0.000003] Calibrating delay loop (skipped), value calculated using timer frequency.. 
01-01 00:00:00.000     0     0 I KERNEL  : 2666.77 BogoMIPS (lpj=13333870)
01-01 00:00:00.000     0     0 I KERNEL  : [    0.011951] pid_max: default: 32768 minimum: 301
01-01 00:00:00.000     0     0 I KERNEL  : [    0.017143] Security Framework initialized
01-01 00:00:00.000     0     0 I KERNEL  : [    0.021748] Mount-cache hash table entries: 512
01-01 00:00:00.000     0     0 I KERNEL  : [    0.027193] Initializing cgroup subsys cpuacct
01-01 00:00:00.000     0     0 I KERNEL  : [    0.032151] Initializing cgroup subsys memory
01-01 00:00:00.000     0     0 I KERNEL  : [    0.037021] Initializing cgroup subsys devices
01-01 00:00:00.000     0     0 I KERNEL  : [    0.041977] Initializing cgroup subsys freezer
01-01 00:00:00.000     0     0 I KERNEL  : [    0.046932] Initializing cgroup subsys blkio
01-01 00:00:00.000     0     0 I KERNEL  : [    0.051702] Initializing cgroup subsys perf_event
01-01 00:00:00.000     0     0 I KERNEL  : [    0.056987] CPU: Physical Processor ID: 0
01-01 00:00:00.000     0     0 I KERNEL  : [    0.061457] CPU: Processor Core ID: 0
01-01 00:00:00.000     0     0 I KERNEL  : [    0.065542] ENERGY_PERF_BIAS: Set to 'normal', was 'performance'
01-01 00:00:00.000     0     0 I KERNEL  : [    0.065544] ENERGY_PERF_BIAS: View and update with x86_energy_perf_policy(8)
01-01 00:00:00.000     0     0 I KERNEL  : [    0.089754] mce: CPU supports 6 MCE banks
01-01 00:00:00.000     0     0 I KERNEL  : [    0.094232] CPU0: Thermal monitoring enabled (TM1)
01-01 00:00:00.000     0     0 I KERNEL  : [    0.099577] using mwait in idle threads.
01-01 00:00:00.000     0     0 I KERNEL  : [    0.104143] ACPI: Core revision 20120320
01-01 00:00:00.000     0     0 I KERNEL  : [    0.122427] ftrace: allocating 33749 entries in 66 pages
01-01 00:00:00.000     1     1 I KERNEL  : [    0.160972] Enabling APIC mode:  Flat.  Using 1 I/O APICs
01-01 00:00:00.000     1     1 I KERNEL  : [    0.167876] CPU0: 
01-01 00:00:00.000     1     1 I KERNEL  : Intel(R) Atom(TM) CPU  Z3735E @ 1.33GHz
01-01 00:00:00.000     1     1 I KERNEL  :  stepping 08
01-01 00:00:00.000     1     1 I KERNEL  : [    0.175105] TSC deadline timer enabled
01-01 00:00:00.000     1     1 I KERNEL  : [    0.179288] Performance Events: 
01-01 00:00:00.000     1     1 I KERNEL  : no PEBS fmt2+, 
01-01 00:00:00.000     1     1 I KERNEL  : generic architected perfmon, 
01-01 00:00:00.000     1     1 I KERNEL  : Intel PMU driver.
01-01 00:00:00.000     1     1 I KERNEL  : [    0.188831] ... version:                3
01-01 00:00:00.010     1     1 I KERNEL  : [    0.193320] ... bit width:              40
01-01 00:00:00.010     1     1 I KERNEL  : [    0.197889] ... generic registers:      2
01-01 00:00:00.010     1     1 I KERNEL  : [    0.202359] ... value mask:             000000ffffffffff
01-01 00:00:00.020     1     1 I KERNEL  : [    0.208294] ... max period:             000000007fffffff
01-01 00:00:00.020     1     1 I KERNEL  : [    0.214219] ... fixed-purpose events:   3
01-01 00:00:00.030     1     1 I KERNEL  : [    0.218699] ... event mask:             0000000700000003
01-01 00:00:00.090     1     1 I KERNEL  : [    0.279076] NMI watchdog: enabled, takes one hw-pmu counter.
01-01 00:00:00.130     1     1 I KERNEL  : [    0.319042] CPU 1 irqstacks, hard=f30ce000 soft=f3118000
01-01 00:00:00.130     1     1 I KERNEL  : [    0.324992] Booting Node   0, Processors 
01-01 00:00:00.140     1     1 I KERNEL  :  #1
01-01 00:00:00.160     1     1 I KERNEL  : [    0.355161] NMI watchdog: enabled, takes one hw-pmu counter.
01-01 00:00:00.210     1     1 I KERNEL  : [    0.401726] CPU 2 irqstacks, hard=f3142000 soft=f3144000
01-01 00:00:00.210     1     1 I KERNEL  : [    0.407658]  #2
01-01 00:00:00.240     1     1 I KERNEL  : [    0.436568] NMI watchdog: enabled, takes one hw-pmu counter.
01-01 00:00:00.290     1     1 I KERNEL  : [    0.483123] CPU 3 irqstacks, hard=f3150000 soft=f3152000
01-01 00:00:00.290     1     1 I KERNEL  : [    0.489046]  #3 Ok.
01-01 00:00:00.320     1     1 I KERNEL  : [    0.518336] NMI watchdog: enabled, takes one hw-pmu counter.
01-01 00:00:00.330     1     1 I KERNEL  : [    0.524752] Brought up 4 CPUs
01-01 00:00:00.330     1     1 I KERNEL  : [    0.528066] Total of 4 processors activated (10667.09 BogoMIPS).
01-01 00:00:00.340     1     1 I KERNEL  : [    0.540483] pinctrl core: initialized pinctrl subsystem
01-01 00:00:00.350     1     1 I KERNEL  : [    0.546522] dummy: 
01-01 00:00:00.350     1     1 I KERNEL  : [    0.548987] NET: Registered protocol family 16
01-01 00:00:00.350     1     1 I KERNEL  : [    0.555654] Failed to parse OEMB SFI table
01-01 00:00:00.360     1     1 I KERNEL  : [    0.560251] get_oem_b_table: console=ttyS0,115200 console=logk0 earlyprintk=nologger loglevel=8 drm.debug=0x0 kmemleak=off ptrace.ptrace_can_access=1 emmc_ipanic.ipanic_part_number=3 androidboot.bootmedia=sdcard androidboot.hardware=byt_t_ffrd10 androidboot.spid=xxxx:xxxx:xxxx:xxxx:xxxx:xxxx androidboot.serialno=01234567890123456789012345678901 oops=panic panic=40 nmi_watchdog=panic softlockup_panic=1 vmalloc=172M vga=current i915.modeset=1 drm.vblankoffdelay=1 acpi_backlight=vendor i915.psr_support=0 i915.mipi_panel_id=10 androidboot.boardid=04.03 androidboot.wakesrc=05 androidboot.mode=main
01-01 00:00:00.370     1     1 I KERNEL  : [    0.618914] SFI OEMB does not contains SSN
01-01 00:00:00.370     1     1 I KERNEL  : [    0.623488] MFLD Validation SFI OEMB Layout
01-01 00:00:00.370     1     1 I KERNEL  : [    0.628164] 	OEMB signature               : 
01-01 00:00:00.370     1     1 I KERNEL  : [    0.628166] 	OEMB length                  : 0
01-01 00:00:00.370     1     1 I KERNEL  : [    0.628167] 	OEMB revision                : 0
01-01 00:00:00.370     1     1 I KERNEL  : [    0.628169] 	OEMB checksum                : 0x0
01-01 00:00:00.370     1     1 I KERNEL  : [    0.628171] 	OEMB oem_id                  : 
01-01 00:00:00.370     1     1 I KERNEL  : [    0.628172] 	OEMB oem_table_id            : 
01-01 00:00:00.370     1     1 I KERNEL  : [    0.628174] 	OEMB board_id                : 0x00
01-01 00:00:00.370     1     1 I KERNEL  : [    0.628176] 	OEMB iafw version            : 000.000
01-01 00:00:00.370     1     1 I KERNEL  : [    0.628177] 	OEMB val_hooks version       : 000.000
01-01 00:00:00.370     1     1 I KERNEL  : [    0.628179] 	OEMB ia suppfw version       : 000.000
01-01 00:00:00.370     1     1 I KERNEL  : [    0.628181] 	OEMB scu runtime version     : 000.000
01-01 00:00:00.370     1     1 I KERNEL  : [    0.628183] 	OEMB ifwi version            : 000.000
01-01 00:00:00.370     1     1 I KERNEL  : [    0.628184] 	OEMB spid customer id        : 0000
01-01 00:00:00.370     1     1 I KERNEL  : [    0.628186] 	OEMB spid vendor id          : 0000
01-01 00:00:00.370     1     1 I KERNEL  : [    0.628188] 	OEMB spid manufacturer id    : 0000
01-01 00:00:00.370     1     1 I KERNEL  : [    0.628189] 	OEMB spid platform family id : 0007
01-01 00:00:00.370     1     1 I KERNEL  : [    0.628191] 	OEMB spid product line id    : 8000
01-01 00:00:00.370     1     1 I KERNEL  : [    0.628193] 	OEMB spid hardware id        : 0003
01-01 00:00:00.370     1     1 I KERNEL  : [    0.628195] 	OEMB spid fru[4..0]          : 00 00 00 00 00
01-01 00:00:00.370     1     1 I KERNEL  : [    0.628196] 	OEMB spid fru[9..5]          : 00 00 00 00 00
01-01 00:00:00.370     1     1 I KERNEL  : [    0.628198] 	OEMB ssn                     : 
01-01 00:00:00.380     1     1 I KERNEL  : [    0.737448] SPID updated according to ACPI Table:
01-01 00:00:00.380     1     1 I KERNEL  : [    0.742704] 	spid customer id        : 0000
01-01 00:00:00.380     1     1 I KERNEL  : [    0.742706] 	spid vendor id          : 0000
01-01 00:00:00.380     1     1 I KERNEL  : [    0.742708] 	spid manufacturer id    : 0000
01-01 00:00:00.380     1     1 I KERNEL  : [    0.742709] 	spid platform family id : 0007
01-01 00:00:00.380     1     1 I KERNEL  : [    0.742711] 	spid product line id    : 0000
01-01 00:00:00.380     1     1 I KERNEL  : [    0.742713] 	spid hardware id        : 0003
01-01 00:00:00.380     1     1 I KERNEL  : [    0.742714] 	spid fru[4..0]          : 30 30 30 30 30
01-01 00:00:00.380     1     1 I KERNEL  : [    0.742716] 	spid fru[9..5]          : 30 30 30 30 30
01-01 00:00:00.380     1     1 I KERNEL  : [    0.742718] 	ssn                     : BaytrailTeMMCb2b7a20343
01-01 00:00:00.390     1     1 I KERNEL  : [    0.788469] Failed to parse OEM0 SFI table
01-01 00:00:00.390     1     1 I KERNEL  : [    0.793043] Failed to parse GPIO SFI table
01-01 00:00:00.390     1     1 I KERNEL  : [    0.797612] GPIO pin info:
01-01 00:00:00.400     1     1 I KERNEL  : [    0.800641] Failed to parse DEVS SFI table
01-01 00:00:00.400     1     1 I KERNEL  : [    0.805225] IPC bus, name =    vlv2_plat_clk, irq = 0x 0
01-01 00:00:00.410     1     1 I KERNEL  : [    0.811207] camera pdata: I2C bus = 4, name =           gc2235, irq = 0x 0, addr = 0x3c
01-01 00:00:00.410     1     1 I KERNEL  : [    0.820145] camera pdata: I2C bus = 3, name =           ov5648, irq = 0x 0, addr = 0x36
01-01 00:00:00.420     1     1 I KERNEL  : [    0.829095] SDIO bus = 0, name =     bcm43xx_vmmc, ref_clock = 0, addr =0x0
01-01 00:00:00.420     1     1 I KERNEL  : [    0.836864] Using WiFi platform data
01-01 00:00:00.430     1     1 I KERNEL  : [    0.841543] mid_pci_init is called
01-01 00:00:00.430     1     1 I KERNEL  : [    0.845342] ACPI: bus type pci registered
01-01 00:00:00.430     1     1 I KERNEL  : [    0.849883] vlv2_plat_clk vlv2_plat_clk: vlv2_plat_clk_probe(197)
01-01 00:00:00.440     1     1 I KERNEL  : [    0.856732] PCI: MMCONFIG for domain 0000 [bus 00-ff] at [mem 0xe0000000-0xefffffff] (base 0xe0000000)
01-01 00:00:00.450     1     1 I KERNEL  : [    0.867143] PCI: MMCONFIG at [mem 0xe0000000-0xefffffff] reserved in E820
01-01 00:00:00.450     1     1 I KERNEL  : [    0.874723] PCI: Using MMCONFIG for extended config space
01-01 00:00:00.460     1     1 I KERNEL  : [    0.880766] PCI: Using configuration type 1 for base access
01-01 00:00:00.460     1     1 I KERNEL  : [    0.887935] mtrr: your CPUs had inconsistent MTRRdefType settings
01-01 00:00:00.470     1     1 I KERNEL  : [    0.894756] mtrr: probably your BIOS does not setup all CPUs.
01-01 00:00:00.470     1     1 I KERNEL  : [    0.901171] mtrr: corrected configuration.
01-01 00:00:00.480     1     1 I KERNEL  : [    0.911965] bio: create slab <bio-0> at 0
01-01 00:00:00.490     1     1 I KERNEL  : [    0.916673] ACPI: Added _OSI(Module Device)
01-01 00:00:00.490     1     1 I KERNEL  : [    0.921362] ACPI: Added _OSI(Processor Device)
01-01 00:00:00.490     1     1 I KERNEL  : [    0.926320] ACPI: Added _OSI(3.0 _SCP Extensions)
01-01 00:00:00.500     1     1 I KERNEL  : [    0.931590] ACPI: Added _OSI(Processor Aggregator Device)
01-01 00:00:00.510     1     1 I KERNEL  : [    0.944562] ACPI: EC: Look up EC in DSDT
01-01 00:00:00.560     1     1 I KERNEL  : [    0.993184] ACPI: Interpreter enabled
01-01 00:00:00.560     1     1 I KERNEL  : [    0.997277] ACPI: (supports S0
01-01 00:00:00.560     1     1 I KERNEL  :  S5
01-01 00:00:00.560     1     1 I KERNEL  : )
01-01 00:00:00.560     1     1 I KERNEL  : [    1.001119] ACPI: Using IOAPIC for interrupt routing
01-01 00:00:00.570     1     1 I KERNEL  : [    1.014751] ACPI: Power Resource [USBC] (on)
01-01 00:00:00.580     1     1 I KERNEL  : [    1.026244] ACPI: Power Resource [P28X] (off)
01-01 00:00:00.590     1     1 I KERNEL  : [    1.031255] ACPI: Power Resource [P18X] (off)
01-01 00:00:00.590     1     1 I KERNEL  : [    1.038993] ACPI: Power Resource [FN00] (off)
01-01 00:00:00.600     1     1 I KERNEL  : [    1.044992] PCI: Using host bridge windows from ACPI; if necessary, use "pci=nocrs" and report a bug
01-01 00:00:00.610     1     1 I KERNEL  : [    1.055761] \_SB_.PCI0:_OSC invalid UUID
01-01 00:00:00.610     1     1 I KERNEL  : [    1.060152] _OSC request data:
01-01 00:00:00.610     1     1 I KERNEL  : 1 
01-01 00:00:00.610     1     1 I KERNEL  : 8 
01-01 00:00:00.610     1     1 I KERNEL  : 1f 
01-01 00:00:00.610     1     1 I KERNEL  : 
01-01 00:00:00.610     1     1 I KERNEL  : [    1.064270] ACPI: PCI Root Bridge [PCI0] (domain 0000 [bus 00-ff])
01-01 00:00:00.620     1     1 I KERNEL  : [    1.072007] pci_root PNP0A08:00: host bridge window [io  0x0000-0x006f]
01-01 00:00:00.620     1     1 I KERNEL  : [    1.079392] pci_root PNP0A08:00: host bridge window [io  0x0078-0x0cf7]
01-01 00:00:00.630     1     1 I KERNEL  : [    1.086797] pci_root PNP0A08:00: host bridge window [io  0x0d00-0xffff]
01-01 00:00:00.630     1     1 I KERNEL  : [    1.094187] pci_root PNP0A08:00: host bridge window [mem 0x000a0000-0x000bffff]
01-01 00:00:00.640     1     1 I KERNEL  : [    1.102366] pci_root PNP0A08:00: host bridge window [mem 0x000c0000-0x000dffff]
01-01 00:00:00.640     1     1 I KERNEL  : [    1.110530] pci_root PNP0A08:00: host bridge window [mem 0x000e0000-0x000fffff]
01-01 00:00:00.650     1     1 I KERNEL  : [    1.118709] pci_root PNP0A08:00: host bridge window [mem 0x3b000001-0xffffffff]
01-01 00:00:00.650     1     1 I KERNEL  : [    1.126873] pci_root PNP0A08:00: host bridge window [mem 0x00000000-0xffffffff]
01-01 00:00:00.660     1     1 I KERNEL  : [    1.135051] pci_root PNP0A08:00: host bridge window [mem 0xfed40000-0xfed40fff]
01-01 00:00:00.660     1     1 I KERNEL  : [    1.143217] pci_root PNP0A08:00: host bridge window expanded to [mem 0x00000000-0xffffffff]; [mem 0x00000000-0xffffffff] ignored
01-01 00:00:00.670     1     1 I KERNEL  : [    1.156149] pci_root PNP0A08:00: host bridge window expanded to [mem 0x00000000-0xffffffff]; [mem 0xfed40000-0xfed40fff] ignored
01-01 00:00:00.680     1     1 I KERNEL  : [    1.169175] PCI host bridge to bus 0000:00
01-01 00:00:00.680     1     1 I KERNEL  : [    1.173750] pci_bus 0000:00: root bus resource [io  0x0000-0x006f]
01-01 00:00:00.690     1     1 I KERNEL  : [    1.180669] pci_bus 0000:00: root bus resource [io  0x0078-0x0cf7]
01-01 00:00:00.690     1     1 I KERNEL  : [    1.187579] pci_bus 0000:00: root bus resource [io  0x0d00-0xffff]
01-01 00:00:00.700     1     1 I KERNEL  : [    1.194493] pci_bus 0000:00: root bus resource [mem 0x00000000-0xffffffff]
01-01 00:00:00.700     1     1 I KERNEL  : [    1.202168] pci_bus 0000:00: root bus resource [mem 0x000c0000-0x000dffff]
01-01 00:00:00.710     1     1 I KERNEL  : [    1.209860] pci_bus 0000:00: root bus resource [mem 0x000e0000-0x000fffff]
01-01 00:00:00.710     1     1 I KERNEL  : [    1.217547] pci_bus 0000:00: root bus resource [mem 0x3b000001-0xffffffff]
01-01 00:00:00.720     1     1 I KERNEL  : [    1.225254] pci 0000:00:00.0: [8086:0f00] type 00 class 0x060000
01-01 00:00:00.720     1     1 I KERNEL  : [    1.232033] pci 0000:00:02.0: [8086:0f31] type 00 class 0x030000
01-01 00:00:00.730     1     1 I KERNEL  : [    1.238778] pci 0000:00:02.0: reg 10: [mem 0xdfc00000-0xdfffffff]
01-01 00:00:00.730     1     1 I KERNEL  : [    1.245604] pci 0000:00:02.0: reg 18: [mem 0xc0000000-0xcfffffff pref]
01-01 00:00:00.740     1     1 I KERNEL  : [    1.252925] pci 0000:00:02.0: reg 20: [io  0x8000-0x8007]
01-01 00:00:00.740     1     1 I KERNEL  : [    1.259027] pci 0000:00:03.0: [8086:0f38] type 00 class 0x048000
01-01 00:00:00.750     1     1 I KERNEL  : [    1.265769] pci 0000:00:03.0: reg 10: [mem 0xdf800000-0xdfbfffff]
01-01 00:00:00.750     1     1 I KERNEL  : [    1.272676] pci 0000:00:11.0: [8086:0f15] type 00 class 0x080501
01-01 00:00:00.760     1     1 I KERNEL  : [    1.279404] setting quirks/embedded controls on SDIO
01-01 00:00:00.760     1     1 I KERNEL  : 
01-01 00:00:00.760     1     1 I KERNEL  : [    1.284777] pci 0000:00:11.0: reg 10: [mem 0xdf7ff000-0xdf7fffff]
01-01 00:00:00.770     1     1 I KERNEL  : [    1.291811] pci 0000:00:11.0: reg 14: [mem 0xdf7fe000-0xdf7fefff]
01-01 00:00:00.770     1     1 I KERNEL  : [    1.298701] pci 0000:00:11.0: PME# supported from D0 D3hot
01-01 00:00:00.780     1     1 I KERNEL  : [    1.304868] pci 0000:00:12.0: [8086:0f16] type 00 class 0x080501
01-01 00:00:00.780     1     1 I KERNEL  : [    1.311605] pci 0000:00:12.0: reg 10: [mem 0xdf7fd000-0xdf7fdfff]
01-01 00:00:00.790     1     1 I KERNEL  : [    1.318440] pci 0000:00:12.0: reg 14: [mem 0xdf7fc000-0xdf7fcfff]
01-01 00:00:00.790     1     1 I KERNEL  : [    1.325338] pci 0000:00:12.0: PME# supported from D0 D3hot
01-01 00:00:00.800     1     1 I KERNEL  : [    1.331503] pci 0000:00:14.0: [8086:0f35] type 00 class 0x0c0330
01-01 00:00:00.800     1     1 I KERNEL  : [    1.338232] pci 0000:00:14.0: reg 10: [mem 0xdf7e0000-0xdf7effff 64bit]
01-01 00:00:00.810     1     1 I KERNEL  : [    1.345712] pci 0000:00:14.0: PME# supported from D3hot D3cold
01-01 00:00:00.810     1     1 I KERNEL  : [    1.352261] pci 0000:00:16.0: [8086:0f37] type 00 class 0x0c0380
01-01 00:00:00.820     1     1 I KERNEL  : [    1.358983] This is BYT FFRD10 PRx
01-01 00:00:00.820     1     1 I KERNEL  : [    1.362800] pci 0000:00:16.0: reg 10: [mem 0xdf000000-0xdf1fffff]
01-01 00:00:00.830     1     1 I KERNEL  : [    1.369633] pci 0000:00:16.0: reg 14: [mem 0xdefff000-0xdeffffff]
01-01 00:00:00.830     1     1 I KERNEL  : [    1.376505] pci 0000:00:16.0: PME# supported from D0 D3hot
01-01 00:00:00.840     1     1 I KERNEL  : [    1.382675] pci 0000:00:17.0: [8086:0f50] type 00 class 0x080501
01-01 00:00:00.840     1     1 I KERNEL  : [    1.389412] pci 0000:00:17.0: reg 10: [mem 0xdeffe000-0xdeffefff]
01-01 00:00:00.850     1     1 I KERNEL  : [    1.396247] pci 0000:00:17.0: reg 14: [mem 0xdeffd000-0xdeffdfff]
01-01 00:00:00.850     1     1 I KERNEL  : [    1.403145] pci 0000:00:17.0: PME# supported from D0 D3hot
01-01 00:00:00.860     1     1 I KERNEL  : [    1.409308] pci 0000:00:18.0: [8086:0f40] type 00 class 0x080102
01-01 00:00:00.860     1     1 I KERNEL  : [    1.416026] pci 0000:00:18.0: reg 10: [mem 0xdeff8000-0xdeffbfff]
01-01 00:00:00.870     1     1 I KERNEL  : [    1.422848] pci 0000:00:18.0: reg 14: [mem 0xdeff7000-0xdeff7fff]
01-01 00:00:00.870     1     1 I KERNEL  : [    1.429768] pci 0000:00:18.1: [8086:0f41] type 00 class 0x0c8000
01-01 00:00:00.880     1     1 I KERNEL  : [    1.436516] pci 0000:00:18.1: reg 10: [mem 0xdeff6000-0xdeff6fff]
01-01 00:00:00.880     1     1 I KERNEL  : [    1.443340] pci 0000:00:18.1: reg 14: [mem 0xdeff5000-0xdeff5fff]
01-01 00:00:00.890     1     1 I KERNEL  : [    1.450272] pci 0000:00:18.2: [8086:0f42] type 00 class 0x0c8000
01-01 00:00:00.890     1     1 I KERNEL  : [    1.457009] pci 0000:00:18.2: reg 10: [mem 0xdeff4000-0xdeff4fff]
01-01 00:00:00.900     1     1 I KERNEL  : [    1.463844] pci 0000:00:18.2: reg 14: [mem 0xdeff3000-0xdeff3fff]
01-01 00:00:00.900     1     1 I KERNEL  : [    1.470765] pci 0000:00:18.3: [8086:0f43] type 00 class 0x0c8000
01-01 00:00:00.910     1     1 I KERNEL  : [    1.477512] pci 0000:00:18.3: reg 10: [mem 0xdeff2000-0xdeff2fff]
01-01 00:00:00.910     1     1 I KERNEL  : [    1.484336] pci 0000:00:18.3: reg 14: [mem 0xdeff1000-0xdeff1fff]
01-01 00:00:00.920     1     1 I KERNEL  : [    1.491266] pci 0000:00:18.4: [8086:0f44] type 00 class 0x0c8000
01-01 00:00:00.920     1     1 I KERNEL  : [    1.498003] pci 0000:00:18.4: reg 10: [mem 0xdeff0000-0xdeff0fff]
01-01 00:00:00.930     1     1 I KERNEL  : [    1.504838] pci 0000:00:18.4: reg 14: [mem 0xdefef000-0xdefeffff]
01-01 00:00:00.930     1     1 I KERNEL  : [    1.511758] pci 0000:00:18.5: [8086:0f45] type 00 class 0x0c8000
01-01 00:00:00.940     1     1 I KERNEL  : [    1.518506] pci 0000:00:18.5: reg 10: [mem 0xdefee000-0xdefeefff]
01-01 00:00:00.940     1     1 I KERNEL  : [    1.525330] pci 0000:00:18.5: reg 14: [mem 0xdefed000-0xdefedfff]
01-01 00:00:00.950     1     1 I KERNEL  : [    1.532261] pci 0000:00:18.6: [8086:0f46] type 00 class 0x0c8000
01-01 00:00:00.950     1     1 I KERNEL  : [    1.538997] pci 0000:00:18.6: reg 10: [mem 0xdefec000-0xdefecfff]
01-01 00:00:00.960     1     1 I KERNEL  : [    1.545833] pci 0000:00:18.6: reg 14: [mem 0xdefeb000-0xdefebfff]
01-01 00:00:00.960     1     1 I KERNEL  : [    1.552753] pci 0000:00:18.7: [8086:0f47] type 00 class 0x0c8000
01-01 00:00:00.970     1     1 I KERNEL  : [    1.559501] pci 0000:00:18.7: reg 10: [mem 0xdefea000-0xdefeafff]
01-01 00:00:00.970     1     1 I KERNEL  : [    1.566325] pci 0000:00:18.7: reg 14: [mem 0xdefe9000-0xdefe9fff]
01-01 00:00:00.980     1     1 I KERNEL  : [    1.573262] pci 0000:00:1a.0: [8086:0f18] type 00 class 0x108000
01-01 00:00:00.980     1     1 I KERNEL  : [    1.579988] pci 0000:00:1a.0: txe: set run wake flag
01-01 00:00:00.990     1     1 I KERNEL  : [    1.585554] pci 0000:00:1a.0: reg 10: [mem 0xdee00000-0xdeefffff]
01-01 00:00:00.990     1     1 I KERNEL  : [    1.592369] pci 0000:00:1a.0: reg 14: [mem 0xded00000-0xdedfffff]
01-01 00:00:01.000     1     1 I KERNEL  : [    1.599262] pci 0000:00:1a.0: Disabling D3
01-01 00:00:01.000     1     1 I KERNEL  : 
01-01 00:00:01.000     1     1 I KERNEL  : [    1.603705] pci 0000:00:1a.0: PME# supported from D0 D3hot
01-01 00:00:01.010     1     1 I KERNEL  : [    1.610086] pci 0000:00:1e.0: [8086:0f06] type 00 class 0x080102
01-01 00:00:01.010     1     1 I KERNEL  : [    1.616815] pci 0000:00:1e.0: reg 10: [mem 0xdecf8000-0xdecfbfff]
01-01 00:00:01.020     1     1 I KERNEL  : [    1.623646] pci 0000:00:1e.0: reg 14: [mem 0xdecf7000-0xdecf7fff]
01-01 00:00:01.020     1     1 I KERNEL  : [    1.630569] pci 0000:00:1e.3: [8086:0f0a] type 00 class 0x078000
01-01 00:00:01.030     1     1 I KERNEL  : [    1.637323] pci 0000:00:1e.3: reg 10: [mem 0xdecf2000-0xdecf2fff]
01-01 00:00:01.030     1     1 I KERNEL  : [    1.644147] pci 0000:00:1e.3: reg 14: [mem 0xdecf1000-0xdecf1fff]
01-01 00:00:01.040     1     1 I KERNEL  : [    1.651079] pci 0000:00:1e.4: [8086:0f0c] type 00 class 0x078000
01-01 00:00:01.040     1     1 I KERNEL  : [    1.657816] pci 0000:00:1e.4: reg 10: [mem 0xdecf0000-0xdecf0fff]
01-01 00:00:01.050     1     1 I KERNEL  : [    1.664650] pci 0000:00:1e.4: reg 14: [mem 0xdecef000-0xdeceffff]
01-01 00:00:01.050     1     1 I KERNEL  : [    1.671572] pci 0000:00:1f.0: [8086:0f1c] type 00 class 0x060100
01-01 00:00:01.060     1     1 I KERNEL  : [    1.678406] pci_bus 0000:00: on NUMA node 0
01-01 00:00:01.060     1     1 I KERNEL  : [    1.683088] ACPI: PCI Interrupt Routing Table [\_SB_.PCI0._PRT]
01-01 00:00:01.070     1     1 I KERNEL  : [    1.690228] \_SB_.PCI0:_OSC invalid UUID
01-01 00:00:01.070     1     1 I KERNEL  : [    1.694608] _OSC request data:
01-01 00:00:01.070     1     1 I KERNEL  : 1 
01-01 00:00:01.070     1     1 I KERNEL  : 1f 
01-01 00:00:01.070     1     1 I KERNEL  : 1f 
01-01 00:00:01.070     1     1 I KERNEL  : 
01-01 00:00:01.070     1     1 I KERNEL  : [    1.698799]  pci0000:00: Requesting ACPI _OSC control (0x1d)
01-01 00:00:01.080     1     1 I KERNEL  : [    1.705250] \_SB_.PCI0:_OSC invalid UUID
01-01 00:00:01.080     1     1 I KERNEL  : [    1.709639] _OSC request data:
01-01 00:00:01.080     1     1 I KERNEL  : 1 
01-01 00:00:01.080     1     1 I KERNEL  : 0 
01-01 00:00:01.080     1     1 I KERNEL  : 1d 
01-01 00:00:01.080     1     1 I KERNEL  : 
01-01 00:00:01.080     1     1 I KERNEL  : [    1.713747]  pci0000:00: ACPI _OSC request failed (AE_ERROR), returned control mask: 0x1d
01-01 00:00:01.090     1     1 I KERNEL  : [    1.722897] ACPI _OSC control for PCIe not granted, disabling ASPM
01-01 00:00:01.110     1     1 I KERNEL  : [    1.746244] ACPI: PCI Interrupt Link [LNKA] (IRQs
01-01 00:00:01.110     1     1 I KERNEL  :  3
01-01 00:00:01.110     1     1 I KERNEL  :  4
01-01 00:00:01.110     1     1 I KERNEL  :  5
01-01 00:00:01.110     1     1 I KERNEL  :  6
01-01 00:00:01.110     1     1 I KERNEL  :  10
01-01 00:00:01.110     1     1 I KERNEL  :  11
01-01 00:00:01.110     1     1 I KERNEL  :  12
01-01 00:00:01.120     1     1 I KERNEL  :  14
01-01 00:00:01.120     1     1 I KERNEL  :  15
01-01 00:00:01.120     1     1 I KERNEL  : )
01-01 00:00:01.120     1     1 I KERNEL  :  *0
01-01 00:00:01.120     1     1 I KERNEL  : , disabled.
01-01 00:00:01.120     1     1 I KERNEL  : 
01-01 00:00:01.120     1     1 I KERNEL  : [    1.755427] ACPI: PCI Interrupt Link [LNKB] (IRQs
01-01 00:00:01.120     1     1 I KERNEL  :  3
01-01 00:00:01.120     1     1 I KERNEL  :  4
01-01 00:00:01.120     1     1 I KERNEL  :  5
01-01 00:00:01.120     1     1 I KERNEL  :  6
01-01 00:00:01.120     1     1 I KERNEL  :  10
01-01 00:00:01.120     1     1 I KERNEL  :  11
01-01 00:00:01.120     1     1 I KERNEL  :  12
01-01 00:00:01.120     1     1 I KERNEL  :  14
01-01 00:00:01.120     1     1 I KERNEL  :  15
01-01 00:00:01.120     1     1 I KERNEL  : )
01-01 00:00:01.120     1     1 I KERNEL  :  *1
01-01 00:00:01.130     1     1 I KERNEL  : , disabled.
01-01 00:00:01.130     1     1 I KERNEL  : 
01-01 00:00:01.130     1     1 I KERNEL  : [    1.764606] ACPI: PCI Interrupt Link [LNKC] (IRQs
01-01 00:00:01.130     1     1 I KERNEL  :  3
01-01 00:00:01.130     1     1 I KERNEL  :  4
01-01 00:00:01.130     1     1 I KERNEL  :  5
01-01 00:00:01.130     1     1 I KERNEL  :  6
01-01 00:00:01.130     1     1 I KERNEL  :  10
01-01 00:00:01.130     1     1 I KERNEL  :  11
01-01 00:00:01.130     1     1 I KERNEL  :  12
01-01 00:00:01.130     1     1 I KERNEL  :  14
01-01 00:00:01.130     1     1 I KERNEL  :  15
01-01 00:00:01.130     1     1 I KERNEL  : )
01-01 00:00:01.130     1     1 I KERNEL  :  *2
01-01 00:00:01.130     1     1 I KERNEL  : , disabled.
01-01 00:00:01.140     1     1 I KERNEL  : 
01-01 00:00:01.140     1     1 I KERNEL  : [    1.773774] ACPI: PCI Interrupt Link [LNKD] (IRQs
01-01 00:00:01.140     1     1 I KERNEL  :  *3
01-01 00:00:01.140     1     1 I KERNEL  :  4
01-01 00:00:01.140     1     1 I KERNEL  :  5
01-01 00:00:01.140     1     1 I KERNEL  :  6
01-01 00:00:01.140     1     1 I KERNEL  :  10
01-01 00:00:01.140     1     1 I KERNEL  :  11
01-01 00:00:01.140     1     1 I KERNEL  :  12
01-01 00:00:01.140     1     1 I KERNEL  :  14
01-01 00:00:01.140     1     1 I KERNEL  :  15
01-01 00:00:01.140     1     1 I KERNEL  : )
01-01 00:00:01.140     1     1 I KERNEL  : , disabled.
01-01 00:00:01.140     1     1 I KERNEL  : 
01-01 00:00:01.140     1     1 I KERNEL  : [    1.782723] ACPI: PCI Interrupt Link [LNKE] (IRQs
01-01 00:00:01.150     1     1 I KERNEL  :  3
01-01 00:00:01.150     1     1 I KERNEL  :  *4
01-01 00:00:01.150     1     1 I KERNEL  :  5
01-01 00:00:01.150     1     1 I KERNEL  :  6
01-01 00:00:01.150     1     1 I KERNEL  :  10
01-01 00:00:01.150     1     1 I KERNEL  :  11
01-01 00:00:01.150     1     1 I KERNEL  :  12
01-01 00:00:01.150     1     1 I KERNEL  :  14
01-01 00:00:01.150     1     1 I KERNEL  :  15
01-01 00:00:01.150     1     1 I KERNEL  : )
01-01 00:00:01.150     1     1 I KERNEL  : , disabled.
01-01 00:00:01.150     1     1 I KERNEL  : 
01-01 00:00:01.150     1     1 I KERNEL  : [    1.791687] ACPI: PCI Interrupt Link [LNKF] (IRQs
01-01 00:00:01.150     1     1 I KERNEL  :  3
01-01 00:00:01.150     1     1 I KERNEL  :  4
01-01 00:00:01.150     1     1 I KERNEL  :  *5
01-01 00:00:01.150     1     1 I KERNEL  :  6
01-01 00:00:01.150     1     1 I KERNEL  :  10
01-01 00:00:01.160     1     1 I KERNEL  :  11
01-01 00:00:01.160     1     1 I KERNEL  :  12
01-01 00:00:01.160     1     1 I KERNEL  :  14
01-01 00:00:01.160     1     1 I KERNEL  :  15
01-01 00:00:01.160     1     1 I KERNEL  : )
01-01 00:00:01.160     1     1 I KERNEL  : , disabled.
01-01 00:00:01.160     1     1 I KERNEL  : 
01-01 00:00:01.160     1     1 I KERNEL  : [    1.800668] ACPI: PCI Interrupt Link [LNKG] (IRQs
01-01 00:00:01.160     1     1 I KERNEL  :  3
01-01 00:00:01.160     1     1 I KERNEL  :  4
01-01 00:00:01.160     1     1 I KERNEL  :  5
01-01 00:00:01.160     1     1 I KERNEL  :  *6
01-01 00:00:01.160     1     1 I KERNEL  :  10
01-01 00:00:01.160     1     1 I KERNEL  :  11
01-01 00:00:01.160     1     1 I KERNEL  :  12
01-01 00:00:01.160     1     1 I KERNEL  :  14
01-01 00:00:01.160     1     1 I KERNEL  :  15
01-01 00:00:01.170     1     1 I KERNEL  : )
01-01 00:00:01.170     1     1 I KERNEL  : , disabled.
01-01 00:00:01.170     1     1 I KERNEL  : 
01-01 00:00:01.170     1     1 I KERNEL  : [    1.809665] ACPI: PCI Interrupt Link [LNKH] (IRQs
01-01 00:00:01.170     1     1 I KERNEL  :  3
01-01 00:00:01.170     1     1 I KERNEL  :  4
01-01 00:00:01.170     1     1 I KERNEL  :  5
01-01 00:00:01.170     1     1 I KERNEL  :  6
01-01 00:00:01.170     1     1 I KERNEL  :  10
01-01 00:00:01.170     1     1 I KERNEL  :  11
01-01 00:00:01.170     1     1 I KERNEL  :  12
01-01 00:00:01.170     1     1 I KERNEL  :  14
01-01 00:00:01.170     1     1 I KERNEL  :  15
01-01 00:00:01.170     1     1 I KERNEL  : )
01-01 00:00:01.170     1     1 I KERNEL  :  *7
01-01 00:00:01.170     1     1 I KERNEL  : , disabled.
01-01 00:00:01.180     1     1 I KERNEL  : 
01-01 00:00:01.180     1     1 I KERNEL  : [    1.818859] vgaarb: device added: PCI:0000:00:02.0,decodes=io+mem,owns=io+mem,locks=none
01-01 00:00:01.180     1     1 I KERNEL  : [    1.827912] vgaarb: loaded
01-01 00:00:01.190     1     1 I KERNEL  : [    1.830950] vgaarb: bridge control possible 0000:00:02.0
01-01 00:00:01.190     1     1 I KERNEL  : [    1.837664] SCSI subsystem initialized
01-01 00:00:01.200     1     1 I KERNEL  : [    1.842283] libata version 3.00 loaded.
01-01 00:00:01.200     1     1 I KERNEL  : [    1.847133] usbcore: registered new interface driver usbfs
01-01 00:00:01.210     1     1 I KERNEL  : [    1.853386] usbcore: registered new interface driver hub
01-01 00:00:01.210     1     1 I KERNEL  : [    1.859603] usbcore: registered new device driver usb
01-01 00:00:01.220     1     1 I KERNEL  : [    1.865496] Linux media interface: v0.10
01-01 00:00:01.220     1     1 I KERNEL  : [    1.870020] Linux video capture interface: v2.00
01-01 00:00:01.230     1     1 I KERNEL  : [    1.875894] intel_rproc_scu intel_rproc_scu: intel_rproc_scu is available
01-01 00:00:01.240     1     1 I KERNEL  : [    1.883575] intel_rproc_scu intel_rproc_scu: Note: remoteproc is still under development and considered experimental.
01-01 00:00:01.250     1     1 I KERNEL  : [    1.895504] intel_rproc_scu intel_rproc_scu: THE BINARY FORMAT IS NOT YET FINALIZED, and backward compatibility isn't yet guaranteed.
01-01 00:00:01.260    30    30 I KERNEL  : [    1.909256] intel_rproc_scu intel_rproc_scu: registered virtio0 (type 7)
01-01 00:00:01.270     1     1 I KERNEL  : [    1.917093] intel_rproc_scu intel_rproc_scu: powering up intel_rproc_scu
01-01 00:00:01.280     1     1 I KERNEL  : [    1.924691] intel_rproc_scu intel_rproc_scu: Booting fw image intel_mid/intel_mid_remoteproc.fw, size 4456
01-01 00:00:01.290     1     1 I KERNEL  : [    1.935598] intel_rproc_scu intel_rproc_scu: remote processor intel_rproc_scu is now up
01-01 00:00:01.300     1     1 I KERNEL  : [    1.944887] NS announcement: 72 70 6d 73 67 5f 69 70 63 5f 63 6f 6d 6d 61 6e  rpmsg_ipc_comman
01-01 00:00:01.310     1     1 I KERNEL  : [    1.954591] NS announcement: 64 00 00 00 00 00 00 00 00 00 00 00 00 00 00 00  d...............
01-01 00:00:01.320     1     1 I KERNEL  : [    1.964237] NS announcement: a0 00 00 00 00 00 00 00                          ........
01-01 00:00:01.330     1     1 I KERNEL  : [    1.973177] virtio_rpmsg_bus virtio0: creating channel rpmsg_ipc_command addr 0xa0
01-01 00:00:01.340     1     1 I KERNEL  : [    1.981738] NS announcement: 72 70 6d 73 67 5f 69 70 63 5f 73 69 6d 70 6c 65  rpmsg_ipc_simple
01-01 00:00:01.340     1     1 I KERNEL  : [    1.991358] NS announcement: 5f 63 6f 6d 6d 61 6e 64 00 00 00 00 00 00 00 00  _command........
01-01 00:00:01.350     1     1 I KERNEL  : [    2.000991] NS announcement: a1 00 00 00 00 00 00 00                          ........
01-01 00:00:01.350     1     1 I KERNEL  : [    2.009835] virtio_rpmsg_bus virtio0: creating channel rpmsg_ipc_simple_command addr 0xa1
01-01 00:00:01.360     1     1 I KERNEL  : [    2.019037] NS announcement: 72 70 6d 73 67 5f 69 70 63 5f 72 61 77 5f 63 6f  rpmsg_ipc_raw_co
01-01 00:00:01.360     1     1 I KERNEL  : [    2.028656] NS announcement: 6d 6d 61 6e 64 00 00 00 00 00 00 00 00 00 00 00  mmand...........
01-01 00:00:01.370     1     1 I KERNEL  : [    2.038295] NS announcement: a2 00 00 00 00 00 00 00                          ........
01-01 00:00:01.370     1     1 I KERNEL  : [    2.047153] virtio_rpmsg_bus virtio0: creating channel rpmsg_ipc_raw_command addr 0xa2
01-01 00:00:01.380     1     1 I KERNEL  : [    2.056236] NS announcement: 72 70 6d 73 67 5f 70 6d 69 63 00 00 00 00 00 00  rpmsg_pmic......
01-01 00:00:01.390     1     1 I KERNEL  : [    2.065885] NS announcement: 00 00 00 00 00 00 00 00 00 00 00 00 00 00 00 00  ................
01-01 00:00:01.400     1     1 I KERNEL  : [    2.075575] NS announcement: ff 00 00 00 00 00 00 00                          ........
01-01 00:00:01.410     1     1 I KERNEL  : [    2.084449] virtio_rpmsg_bus virtio0: creating channel rpmsg_pmic addr 0xff
01-01 00:00:01.420     1     1 I KERNEL  : [    2.092460] NS announcement: 72 70 6d 73 67 5f 6d 69 70 00 00 00 00 00 00 00  rpmsg_mip.......
01-01 00:00:01.430     1     1 I KERNEL  : [    2.102100] NS announcement: 00 00 00 00 00 00 00 00 00 00 00 00 00 00 00 00  ................
01-01 00:00:01.440     1     1 I KERNEL  : [    2.111778] NS announcement: ec 00 00 00 00 00 00 00                          ........
01-01 00:00:01.450     1     1 I KERNEL  : [    2.120651] virtio_rpmsg_bus virtio0: creating channel rpmsg_mip addr 0xec
01-01 00:00:01.460     1     1 I KERNEL  : [    2.128526] NS announcement: 72 70 6d 73 67 5f 66 77 5f 75 70 64 61 74 65 00  rpmsg_fw_update.
01-01 00:00:01.460     1     1 I KERNEL  : [    2.138143] NS announcement: 00 00 00 00 00 00 00 00 00 00 00 00 00 00 00 00  ................
01-01 00:00:01.470     1     1 I KERNEL  : [    2.147830] NS announcement: 13 00 00 00 00 00 00 00                          ........
01-01 00:00:01.480     1     1 I KERNEL  : [    2.156702] virtio_rpmsg_bus virtio0: creating channel rpmsg_fw_update addr 0x13
01-01 00:00:01.490     1     1 I KERNEL  : [    2.165198] NS announcement: 72 70 6d 73 67 5f 69 70 63 5f 75 74 69 6c 00 00  rpmsg_ipc_util..
01-01 00:00:01.500     1     1 I KERNEL  : [    2.174847] NS announcement: 00 00 00 00 00 00 00 00 00 00 00 00 00 00 00 00  ................
01-01 00:00:01.500     1     1 I KERNEL  : [    2.184466] NS announcement: 12 00 00 00 00 00 00 00                          ........
01-01 00:00:01.510     1     1 I KERNEL  : [    2.193324] virtio_rpmsg_bus virtio0: creating channel rpmsg_ipc_util addr 0x12
01-01 00:00:01.510     1     1 I KERNEL  : [    2.201538] NS announcement: 72 70 6d 73 67 5f 77 61 74 63 68 64 6f 67 00 00  rpmsg_watchdog..
01-01 00:00:01.520     1     1 I KERNEL  : [    2.211172] NS announcement: 00 00 00 00 00 00 00 00 00 00 00 00 00 00 00 00  ................
01-01 00:00:01.520     1     1 I KERNEL  : [    2.220791] NS announcement: f8 00 00 00 00 00 00 00                          ........
01-01 00:00:01.530     1     1 I KERNEL  : [    2.229649] virtio_rpmsg_bus virtio0: creating channel rpmsg_watchdog addr 0xf8
01-01 00:00:01.530     1     1 I KERNEL  : [    2.237867] NS announcement: 72 70 6d 73 67 5f 75 6d 69 70 00 00 00 00 00 00  rpmsg_umip......
01-01 00:00:01.540     1     1 I KERNEL  : [    2.247500] NS announcement: 00 00 00 00 00 00 00 00 00 00 00 00 00 00 00 00  ................
01-01 00:00:01.540     1     1 I KERNEL  : [    2.257148] NS announcement: 14 00 00 00 00 00 00 00                          ........
01-01 00:00:01.550     1     1 I KERNEL  : [    2.266055] virtio_rpmsg_bus virtio0: creating channel rpmsg_umip addr 0x14
01-01 00:00:01.560     1     1 I KERNEL  : [    2.274021] NS announcement: 72 70 6d 73 67 5f 6f 73 69 70 00 00 00 00 00 00  rpmsg_osip......
01-01 00:00:01.570     1     1 I KERNEL  : [    2.283712] NS announcement: 00 00 00 00 00 00 00 00 00 00 00 00 00 00 00 00  ................
01-01 00:00:01.580     1     1 I KERNEL  : [    2.293361] NS announcement: 15 00 00 00 00 00 00 00                          ........
01-01 00:00:01.590     1     1 I KERNEL  : [    2.302263] virtio_rpmsg_bus virtio0: creating channel rpmsg_osip addr 0x15
01-01 00:00:01.600     1     1 I KERNEL  : [    2.310227] NS announcement: 72 70 6d 73 67 5f 76 72 74 63 00 00 00 00 00 00  rpmsg_vrtc......
01-01 00:00:01.610     1     1 I KERNEL  : [    2.319918] NS announcement: 00 00 00 00 00 00 00 00 00 00 00 00 00 00 00 00  ................
01-01 00:00:01.620     1     1 I KERNEL  : [    2.329566] NS announcement: fa 00 00 00 00 00 00 00                          ........
01-01 00:00:01.630     1     1 I KERNEL  : [    2.338475] virtio_rpmsg_bus virtio0: creating channel rpmsg_vrtc addr 0xfa
01-01 00:00:01.630     1     1 I KERNEL  : [    2.346507] NS announcement: 72 70 6d 73 67 5f 66 77 5f 6c 6f 67 67 69 6e 67  rpmsg_fw_logging
01-01 00:00:01.640     1     1 I KERNEL  : [    2.356155] NS announcement: 00 00 00 00 00 00 00 00 00 00 00 00 00 00 00 00  ................
01-01 00:00:01.650     1     1 I KERNEL  : [    2.365855] NS announcement: 27 00 00 00 00 00 00 00                          '.......
01-01 00:00:01.660     1     1 I KERNEL  : [    2.374742] virtio_rpmsg_bus virtio0: creating channel rpmsg_fw_logging addr 0x27
01-01 00:00:01.660     1     1 I KERNEL  : [    2.383157] NS announcement: 72 70 6d 73 67 5f 6b 70 64 5f 6c 65 64 00 00 00  rpmsg_kpd_led...
01-01 00:00:01.670     1     1 I KERNEL  : [    2.392791] NS announcement: 00 00 00 00 00 00 00 00 00 00 00 00 00 00 00 00  ................
01-01 00:00:01.670     1     1 I KERNEL  : [    2.402410] NS announcement: 23 00 00 00 00 00 00 00                          #.......
01-01 00:00:01.680     1     1 I KERNEL  : [    2.411268] virtio_rpmsg_bus virtio0: creating channel rpmsg_kpd_led addr 0x23
01-01 00:00:01.680     1     1 I KERNEL  : [    2.419385] NS announcement: 72 70 6d 73 67 5f 6d 6f 64 65 6d 5f 6e 76 72 61  rpmsg_modem_nvra
01-01 00:00:01.690     1     1 I KERNEL  : [    2.429019] NS announcement: 6d 00 00 00 00 00 00 00 00 00 00 00 00 00 00 00  m...............
01-01 00:00:01.690     1     1 I KERNEL  : [    2.438638] NS announcement: a1 00 00 00 00 00 00 00                          ........
01-01 00:00:01.700     1     1 I KERNEL  : [    2.447500] virtio_rpmsg_bus virtio0: creating channel rpmsg_modem_nvram addr 0xa1
01-01 00:00:01.700     1     1 I KERNEL  : [    2.456158] virtio_rpmsg_bus virtio0: rpmsg host is online
01-01 00:00:01.710     1     1 I KERNEL  : [    2.462407] intel_mid_rpmsg rpmsg0: Probed rpmsg_ipc device rpmsg_ipc_command
01-01 00:00:01.720     1     1 I KERNEL  : [    2.470452] intel_mid_rpmsg rpmsg0: Allocating rpmsg_instance
01-01 00:00:01.720     1     1 I KERNEL  : [    2.476962] intel_mid_rpmsg rpmsg1: Probed rpmsg_ipc device rpmsg_ipc_simple_command
01-01 00:00:01.730     1     1 I KERNEL  : [    2.485693] intel_mid_rpmsg rpmsg1: Allocating rpmsg_instance
01-01 00:00:01.740     1     1 I KERNEL  : [    2.492198] intel_mid_rpmsg rpmsg2: Probed rpmsg_ipc device rpmsg_ipc_raw_command
01-01 00:00:01.750     1     1 I KERNEL  : [    2.500637] intel_mid_rpmsg rpmsg2: Allocating rpmsg_instance
01-01 00:00:01.750     1     1 I KERNEL  : [    2.507255] Advanced Linux Sound Architecture Driver Version 1.0.25.
01-01 00:00:01.760     1     1 I KERNEL  : [    2.514501] PCI: Using ACPI for IRQ routing
01-01 00:00:01.780     1     1 I KERNEL  : [    2.533580] PCI: pci_cache_line_size set to 64 bytes
01-01 00:00:01.790     1     1 I KERNEL  : [    2.539214] pci 0000:00:02.0: address space collision: [mem 0xdfc00000-0xdfffffff] conflicts with PCI Bus 0000:00 [mem 0x3b000001-0xffffffff]
01-01 00:00:01.800     1     1 I KERNEL  : [    2.553490] pci 0000:00:02.0: address space collision: [mem 0xc0000000-0xcfffffff pref] conflicts with PCI Bus 0000:00 [mem 0x3b000001-0xffffffff]
01-01 00:00:01.820     1     1 I KERNEL  : [    2.568270] pci 0000:00:03.0: address space collision: [mem 0xdf800000-0xdfbfffff] conflicts with PCI Bus 0000:00 [mem 0x3b000001-0xffffffff]
01-01 00:00:01.830     1     1 I KERNEL  : [    2.582563] pci 0000:00:11.0: address space collision: [mem 0xdf7ff000-0xdf7fffff] conflicts with PCI Bus 0000:00 [mem 0x3b000001-0xffffffff]
01-01 00:00:01.840     1     1 I KERNEL  : [    2.596837] pci 0000:00:11.0: address space collision: [mem 0xdf7fe000-0xdf7fefff] conflicts with PCI Bus 0000:00 [mem 0x3b000001-0xffffffff]
01-01 00:00:01.860     1     1 I KERNEL  : [    2.611117] pci 0000:00:12.0: address space collision: [mem 0xdf7fd000-0xdf7fdfff] conflicts with PCI Bus 0000:00 [mem 0x3b000001-0xffffffff]
01-01 00:00:01.870     1     1 I KERNEL  : [    2.625409] pci 0000:00:12.0: address space collision: [mem 0xdf7fc000-0xdf7fcfff] conflicts with PCI Bus 0000:00 [mem 0x3b000001-0xffffffff]
01-01 00:00:01.880     1     1 I KERNEL  : [    2.639645] pci 0000:00:14.0: address space collision: [mem 0xdf7e0000-0xdf7effff 64bit] conflicts with PCI Bus 0000:00 [mem 0x3b000001-0xffffffff]
01-01 00:00:01.890     1     1 I KERNEL  : [    2.654431] pci 0000:00:16.0: address space collision: [mem 0xdf000000-0xdf1fffff] conflicts with PCI Bus 0000:00 [mem 0x3b000001-0xffffffff]
01-01 00:00:01.900     1     1 I KERNEL  : [    2.668631] pci 0000:00:16.0: address space collision: [mem 0xdefff000-0xdeffffff] conflicts with PCI Bus 0000:00 [mem 0x3b000001-0xffffffff]
01-01 00:00:01.910     1     1 I KERNEL  : [    2.682834] pci 0000:00:17.0: address space collision: [mem 0xdeffe000-0xdeffefff] conflicts with PCI Bus 0000:00 [mem 0x3b000001-0xffffffff]
01-01 00:00:01.920     1     1 I KERNEL  : [    2.697034] pci 0000:00:17.0: address space collision: [mem 0xdeffd000-0xdeffdfff] conflicts with PCI Bus 0000:00 [mem 0x3b000001-0xffffffff]
01-01 00:00:01.930     1     1 I KERNEL  : [    2.711238] pci 0000:00:18.0: address space collision: [mem 0xdeff8000-0xdeffbfff] conflicts with PCI Bus 0000:00 [mem 0x3b000001-0xffffffff]
01-01 00:00:01.940     1     1 I KERNEL  : [    2.725445] pci 0000:00:18.0: address space collision: [mem 0xdeff7000-0xdeff7fff] conflicts with PCI Bus 0000:00 [mem 0x3b000001-0xffffffff]
01-01 00:00:01.950     1     1 I KERNEL  : [    2.739655] pci 0000:00:18.1: address space collision: [mem 0xdeff6000-0xdeff6fff] conflicts with PCI Bus 0000:00 [mem 0x3b000001-0xffffffff]
01-01 00:00:01.960     1     1 I KERNEL  : [    2.753924] pci 0000:00:18.1: address space collision: [mem 0xdeff5000-0xdeff5fff] conflicts with PCI Bus 0000:00 [mem 0x3b000001-0xffffffff]
01-01 00:00:01.980     1     1 I KERNEL  : [    2.768206] pci 0000:00:18.2: address space collision: [mem 0xdeff4000-0xdeff4fff] conflicts with PCI Bus 0000:00 [mem 0x3b000001-0xffffffff]
01-01 00:00:01.990     1     1 I KERNEL  : [    2.782489] pci 0000:00:18.2: address space collision: [mem 0xdeff3000-0xdeff3fff] conflicts with PCI Bus 0000:00 [mem 0x3b000001-0xffffffff]
01-01 00:00:02.010     1     1 I KERNEL  : [    2.796770] pci 0000:00:18.3: address space collision: [mem 0xdeff2000-0xdeff2fff] conflicts with PCI Bus 0000:00 [mem 0x3b000001-0xffffffff]
01-01 00:00:02.020     1     1 I KERNEL  : [    2.811052] pci 0000:00:18.3: address space collision: [mem 0xdeff1000-0xdeff1fff] conflicts with PCI Bus 0000:00 [mem 0x3b000001-0xffffffff]
01-01 00:00:02.030     1     1 I KERNEL  : [    2.825342] pci 0000:00:18.4: address space collision: [mem 0xdeff0000-0xdeff0fff] conflicts with PCI Bus 0000:00 [mem 0x3b000001-0xffffffff]
01-01 00:00:02.050     1     1 I KERNEL  : [    2.839616] pci 0000:00:18.4: address space collision: [mem 0xdefef000-0xdefeffff] conflicts with PCI Bus 0000:00 [mem 0x3b000001-0xffffffff]
01-01 00:00:02.060     1     1 I KERNEL  : [    2.853896] pci 0000:00:18.5: address space collision: [mem 0xdefee000-0xdefeefff] conflicts with PCI Bus 0000:00 [mem 0x3b000001-0xffffffff]
01-01 00:00:02.080     1     1 I KERNEL  : [    2.868185] pci 0000:00:18.5: address space collision: [mem 0xdefed000-0xdefedfff] conflicts with PCI Bus 0000:00 [mem 0x3b000001-0xffffffff]
01-01 00:00:02.090     1     1 I KERNEL  : [    2.882419] pci 0000:00:18.6: address space collision: [mem 0xdefec000-0xdefecfff] conflicts with PCI Bus 0000:00 [mem 0x3b000001-0xffffffff]
01-01 00:00:02.100     1     1 I KERNEL  : [    2.896619] pci 0000:00:18.6: address space collision: [mem 0xdefeb000-0xdefebfff] conflicts with PCI Bus 0000:00 [mem 0x3b000001-0xffffffff]
01-01 00:00:02.110     1     1 I KERNEL  : [    2.910822] pci 0000:00:18.7: address space collision: [mem 0xdefea000-0xdefeafff] conflicts with PCI Bus 0000:00 [mem 0x3b000001-0xffffffff]
01-01 00:00:02.120     1     1 I KERNEL  : [    2.925022] pci 0000:00:18.7: address space collision: [mem 0xdefe9000-0xdefe9fff] conflicts with PCI Bus 0000:00 [mem 0x3b000001-0xffffffff]
01-01 00:00:02.130     1     1 I KERNEL  : [    2.939226] pci 0000:00:1a.0: address space collision: [mem 0xdee00000-0xdeefffff] conflicts with PCI Bus 0000:00 [mem 0x3b000001-0xffffffff]
01-01 00:00:02.140     1     1 I KERNEL  : [    2.953431] pci 0000:00:1a.0: address space collision: [mem 0xded00000-0xdedfffff] conflicts with PCI Bus 0000:00 [mem 0x3b000001-0xffffffff]
01-01 00:00:02.150     1     1 I KERNEL  : [    2.967641] pci 0000:00:1e.0: address space collision: [mem 0xdecf8000-0xdecfbfff] conflicts with PCI Bus 0000:00 [mem 0x3b000001-0xffffffff]
01-01 00:00:02.160     1     1 I KERNEL  : [    2.981899] pci 0000:00:1e.0: address space collision: [mem 0xdecf7000-0xdecf7fff] conflicts with PCI Bus 0000:00 [mem 0x3b000001-0xffffffff]
01-01 00:00:02.180     1     1 I KERNEL  : [    2.996190] pci 0000:00:1e.3: address space collision: [mem 0xdecf2000-0xdecf2fff] conflicts with PCI Bus 0000:00 [mem 0x3b000001-0xffffffff]
01-01 00:00:02.190     1     1 I KERNEL  : [    3.010418] pci 0000:00:1e.3: address space collision: [mem 0xdecf1000-0xdecf1fff] conflicts with PCI Bus 0000:00 [mem 0x3b000001-0xffffffff]
01-01 00:00:02.200     1     1 I KERNEL  : [    3.024621] pci 0000:00:1e.4: address space collision: [mem 0xdecf0000-0xdecf0fff] conflicts with PCI Bus 0000:00 [mem 0x3b000001-0xffffffff]
01-01 00:00:02.210     1     1 I KERNEL  : [    3.038821] pci 0000:00:1e.4: address space collision: [mem 0xdecef000-0xdeceffff] conflicts with PCI Bus 0000:00 [mem 0x3b000001-0xffffffff]
01-01 00:00:02.220     1     1 I KERNEL  : [    3.053080] Expanded resource reserved due to conflict with PCI Bus 0000:00
01-01 00:00:02.220     1     1 I KERNEL  : [    3.060858] reserve RAM buffer: 0000000000098000 - 000000000009ffff 
01-01 00:00:02.230     1     1 I KERNEL  : 
01-01 00:00:02.230     1     1 I KERNEL  : [    3.067778] reserve RAM buffer: 000000001e000000 - 000000001fffffff 
01-01 00:00:02.230     1     1 I KERNEL  : 
01-01 00:00:02.230     1     1 I KERNEL  : [    3.074887] reserve RAM buffer: 000000003a8d0000 - 000000003bffffff 
01-01 00:00:02.240     8     8 I KERNEL  : 
01-01 00:00:02.240     8     8 I KERNEL  : [    3.082391] cfg80211: Calling CRDA to update world regulatory domain
01-01 00:00:02.240     1     1 I KERNEL  : [    3.089836] nfc: nfc_init: NFC Core ver 0.1
01-01 00:00:02.250     1     1 I KERNEL  : [    3.094546] NET: Registered protocol family 39
01-01 00:00:02.250     1     1 I KERNEL  : [    3.101860] hsu core clock 100 M
01-01 00:00:02.260     1     1 I KERNEL  : [    3.105521] VLV2: fix up PCI interrupt routing
01-01 00:00:02.330     1     1 I KERNEL  : [    3.184392] pnp: PnP ACPI init
01-01 00:00:02.340     1     1 I KERNEL  : [    3.187963] ACPI: bus type pnp registered
01-01 00:00:02.340     1     1 I KERNEL  : [    3.192823] pnp 00:00: Plug and Play ACPI device, IDs PNP0b00 (active)
01-01 00:00:02.350     1     1 I KERNEL  : [    3.200413] ACPI: IRQ 8 override to level, high
01-01 00:00:02.360     1     1 I KERNEL  : [    3.205752] pnp 00:01: Plug and Play ACPI device, IDs PNP0103 (active)
01-01 00:00:02.360     1     1 I KERNEL  : [    3.213391] pnp 00:02: Plug and Play ACPI device, IDs INT0800 (active)
01-01 00:00:02.370     1     1 I KERNEL  : [    3.221079] system 00:03: [io  0x0680-0x069f] has been reserved
01-01 00:00:02.380     1     1 I KERNEL  : [    3.227718] system 00:03: [io  0x0400-0x047f] has been reserved
01-01 00:00:02.380     1     1 I KERNEL  : [    3.234331] system 00:03: [io  0x0500-0x05fe] has been reserved
01-01 00:00:02.390     1     1 I KERNEL  : [    3.240960] system 00:03: [io  0x0600-0x061f] has been reserved
01-01 00:00:02.390     1     1 I KERNEL  : [    3.247581] system 00:03: [io  0x164e-0x164f] has been reserved
01-01 00:00:02.400     1     1 I KERNEL  : [    3.254214] system 00:03: Plug and Play ACPI device, IDs PNP0c02 (active)
01-01 00:00:02.400     1     1 I KERNEL  : [    3.262457] pnp 00:04: unknown resource type 17 in _CRS
01-01 00:00:02.410     1     1 I KERNEL  : [    3.268307] pnp 00:04: can't evaluate _CRS: 1
01-01 00:00:02.410     1     1 I KERNEL  : 
01-01 00:00:02.410     1     1 I KERNEL  : [    3.273056] pnp 00:04: Plug and Play ACPI device, IDs BCM4321 (active)
01-01 00:00:02.420     1     1 I KERNEL  : [    3.281012] pnp 00:05: Plug and Play ACPI device, IDs INT0002 (active)
01-01 00:00:02.420     1     1 I KERNEL  : [    3.288560] pnp 00:06: Plug and Play ACPI device, IDs HAD0f28 (active)
01-01 00:00:02.430     1     1 I KERNEL  : [    3.296098] gpiochip_add: registered GPIOs 0 to 101 on device: 00:07
01-01 00:00:02.430     1     1 I KERNEL  : [    3.303820] vlv_gpio 00:07: \_SB.GPO0: gpio base 0
01-01 00:00:02.440     1     1 I KERNEL  : [    3.309187] vlv_gpio 00:07: Plug and Play ACPI device, IDs INT33b2 (active)
01-01 00:00:02.440     1     1 I KERNEL  : [    3.317169] gpiochip_add: registered GPIOs 102 to 129 on device: 00:08
01-01 00:00:02.450     1     1 I KERNEL  : [    3.324675] vlv_gpio 00:08: \_SB.GPO1: gpio base 102
01-01 00:00:02.450     1     1 I KERNEL  : [    3.330233] vlv_gpio 00:08: Plug and Play ACPI device, IDs INT33b2 (active)
01-01 00:00:02.460     1     1 I KERNEL  : [    3.338249] gpiochip_add: registered GPIOs 130 to 173 on device: 00:09
01-01 00:00:02.460     1     1 I KERNEL  : [    3.345853] vlv_gpio 00:09: \_SB.GPO2: gpio base 130
01-01 00:00:02.470     1     1 I KERNEL  : [    3.351419] vlv_gpio 00:09: Plug and Play ACPI device, IDs INT33b2 (active)
01-01 00:00:02.470     1     1 I KERNEL  : [    3.359851] pnp 00:0a: unknown resource type 19 in _CRS
01-01 00:00:02.480     1     1 I KERNEL  : [    3.365701] pnp 00:0a: can't evaluate _CRS: 1
01-01 00:00:02.480     1     1 I KERNEL  : 
01-01 00:00:02.480     1     1 I KERNEL  : [    3.370442] pnp 00:0a: Plug and Play ACPI device, IDs SMB0349 (active)
01-01 00:00:02.490     1     1 I KERNEL  : [    3.378254] pnp 00:0b: unknown resource type 17 in _CRS
01-01 00:00:02.490     1     1 I KERNEL  : [    3.384127] pnp 00:0b: can't evaluate _CRS: 1
01-01 00:00:02.500     1     1 I KERNEL  : 
01-01 00:00:02.500     1     1 I KERNEL  : [    3.389086] pnp 00:0b: Plug and Play ACPI device, IDs INTcf0b (active)
01-01 00:00:02.500     1     1 I KERNEL  : [    3.396889] pnp 00:0c: unknown resource type 17 in _CRS
01-01 00:00:02.510     1     1 I KERNEL  : [    3.402784] pnp 00:0c: can't evaluate _CRS: 1
01-01 00:00:02.510     1     1 I KERNEL  : 
01-01 00:00:02.520     1     1 I KERNEL  : [    3.407761] pnp 00:0c: Plug and Play ACPI device, IDs INTcf1a (active)
01-01 00:00:02.520     1     1 I KERNEL  : [    3.415657] pnp 00:0d: unknown resource type 17 in _CRS
01-01 00:00:02.530     1     1 I KERNEL  : [    3.421554] pnp 00:0d: can't evaluate _CRS: 1
01-01 00:00:02.530     1     1 I KERNEL  : 
01-01 00:00:02.530     1     1 I KERNEL  : [    3.426546] pnp 00:0d: Plug and Play ACPI device, IDs INTcf1c (active)
01-01 00:00:02.540     1     1 I KERNEL  : [    3.434513] pnp 00:0e: unknown resource type 19 in _CRS
01-01 00:00:02.550     1     1 I KERNEL  : [    3.440430] pnp 00:0e: can't evaluate _CRS: 1
01-01 00:00:02.550     1     1 I KERNEL  : 
01-01 00:00:02.550     1     1 I KERNEL  : [    3.445404] pnp 00:0e: Plug and Play ACPI device, IDs SMO91d0 PNP0c50 (active)
01-01 00:00:02.560     1     1 I KERNEL  : [    3.454043] pnp 00:0f: unknown resource type 19 in _CRS
01-01 00:00:02.570     1     1 I KERNEL  : [    3.459956] pnp 00:0f: can't evaluate _CRS: 1
01-01 00:00:02.570     1     1 I KERNEL  : 
01-01 00:00:02.570     1     1 I KERNEL  : [    3.464757] pnp 00:0f: Plug and Play ACPI device, IDs BMA2220 (active)
01-01 00:00:02.580     1     1 I KERNEL  : [    3.472322] pnp 00:10: unknown resource type 19 in _CRS
01-01 00:00:02.580     1     1 I KERNEL  : [    3.478159] pnp 00:10: can't evaluate _CRS: 1
01-01 00:00:02.590     1     1 I KERNEL  : 
01-01 00:00:02.590     1     1 I KERNEL  : [    3.482920] pnp 00:10: Plug and Play ACPI device, IDs LTR3010 (active)
01-01 00:00:02.590     1     1 I KERNEL  : [    3.490735] pnp 00:11: unknown resource type 17 in _CRS
01-01 00:00:02.600     1     1 I KERNEL  : [    3.496585] pnp 00:11: can't evaluate _CRS: 1
01-01 00:00:02.600     1     1 I KERNEL  : 
01-01 00:00:02.600     1     1 I KERNEL  : [    3.501332] pnp 00:11: Plug and Play ACPI device, IDs INTcfd9 PNP0c40 (active)
01-01 00:00:02.610     1     1 I KERNEL  : [    3.509742] pnp 00:12: Plug and Play ACPI device, IDs INT33bd (active)
01-01 00:00:02.610     1     1 I KERNEL  : [    3.517078] pnp: PnP ACPI: found 19 devices
01-01 00:00:02.620     1     1 I KERNEL  : [    3.521759] ACPI: ACPI bus type pnp unregistered
01-01 00:00:02.670     1     1 I KERNEL  : [    3.571688] Switching to clocksource acpi_pm
01-01 00:00:02.670     1     1 I KERNEL  : [    3.576830] pci 0000:00:02.0: BAR 2: assigned [mem 0x40000000-0x4fffffff pref]
01-01 00:00:02.670     1     1 I KERNEL  : [    3.585033] pci 0000:00:02.0: BAR 0: assigned [mem 0x50000000-0x503fffff]
01-01 00:00:02.679     1     1 I KERNEL  : [    3.592718] pci 0000:00:03.0: BAR 0: assigned [mem 0x50400000-0x507fffff]
01-01 00:00:02.689     1     1 I KERNEL  : [    3.600465] pci 0000:00:16.0: BAR 0: assigned [mem 0x50800000-0x509fffff]
01-01 00:00:02.699     1     1 I KERNEL  : [    3.608117] pci 0000:00:1a.0: BAR 0: assigned [mem 0x50a00000-0x50afffff]
01-01 00:00:02.699     1     1 I KERNEL  : [    3.615707] pci 0000:00:1a.0: BAR 1: assigned [mem 0x50b00000-0x50bfffff]
01-01 00:00:02.709     1     1 I KERNEL  : [    3.623328] pci 0000:00:14.0: BAR 0: assigned [mem 0x50c00000-0x50c0ffff 64bit]
01-01 00:00:02.719     1     1 I KERNEL  : [    3.631558] pci 0000:00:18.0: BAR 0: assigned [mem 0x50c10000-0x50c13fff]
01-01 00:00:02.729     1     1 I KERNEL  : [    3.639228] pci 0000:00:1e.0: BAR 0: assigned [mem 0x50c14000-0x50c17fff]
01-01 00:00:02.739     1     1 I KERNEL  : [    3.646927] pci 0000:00:11.0: BAR 0: assigned [mem 0x50c18000-0x50c18fff]
01-01 00:00:02.739     1     1 I KERNEL  : [    3.654582] pci 0000:00:11.0: BAR 1: assigned [mem 0x50c19000-0x50c19fff]
01-01 00:00:02.749     1     1 I KERNEL  : [    3.662335] pci 0000:00:12.0: BAR 0: assigned [mem 0x50c1a000-0x50c1afff]
01-01 00:00:02.759     1     1 I KERNEL  : [    3.669984] pci 0000:00:12.0: BAR 1: assigned [mem 0x50c1b000-0x50c1bfff]
01-01 00:00:02.769     1     1 I KERNEL  : [    3.677600] pci 0000:00:16.0: BAR 1: assigned [mem 0x50c1c000-0x50c1cfff]
01-01 00:00:02.769     1     1 I KERNEL  : [    3.685184] pci 0000:00:17.0: BAR 0: assigned [mem 0x50c1d000-0x50c1dfff]
01-01 00:00:02.779     1     1 I KERNEL  : [    3.692823] pci 0000:00:17.0: BAR 1: assigned [mem 0x50c1e000-0x50c1efff]
01-01 00:00:02.789     1     1 I KERNEL  : [    3.700522] pci 0000:00:18.0: BAR 1: assigned [mem 0x50c1f000-0x50c1ffff]
01-01 00:00:02.799     1     1 I KERNEL  : [    3.708233] pci 0000:00:18.1: BAR 0: assigned [mem 0x50c20000-0x50c20fff]
01-01 00:00:02.799     1     1 I KERNEL  : [    3.715887] pci 0000:00:18.1: BAR 1: assigned [mem 0x50c21000-0x50c21fff]
01-01 00:00:02.809     1     1 I KERNEL  : [    3.723638] pci 0000:00:18.2: BAR 0: assigned [mem 0x50c22000-0x50c22fff]
01-01 00:00:02.819     1     1 I KERNEL  : [    3.731288] pci 0000:00:18.2: BAR 1: assigned [mem 0x50c23000-0x50c23fff]
01-01 00:00:02.829     1     1 I KERNEL  : [    3.738902] pci 0000:00:18.3: BAR 0: assigned [mem 0x50c24000-0x50c24fff]
01-01 00:00:02.839     1     1 I KERNEL  : [    3.746543] pci 0000:00:18.3: BAR 1: assigned [mem 0x50c25000-0x50c25fff]
01-01 00:00:02.839     1     1 I KERNEL  : [    3.754180] pci 0000:00:18.4: BAR 0: assigned [mem 0x50c26000-0x50c26fff]
01-01 00:00:02.849     1     1 I KERNEL  : [    3.761894] pci 0000:00:18.4: BAR 1: assigned [mem 0x50c27000-0x50c27fff]
01-01 00:00:02.859     1     1 I KERNEL  : [    3.769606] pci 0000:00:18.5: BAR 0: assigned [mem 0x50c28000-0x50c28fff]
01-01 00:00:02.869     1     1 I KERNEL  : [    3.777351] pci 0000:00:18.5: BAR 1: assigned [mem 0x50c29000-0x50c29fff]
01-01 00:00:02.869     1     1 I KERNEL  : [    3.784972] pci 0000:00:18.6: BAR 0: assigned [mem 0x50c2a000-0x50c2afff]
01-01 00:00:02.879     1     1 I KERNEL  : [    3.792589] pci 0000:00:18.6: BAR 1: assigned [mem 0x50c2b000-0x50c2bfff]
01-01 00:00:02.889     1     1 I KERNEL  : [    3.800209] pci 0000:00:18.7: BAR 0: assigned [mem 0x50c2c000-0x50c2cfff]
01-01 00:00:02.899     1     1 I KERNEL  : [    3.807854] pci 0000:00:18.7: BAR 1: assigned [mem 0x50c2d000-0x50c2dfff]
01-01 00:00:02.899     1     1 I KERNEL  : [    3.815467] pci 0000:00:1e.0: BAR 1: assigned [mem 0x50c2e000-0x50c2efff]
01-01 00:00:02.909     1     1 I KERNEL  : [    3.823171] pci 0000:00:1e.3: BAR 0: assigned [mem 0x50c2f000-0x50c2ffff]
01-01 00:00:02.919     1     1 I KERNEL  : [    3.830885] pci 0000:00:1e.3: BAR 1: assigned [mem 0x50c30000-0x50c30fff]
01-01 00:00:02.929     1     1 I KERNEL  : [    3.838638] pci 0000:00:1e.4: BAR 0: assigned [mem 0x50c31000-0x50c31fff]
01-01 00:00:02.939     1     1 I KERNEL  : [    3.846288] pci 0000:00:1e.4: BAR 1: assigned [mem 0x50c32000-0x50c32fff]
01-01 00:00:02.939     1     1 I KERNEL  : [    3.853883] pci_bus 0000:00: resource 4 [io  0x0000-0x006f]
01-01 00:00:02.949     1     1 I KERNEL  : [    3.860135] pci_bus 0000:00: resource 5 [io  0x0078-0x0cf7]
01-01 00:00:02.959     1     1 I KERNEL  : [    3.866413] pci_bus 0000:00: resource 6 [io  0x0d00-0xffff]
01-01 00:00:02.959     1     1 I KERNEL  : [    3.872651] pci_bus 0000:00: resource 7 [mem 0x00000000-0xffffffff]
01-01 00:00:02.969     1     1 I KERNEL  : [    3.879750] pci_bus 0000:00: resource 8 [mem 0x000c0000-0x000dffff]
01-01 00:00:02.979     1     1 I KERNEL  : [    3.886858] pci_bus 0000:00: resource 9 [mem 0x000e0000-0x000fffff]
01-01 00:00:02.979     1     1 I KERNEL  : [    3.893888] pci_bus 0000:00: resource 10 [mem 0x3b000001-0xffffffff]
01-01 00:00:02.989     1     1 I KERNEL  : [    3.901318] NET: Registered protocol family 2
01-01 00:00:02.999     1     1 I KERNEL  : [    3.906336] IP route cache hash table entries: 32768 (order: 5, 131072 bytes)
01-01 00:00:02.999     1     1 I KERNEL  : [    3.914596] TCP established hash table entries: 131072 (order: 8, 1048576 bytes)
01-01 00:00:03.009     1     1 I KERNEL  : [    3.923721] TCP bind hash table entries: 65536 (order: 8, 1310720 bytes)
01-01 00:00:03.019     1     1 I KERNEL  : [    3.932001] TCP: Hash tables configured (established 131072 bind 65536)
01-01 00:00:03.029     1     1 I KERNEL  : [    3.939491] TCP: reno registered
01-01 00:00:03.029     1     1 I KERNEL  : [    3.943124] UDP hash table entries: 512 (order: 2, 24576 bytes)
01-01 00:00:03.039     1     1 I KERNEL  : [    3.949895] UDP-Lite hash table entries: 512 (order: 2, 24576 bytes)
01-01 00:00:03.049     1     1 I KERNEL  : [    3.957452] NET: Registered protocol family 1
01-01 00:00:03.049     1     1 I KERNEL  : [    3.962792] RPC: Registered named UNIX socket transport module.
01-01 00:00:03.059     1     1 I KERNEL  : [    3.969491] RPC: Registered udp transport module.
01-01 00:00:03.059     1     1 I KERNEL  : [    3.974767] RPC: Registered tcp transport module.
01-01 00:00:03.069     1     1 I KERNEL  : [    3.980097] RPC: Registered tcp NFSv4.1 backchannel transport module.
01-01 00:00:03.079     1     1 I KERNEL  : [    3.987472] pci 0000:00:02.0: Boot video device
01-01 00:00:03.079     1     1 I KERNEL  : [    3.992731] PCI: CLS 0 bytes, default 64
01-01 00:00:03.089     1     1 I KERNEL  : [    3.997291] Trying to unpack rootfs image as initramfs...
01-01 00:00:03.179     1     1 I KERNEL  : [    4.095075] Freeing initrd memory: 2320k freed
01-01 00:00:03.189     1     1 I KERNEL  : [    4.101419] intel_scu_ipcutil rpmsg6: Probed ipcutil rpmsg device
01-01 00:00:03.199     1     1 I KERNEL  : [    4.108303] intel_scu_ipcutil rpmsg6: Allocating rpmsg_instance
01-01 00:00:03.199     1     1 I KERNEL  : [    4.114994] ipc_read_oshob cmd failed!!
01-01 00:00:03.209     1     1 I KERNEL  : [    4.119339] Cannot init ipc module: oshob info not read
01-01 00:00:03.209     1     1 I KERNEL  : [    4.125201] intel_scu_ipcutil rpmsg6: Freeing rpmsg device
01-01 00:00:03.219     1     1 I KERNEL  : [    4.131442] intel_scu_ipcutil rpmsg6: rpmsg_dev_probe: failed: -19
01-01 00:00:03.229    37    37 I KERNEL  : [    4.144132] cryptomgr_test used greatest stack depth: 7452 bytes left
01-01 00:00:03.239    37    37 I KERNEL  : [    4.145004] accel i2c init begin...
01-01 00:00:03.239    37    37 I KERNEL  : [    4.145017] vlv_gpio_to_irq:414. 0x00000182, offset = 0x00000003.
01-01 00:00:03.249    37    37 I KERNEL  : [    4.145025] <tao>als isl29023 i2c init begin...
01-01 00:00:03.259    37    37 I KERNEL  : [    4.145036] vlv_gpio_to_irq:414. 0x00000100, offset = 0x00000003.
01-01 00:00:03.259    37    37 I KERNEL  : [    4.145079] Initializing PMC module
01-01 00:00:03.269    37    37 I KERNEL  : [    4.145359] persistent_ram: uncorrectable error in header
01-01 00:00:03.269    37    37 I KERNEL  : [    4.145368] persistent_ram: no valid data in buffer (sig = 0xd883c2e6)
01-01 00:00:03.339     1     1 I KERNEL  : [    4.254437] console [ram-1] enabled
01-01 00:00:03.349     1     1 I KERNEL  : [    4.258606] Initialise module verification
01-01 00:00:03.399     1     1 I KERNEL  : [    4.315004] highmem bounce pool size: 64 pages
01-01 00:00:03.409     1     1 I KERNEL  : [    4.320302] HugeTLB registered 4 MB page size, pre-allocated 0 pages
01-01 00:00:03.419     1     1 I KERNEL  : [    4.333308] NFS: Registering the id_resolver key type
01-01 00:00:03.429     1     1 I KERNEL  : [    4.339673] fuse init (API version 7.18)
01-01 00:00:03.429     1     1 I KERNEL  : [    4.344671] Btrfs loaded
01-01 00:00:03.439     1     1 I KERNEL  : [    4.347615] msgmni has been set to 1542
01-01 00:00:03.439     1     1 I KERNEL  : [    4.354017] Asymmetric key parser 'x509' registered
01-01 00:00:03.449     1     1 I KERNEL  : [    4.359669] Block layer SCSI generic (bsg) driver version 0.4 loaded (major 251)
01-01 00:00:03.459     1     1 I KERNEL  : [    4.368175] io scheduler noop registered
01-01 00:00:03.459     1     1 I KERNEL  : [    4.372631] io scheduler deadline registered
01-01 00:00:03.469     1     1 I KERNEL  : [    4.377514] io scheduler cfq registered (default)
01-01 00:00:03.469     1     1 I KERNEL  : [    4.383139] intel_idle: MWAIT substates: 0x33000020
01-01 00:00:03.479     1     1 I KERNEL  : [    4.388688] intel_idle: v0.4 model 0x37
01-01 00:00:03.479     1     1 I KERNEL  : [    4.393087] intel_idle: lapic_timer_reliable_states 0xffffffff
01-01 00:00:03.489     1     1 I KERNEL  : [    4.399703] intel_idle: cpuidle: target_residency[1]= 4
01-01 00:00:03.499     1     1 I KERNEL  : [    4.405700] intel_idle: cpuidle: target_residency[6]= 560
01-01 00:00:03.499     1     1 I KERNEL  : [    4.411811] intel_idle: cpuidle: target_residency[7]= 4000
01-01 00:00:03.509     1     1 I KERNEL  : [    4.418204] intel_idle: cpuidle: target_residency[8]= 8000
01-01 00:00:03.509     1     1 I KERNEL  : [    4.424637] intel_idle: cpuidle: target_residency[9]= 20000
01-01 00:00:03.519     1     1 I KERNEL  : [    4.431570] input: Power Button as /devices/LNXSYSTM:00/LNXSYBUS:00/PNP0C0C:00/input/input0
01-01 00:00:03.529     1     1 I KERNEL  : [    4.441333] ACPI: Power Button [PWRB]
01-01 00:00:03.539     1     1 I KERNEL  : [    4.446161] input: Sleep Button as /devices/LNXSYSTM:00/LNXSYBUS:00/PNP0C0E:00/input/input1
01-01 00:00:03.549     1     1 I KERNEL  : [    4.455763] ACPI: Sleep Button [SLPB]
01-01 00:00:03.549     1     1 I KERNEL  : [    4.460653] ACPI: Requesting acpi_cpufreq
01-01 00:00:03.559    58    58 I KERNEL  : [    4.467307] modprobe used greatest stack depth: 6968 bytes left
01-01 00:00:03.609     1     1 I KERNEL  : [    4.517241] intel_mid_dma 0000:00:18.0: setting latency timer to 64
01-01 00:00:03.619     1     1 I KERNEL  : [    4.529114] intel_mid_dma 0000:00:1e.0: setting latency timer to 64
01-01 00:00:03.629     1     1 I KERNEL  : [    4.540926] intel_mid_dma: dma_acpi_probe for DMA0F28
01-01 00:00:03.699     1     1 I KERNEL  : 
01-01 00:00:03.699     1     1 I KERNEL  : [    4.611059] Serial: 8250/16550 driver, 4 ports, IRQ sharing disabled
01-01 00:00:03.729     1     1 I KERNEL  : [    4.639435] serial8250: ttyS0 at I/O 0x3f8 (irq = 4) is a 16550A
01-01 00:00:03.739     1     1 I KERNEL  : [    4.648851] HSU serial 0000:00:1e.3: FUNC: 3 driver: 0 addr:50c2f000 len:1000
01-01 00:00:03.749     1     1 I KERNEL  : [    4.657288] Found a Designware HSU
01-01 00:00:03.749     1     1 I KERNEL  : [    4.661565] 0000:00:1e.3: ttyMFD0 at MMIO 0x50c2f000 (irq = 20) is a hsu_bt_port_p
01-01 00:00:03.759     1     1 I KERNEL  : [    4.670634] HSU serial 0000:00:1e.4: FUNC: 4 driver: 1 addr:50c31000 len:1000
01-01 00:00:03.769     1     1 I KERNEL  : [    4.678750] Found a Designware HSU
01-01 00:00:03.769     1     1 I KERNEL  : [    4.682841] 0000:00:1e.4: ttyMFD1 at MMIO 0x50c31000 (irq = 20) is a hsu_gps_port_p
01-01 00:00:03.779     1     1 I KERNEL  : [    4.692047] Non-volatile memory driver v1.3
01-01 00:00:03.789     1     1 I KERNEL  : [    4.697064] Linux agpgart interface v0.103
01-01 00:00:03.789     1     1 I KERNEL  : [    4.701842] [drm] Initialized drm 1.1.0 20060810
01-01 00:00:03.799     8     8 I KERNEL  : [    4.707138] vlv_gpio_to_irq:414. 0x00000100, offset = 0x0000004a.
01-01 00:00:03.799     8     8 I KERNEL  : [    4.710728] brd: module loaded
01-01 00:00:03.799     8     8 I KERNEL  : [    4.712611] loop: module loaded
01-01 00:00:03.799     8     8 I KERNEL  : [    4.712617] pti_init(966): Mip read failed (retval = -19)
01-01 00:00:03.799     8     8 I KERNEL  : [    4.712745] Android kernel panic handler initialized on partition mmcblk0p3!
01-01 00:00:03.799     8     8 I KERNEL  : [    4.712829] mei_txe 0000:00:1a.0: setting latency timer to 64
01-01 00:00:03.829     8     8 I KERNEL  : [    4.741756] vlv_update_irq_type:254. Checkpoint. reg = 0xf4c18060, value = 0x2603cc80, offset = 74.
01-01 00:00:03.829     8     8 I KERNEL  : [    4.751975] vlv_update_irq_type:254. Checkpoint. reg = 0xf4c18060, value = 0x2603cc80, offset = 74.
01-01 00:00:03.859     1     1 I KERNEL  : [    4.774518] mei_txe 0000:00:1a.0: irq 103 for MSI/MSI-X
01-01 00:00:03.919     1     1 I KERNEL  : [    4.825088] Loading pn544 driver
01-01 00:00:03.919     1     1 I KERNEL  : [    4.830257] tun: Universal TUN/TAP device driver, 1.6
01-01 00:00:03.929     1     1 I KERNEL  : [    4.836279] tun: (C) 1999-2004 Max Krasnyansky <maxk@qualcomm.com>
01-01 00:00:03.929     1     1 I KERNEL  : [    4.843851] e100: Intel(R) PRO/100 Network Driver, 3.5.24-k2-NAPI
01-01 00:00:03.939     1     1 I KERNEL  : [    4.851042] e100: Copyright(c) 1999-2006 Intel Corporation
01-01 00:00:03.949     1     1 I KERNEL  : [    4.857610] e1000: Intel(R) PRO/1000 Network Driver - version 7.3.21-k8-NAPI
01-01 00:00:03.959     1     1 I KERNEL  : [    4.865625] e1000: Copyright (c) 1999-2006 Intel Corporation.
01-01 00:00:03.959     1     1 I KERNEL  : [    4.872201] e1000e: Intel(R) PRO/1000 Network Driver - 1.9.5-k
01-01 00:00:03.969     1     1 I KERNEL  : [    4.878820] e1000e: Copyright(c) 1999 - 2012 Intel Corporation.
01-01 00:00:03.979     1     1 I KERNEL  : [    4.885677] igb: Intel(R) Gigabit Ethernet Network Driver - version 3.2.10-k
01-01 00:00:03.979     1     1 I KERNEL  : [    4.893741] igb: Copyright (c) 2007-2012 Intel Corporation.
01-01 00:00:03.989     1     1 I KERNEL  : [    4.900467] igbvf: Intel(R) Gigabit Virtual Function Network Driver - version 2.0.1-k
01-01 00:00:03.999     1     1 I KERNEL  : [    4.909388] igbvf: Copyright (c) 2009 - 2012 Intel Corporation.
01-01 00:00:04.009     1     1 I KERNEL  : [    4.916389] ixgbe: Intel(R) 10 Gigabit PCI Express Network Driver - version 3.8.21-k
01-01 00:00:04.019     1     1 I KERNEL  : [    4.925354] ixgbe: Copyright (c) 1999-2012 Intel Corporation.
01-01 00:00:04.019     1     1 I KERNEL  : [    4.931972] ixgb: Intel(R) PRO/10GbE Network Driver - version 1.0.135-k2-NAPI
01-01 00:00:04.029     1     1 I KERNEL  : [    4.940098] ixgb: Copyright (c) 1999-2008 Intel Corporation.
01-01 00:00:04.039     1     1 I KERNEL  : [    4.946659] PPP generic driver version 2.4.2
01-01 00:00:04.039     1     1 I KERNEL  : [    4.951615] PPP BSD Compression module registered
01-01 00:00:04.049     1     1 I KERNEL  : [    4.956993] PPP Deflate Compression module registered
01-01 00:00:04.059     1     1 I KERNEL  : [    4.967071] PPP MPPE Compression module registered
01-01 00:00:04.059     1     1 I KERNEL  : [    4.972506] NET: Registered protocol family 24
01-01 00:00:04.069     1     1 I KERNEL  : [    4.977837] usbcore: registered new interface driver catc
01-01 00:00:04.069     1     1 I KERNEL  : [    4.984208] usbcore: registered new interface driver kaweth
01-01 00:00:04.079     1     1 I KERNEL  : [    4.990673] pegasus: v0.6.14 (2006/09/27), Pegasus/Pegasus II USB Ethernet driver
01-01 00:00:04.089     1     1 I KERNEL  : [    4.999400] usbcore: registered new interface driver pegasus
01-01 00:00:04.099     1     1 I KERNEL  : [    5.005928] usbcore: registered new interface driver rtl8150
01-01 00:00:04.099     1     1 I KERNEL  : [    5.012326] hso: /home/alanz/worksp4android/malata_d8012/linux/kernel/drivers/net/usb/hso.c: Option Wireless
01-01 00:00:04.109     1     1 I KERNEL  : [    5.023486] usbcore: registered new interface driver hso
01-01 00:00:04.119     1     1 I KERNEL  : [    5.029546] usbcore: registered new interface driver asix
01-01 00:00:04.129     1     1 I KERNEL  : [    5.035746] usbcore: registered new interface driver cdc_ether
01-01 00:00:04.129     1     1 I KERNEL  : [    5.042366] usbcore: registered new interface driver cdc_eem
01-01 00:00:04.139     1     1 I KERNEL  : [    5.048852] usbcore: registered new interface driver dm9601
01-01 00:00:04.149     1     1 I KERNEL  : [    5.055330] usbcore: registered new interface driver smsc75xx
01-01 00:00:04.149     1     1 I KERNEL  : [    5.062182] usbcore: registered new interface driver smsc95xx
01-01 00:00:04.159     1     1 I KERNEL  : [    5.068913] usbcore: registered new interface driver gl620a
01-01 00:00:04.169     1     1 I KERNEL  : [    5.075617] usbcore: registered new interface driver net1080
01-01 00:00:04.169     1     1 I KERNEL  : [    5.082227] usbcore: registered new interface driver plusb
01-01 00:00:04.179     1     1 I KERNEL  : [    5.088796] usbcore: registered new interface driver cdc_subset
01-01 00:00:04.189     1     1 I KERNEL  : [    5.095746] usbcore: registered new interface driver zaurus
01-01 00:00:04.189     1     1 I KERNEL  : [    5.102355] usbcore: registered new interface driver MOSCHIP usb-ethernet driver
01-01 00:00:04.199     1     1 I KERNEL  : [    5.110979] usbcore: registered new interface driver int51x1
01-01 00:00:04.209     1     1 I KERNEL  : [    5.117644] usbcore: registered new interface driver ipheth
01-01 00:00:04.209     1     1 I KERNEL  : [    5.124155] usbcore: registered new interface driver sierra_net
01-01 00:00:04.219     1     1 I KERNEL  : [    5.131204] usbcore: registered new interface driver cdc_ncm
01-01 00:00:04.229     1     1 I KERNEL  : [    5.134664] Refined TSC clocksource calibration: 1333.333 MHz.
01-01 00:00:04.229     1     1 I KERNEL  : [    5.134694] Switching to clocksource tsc
01-01 00:00:04.244     1     1 I KERNEL  : [    5.149165] usbcore: registered new interface driver pnwotg_test
01-01 00:00:04.244     1     1 I KERNEL  : [    5.156079] dwc_otg3 0000:00:16.0: setting latency timer to 64
01-01 00:00:04.274     1     1 I KERNEL  : [    5.193653] ehci_hcd: USB 2.0 'Enhanced' Host Controller (EHCI) Driver
01-01 00:00:04.284     1     1 I KERNEL  : [    5.201092] ehci_hcd: block sizes: qh 64 qtd 96 itd 160 sitd 96
01-01 00:00:04.294     1     1 I KERNEL  : [    5.207984] xhci_hcd 0000:00:14.0: setting latency timer to 64
01-01 00:00:04.304     1     1 I KERNEL  : [    5.214616] xhci_hcd 0000:00:14.0: xHCI Host Controller
01-01 00:00:04.304     1     1 I KERNEL  : [    5.220653] xhci_hcd 0000:00:14.0: new USB bus registered, assigned bus number 1
01-01 00:00:04.324     1     1 I KERNEL  : [    5.229669] xhci_hcd 0000:00:14.0: cache line size of 64 is not supported
01-01 00:00:04.324     1     1 I KERNEL  : [    5.237622] xhci_hcd 0000:00:14.0: supports USB remote wakeup
01-01 00:00:04.324     1     1 I KERNEL  : [    5.244352] xhci_hcd 0000:00:14.0: irq 104 for MSI/MSI-X
01-01 00:00:04.344     1     1 I KERNEL  : [    5.250858] usb usb1: default language 0x0409
01-01 00:00:04.344     1     1 I KERNEL  : [    5.255839] usb usb1: udev 1, busnum 1, minor = 0
01-01 00:00:04.344     1     1 I KERNEL  : [    5.261214] usb usb1: New USB device found, idVendor=1d6b, idProduct=0002
01-01 00:00:04.354     1     1 I KERNEL  : [    5.268889] usb usb1: New USB device strings: Mfr=3, Product=2, SerialNumber=1
01-01 00:00:04.364     1     1 I KERNEL  : [    5.277089] usb usb1: Product: xHCI Host Controller
01-01 00:00:04.364     1     1 I KERNEL  : [    5.282601] usb usb1: Manufacturer: Linux 3.4.43-g59c82eb-dirty xhci_hcd
01-01 00:00:04.384     1     1 I KERNEL  : [    5.290234] usb usb1: SerialNumber: 0000:00:14.0
01-01 00:00:04.384     1     1 I KERNEL  : [    5.295912] usb usb1: usb_probe_device
01-01 00:00:04.384     1     1 I KERNEL  : [    5.300408] usb usb1: configuration #1 chosen from 1 choice
01-01 00:00:04.394     1     1 I KERNEL  : [    5.306881] xHCI xhci_add_endpoint called for root hub
01-01 00:00:04.394     1     1 I KERNEL  : [    5.312780] xHCI xhci_check_bandwidth called for root hub
01-01 00:00:04.414     1     1 I KERNEL  : [    5.319238] usb usb1: adding 1-0:1.0 (config #1, interface 0)
01-01 00:00:04.414     1     1 I KERNEL  : [    5.325868] hub 1-0:1.0: usb_probe_interface
01-01 00:00:04.414     1     1 I KERNEL  : [    5.330759] hub 1-0:1.0: usb_probe_interface - got id
01-01 00:00:04.424     1     1 I KERNEL  : [    5.336496] hub 1-0:1.0: USB hub found
01-01 00:00:04.424     1     1 I KERNEL  : [    5.340821] hub 1-0:1.0: 6 ports detected
01-01 00:00:04.434     1     1 I KERNEL  : [    5.345409] hub 1-0:1.0: standalone hub
01-01 00:00:04.434     1     1 I KERNEL  : [    5.349846] hub 1-0:1.0: no power switching (usb 1.0)
01-01 00:00:04.444     1     1 I KERNEL  : [    5.355847] hub 1-0:1.0: individual port over-current protection
01-01 00:00:04.444     1     1 I KERNEL  : [    5.362716] hub 1-0:1.0: Single TT
01-01 00:00:04.454     1     1 I KERNEL  : [    5.366873] hub 1-0:1.0: TT requires at most 8 FS bit times (666 ns)
01-01 00:00:04.454     1     1 I KERNEL  : [    5.374129] hub 1-0:1.0: power on to power good time: 20ms
01-01 00:00:04.474     1     1 I KERNEL  : [    5.380674] hub 1-0:1.0: local power source is good
01-01 00:00:04.474     1     1 I KERNEL  : [    5.386265] hub 1-0:1.0: trying to enable port power on non-switchable hub
01-01 00:00:04.534     1     1 I KERNEL  : [    5.444308] xhci_hcd 0000:00:14.0: xHCI Host Controller
01-01 00:00:04.534     1     1 I KERNEL  : [    5.450229] xhci_hcd 0000:00:14.0: new USB bus registered, assigned bus number 2
01-01 00:00:04.544     1     1 I KERNEL  : [    5.458632] xhci_hcd 0000:00:14.0: supports USB remote wakeup
01-01 00:00:04.554     1     1 I KERNEL  : [    5.465167] usb usb2: skipped 1 descriptor after endpoint
01-01 00:00:04.554     1     1 I KERNEL  : [    5.471322] usb usb2: default language 0x0409
01-01 00:00:04.564     1     1 I KERNEL  : [    5.476312] usb usb2: udev 1, busnum 2, minor = 128
01-01 00:00:04.564     1     1 I KERNEL  : [    5.482046] usb usb2: New USB device found, idVendor=1d6b, idProduct=0003
01-01 00:00:04.574     1     1 I KERNEL  : [    5.484278] hub 1-0:1.0: state 7 ports 6 chg 0000 evt 0000
01-01 00:00:04.584     1     1 I KERNEL  : [    5.496279] usb usb2: New USB device strings: Mfr=3, Product=2, SerialNumber=1
01-01 00:00:04.594     1     1 I KERNEL  : [    5.504544] usb usb2: Product: xHCI Host Controller
01-01 00:00:04.594     1     1 I KERNEL  : [    5.510212] usb usb2: Manufacturer: Linux 3.4.43-g59c82eb-dirty xhci_hcd
01-01 00:00:04.604     1     1 I KERNEL  : [    5.517964] usb usb2: SerialNumber: 0000:00:14.0
01-01 00:00:04.604     1     1 I KERNEL  : [    5.523443] usb usb2: usb_probe_device
01-01 00:00:04.614     1     1 I KERNEL  : [    5.527731] usb usb2: configuration #1 chosen from 1 choice
01-01 00:00:04.624     1     1 I KERNEL  : [    5.534082] xHCI xhci_add_endpoint called for root hub
01-01 00:00:04.624     1     1 I KERNEL  : [    5.539892] xHCI xhci_check_bandwidth called for root hub
01-01 00:00:04.634     1     1 I KERNEL  : [    5.546037] usb usb2: adding 2-0:1.0 (config #1, interface 0)
01-01 00:00:04.634     1     1 I KERNEL  : [    5.552971] hub 2-0:1.0: usb_probe_interface
01-01 00:00:04.644     1     1 I KERNEL  : [    5.557974] hub 2-0:1.0: usb_probe_interface - got id
01-01 00:00:04.644     1     1 I KERNEL  : [    5.563840] hub 2-0:1.0: USB hub found
01-01 00:00:04.654     1     1 I KERNEL  : [    5.568285] hub 2-0:1.0: 1 port detected
01-01 00:00:04.654     1     1 I KERNEL  : [    5.572839] hub 2-0:1.0: standalone hub
01-01 00:00:04.664     1     1 I KERNEL  : [    5.577524] hub 2-0:1.0: no power switching (usb 1.0)
01-01 00:00:04.664     1     1 I KERNEL  : [    5.583301] hub 2-0:1.0: individual port over-current protection
01-01 00:00:04.684     1     1 I KERNEL  : [    5.590149] hub 2-0:1.0: TT requires at most 8 FS bit times (666 ns)
01-01 00:00:04.684     1     1 I KERNEL  : [    5.597341] hub 2-0:1.0: power on to power good time: 20ms
01-01 00:00:04.684     1     1 I KERNEL  : [    5.603596] hub 2-0:1.0: local power source is good
01-01 00:00:04.704     1     1 I KERNEL  : [    5.609150] hub 2-0:1.0: trying to enable port power on non-switchable hub
01-01 00:00:04.754     1     1 I KERNEL  : [    5.664245] usbcore: registered new interface driver cdc_acm
01-01 00:00:04.754     1     1 I KERNEL  : [    5.670753] cdc_acm: USB Abstract Control Model driver for USB modems and ISDN adapters
01-01 00:00:04.774     1     1 I KERNEL  : [    5.680052] Initializing USB Mass Storage driver...
01-01 00:00:04.774     1     1 I KERNEL  : [    5.685915] usbcore: registered new interface driver usb-storage
01-01 00:00:04.774     1     1 I KERNEL  : [    5.692750] USB Mass Storage support registered.
01-01 00:00:04.784     1     1 I KERNEL  : [    5.698311] usbcore: registered new interface driver libusual
01-01 00:00:04.794     1     1 I KERNEL  : [    5.704882] usbcore: registered new interface driver ums-sddr09
01-01 00:00:04.794     1     1 I KERNEL  : [    5.711588] usbcore: registered new interface driver ums-sddr55
01-01 00:00:04.804     1     1 I KERNEL  : [    5.713885] hub 2-0:1.0: state 7 ports 1 chg 0000 evt 0000
01-01 00:00:04.814     1     1 I KERNEL  : [    5.724606] usbcore: registered new interface driver usbserial
01-01 00:00:04.814     1     1 I KERNEL  : [    5.731411] usbserial: USB Serial Driver core
01-01 00:00:04.824     1     1 I KERNEL  : [    5.736600] usbcore: registered new interface driver option
01-01 00:00:04.824     1     1 I KERNEL  : [    5.743088] USB Serial support registered for GSM modem (1-port)
01-01 00:00:04.844     1     1 I KERNEL  : [    5.750140] /home/alanz/worksp4android/malata_d8012/linux/kernel/drivers/usb/serial/usi_modem_ctrl.c: usi_modem_ioctrl_init, entry
01-01 00:00:04.844     1     1 I KERNEL  : [    5.750153] 
01-01 00:00:04.854     1     1 I KERNEL  : [    5.765722] /home/alanz/worksp4android/malata_d8012/linux/kernel/drivers/usb/serial/usi_modem_ctrl.c: usi_modem_ioctrl_probe, entry
01-01 00:00:04.854     1     1 I KERNEL  : [    5.765727] 
01-01 00:00:04.874     1     1 I KERNEL  : [    5.780864] vlv_gpio_to_irq:414. 0x00000182, offset = 0x00000016.
01-01 00:00:04.874     1     1 I KERNEL  : [    5.787795] /home/alanz/worksp4android/malata_d8012/linux/kernel/drivers/usb/serial/usi_modem_ctrl.c: No such Modem device: /dev/ttyUSB1 /dev/ttyACM1
01-01 00:00:04.874     1     1 I KERNEL  : [    5.787799] 
01-01 00:00:04.894     1     1 I KERNEL  : [    5.804627] /home/alanz/worksp4android/malata_d8012/linux/kernel/drivers/usb/serial/usi_modem_ctrl.c: init_chrdev, entry
01-01 00:00:04.894     1     1 I KERNEL  : [    5.804631] 
01-01 00:00:04.914     1     1 I KERNEL  : [    5.818804] mousedev: PS/2 mouse device common for all mice
01-01 00:00:04.914     1     1 I KERNEL  : [    5.825843] kionix accel driver init...
01-01 00:00:04.914     1     1 I KERNEL  : [    5.830803] rtc_cmos 00:00: RTC can wake from S4
01-01 00:00:04.924     1     1 I KERNEL  : [    5.836755] using rtc device, rtc_cmos, for alarms
01-01 00:00:04.924     1     1 I KERNEL  : 
01-01 00:00:04.924     1     1 I KERNEL  : [    5.842158] rtc_cmos 00:00: rtc core: registered rtc_cmos as rtc0
01-01 00:00:04.934     1     1 I KERNEL  : [    5.849759] rtc0: alarms up to one month, y3k, 242 bytes nvram
01-01 00:00:04.944     1     1 I KERNEL  : [    5.856631] rtc_mrst rpmsg10: Probed vrtc_mrst rpmsg device
01-01 00:00:04.944     1     1 I KERNEL  : [    5.863079] rtc_mrst rpmsg10: Allocating rpmsg_instance
01-01 00:00:04.964     1     1 I KERNEL  : [    5.869321] i2c /dev entries driver
01-01 00:00:04.964     1     1 I KERNEL  : [    5.873994] i2c i2c-1: Scan devices on i2c-1
01-01 00:00:04.964     1     1 I KERNEL  : [    5.878860] i2c i2c-1: 	Check next device ...
01-01 00:00:04.974     1     1 I KERNEL  : 
01-01 00:00:04.974     1     1 I KERNEL  : [    5.883612] i2c i2c-1: 	MAX17047:00
01-01 00:00:04.974     1     1 I KERNEL  : [    5.888269] i2c i2c-1: I2C speed get from acpi is 100KHz
01-01 00:00:04.984     1     1 I KERNEL  : [    5.894393] i2c i2c-1: 		slave_addr 0x55, irq -1
01-01 00:00:04.984     1     1 I KERNEL  : [    5.899671] i2c i2c-1: Failed to register i2c client MAX17047:00 at 0x55 (-16)
01-01 00:00:04.994     1     1 I KERNEL  : [    5.907848] i2c i2c-1: failed to add MAX17047:00
01-01 00:00:04.994     1     1 I KERNEL  : [    5.913309] i2c i2c-1: 	Check next device ...
01-01 00:00:05.014     1     1 I KERNEL  : 
01-01 00:00:05.014     1     1 I KERNEL  : [    5.918258] i2c i2c-1: 	SMB0349:00
01-01 00:00:05.014     1     1 I KERNEL  : [    5.923069] i2c i2c-1: I2C speed get from acpi is 100KHz
01-01 00:00:05.024     1     1 I KERNEL  : [    5.929376] i2c i2c-1: 		slave_addr 0x6b, irq -1
01-01 00:00:05.024     1     1 I KERNEL  : [    5.934740] i2c i2c-1: Failed to register i2c client SMB0349:00 at 0x6b (-16)
01-01 00:00:05.024     1     1 I KERNEL  : [    5.942927] i2c i2c-1: failed to add SMB0349:00
01-01 00:00:05.044     1     1 I KERNEL  : [    5.948268] i2c i2c-1: 	Check next device ...
01-01 00:00:05.044     1     1 I KERNEL  : 
01-01 00:00:05.044     1     1 I KERNEL  : [    5.953125] i2c i2c-1: 	 err -19
01-01 00:00:05.044     1     1 I KERNEL  : [    5.960886] i2c i2c-2: Scan devices on i2c-2
01-01 00:00:05.054     1     1 I KERNEL  : [    5.965751] i2c i2c-2: 	Check next device ...
01-01 00:00:05.054     1     1 I KERNEL  : 
01-01 00:00:05.054     1     1 I KERNEL  : [    5.970540] i2c i2c-2: 	10EC5640:00
01-01 00:00:05.064     1     1 I KERNEL  : [    5.975313] i2c i2c-2: I2C speed get from acpi is 400KHz
